******************************************************************************
                  TI ARM Linker PC v20.2.7                     
******************************************************************************
>> Linked Tue Feb 20 13:55:35 2024

OUTPUT FILE NAME:   <Lab5.out>
ENTRY POINT SYMBOL: "_c_int00_noargs"  address: 000026b5


MEMORY CONFIGURATION

         name            origin    length      used     unused   attr    fill
----------------------  --------  ---------  --------  --------  ----  --------
  FLASH                 00000000   00020000  000029cd  0001d633  R  X
  SRAM                  20000000   00008000  000012ca  00006d36  RW X


SEGMENT ALLOCATION MAP

run origin  load origin   length   init length attrs members
----------  ----------- ---------- ----------- ----- -------
00000000    00000000    000029d0   000029d0    r-x
  00000000    00000000    0000026c   0000026c    r-- .intvecs
  0000026c    0000026c    00002618   00002618    r-x .text
  00002884    00002884    00000109   00000109    r-- .const
  00002990    00002990    00000040   00000040    r-- .cinit
20000000    20000000    000012ce   00000000    rw-
  20000000    20000000    0000026c   00000000    rw- .vtable
  20000270    20000270    00001000   00000000    rw- .stack
  20001270    20001270    00000058   00000000    rw- .bss
  200012c8    200012c8    00000006   00000000    rw- .data


SECTION ALLOCATION MAP

 output                                  attributes/
section   page    origin      length       input sections
--------  ----  ----------  ----------   ----------------
.intvecs   0    00000000    0000026c     
                  00000000    0000026c     tm4c123ge6pm_startup_ccs.obj (.intvecs)

.text      0    0000026c    00002618     
                  0000026c    00000a4e     rtsv7M4_T_le_v4SPD16_eabi.lib : _printfi.c.obj (.text:__TI_printfi)
                  00000cba    00000002                                   : div0.asm.obj (.text)
                  00000cbc    00000328     lcd.obj (.text)
                  00000fe4    00000270     rtsv7M4_T_le_v4SPD16_eabi.lib : _printfi.c.obj (.text:_pconv_a)
                  00001254    00000248     Timer.obj (.text)
                  0000149c    000001d0     rtsv7M4_T_le_v4SPD16_eabi.lib : _printfi.c.obj (.text:_pconv_g)
                  0000166c    000001b6                                   : fd_add_t2.asm.obj (.text)
                  00001822    00000002     --HOLE-- [fill = 0]
                  00001824    0000013c                                   : _printfi.c.obj (.text:_pconv_e)
                  00001960    00000136                                   : fd_div_t2.asm.obj (.text)
                  00001a96    00000002     --HOLE-- [fill = 0]
                  00001a98    00000124                                   : _printfi.c.obj (.text:fcvt)
                  00001bbc    00000120     uart.obj (.text)
                  00001cdc    00000110     rtsv7M4_T_le_v4SPD16_eabi.lib : s_scalbn.c.obj (.text:scalbn)
                  00001dec    000000fc                                   : fd_mul_t2.asm.obj (.text)
                  00001ee8    000000b1                                   : _printfi.c.obj (.text:_ltostr)
                  00001f99    00000003     --HOLE-- [fill = 0]
                  00001f9c    0000009c     button.obj (.text)
                  00002038    0000009c     rtsv7M4_T_le_v4SPD16_eabi.lib : memcpy_t2.asm.obj (.text)
                  000020d4    00000096                                   : ull_div_t2.asm.obj (.text)
                  0000216a    00000086                                   : fd_cmp_t2.asm.obj (.text:__aeabi_cdcmple)
                  000021f0    00000086                                   : fd_cmp_t2.asm.obj (.text:__aeabi_cdrcmple)
                  00002276    0000007a                                   : memset_t2.asm.obj (.text)
                  000022f0    0000006e                                   : _printfi.c.obj (.text:_mcpy)
                  0000235e    00000068                                   : copy_decompress_lzss.c.obj (.text:decompress:lzss:__TI_decompress_lzss)
                  000023c6    00000002     --HOLE-- [fill = 0]
                  000023c8    00000064                                   : s_frexp.c.obj (.text:frexp)
                  0000242c    00000056                                   : _printfi.c.obj (.text:_pconv_f)
                  00002482    00000054                                   : _ltoa.c.obj (.text:__TI_ltoa)
                  000024d6    00000052                                   : _printfi.c.obj (.text:_ecpy)
                  00002528    0000004c                                   : atoi.c.obj (.text:atoi)
                  00002574    00000048                                   : fd_toi_t2.asm.obj (.text)
                  000025bc    00000044                                   : autoinit.c.obj (.text:__TI_auto_init_nobinit_nopinit:__TI_auto_init_nobinit_nopinit)
                  00002600    00000040                                   : vsnprintf.c.obj (.text:vsnprintf)
                  00002640    0000003e                                   : _printfi.c.obj (.text:_fcpy)
                  0000267e    00000002     --HOLE-- [fill = 0]
                  00002680    00000034     driverlib.lib : interrupt.obj (.text:IntRegister)
                  000026b4    00000034     rtsv7M4_T_le_v4SPD16_eabi.lib : boot_cortex_m.c.obj (.text:_c_int00_noargs:_c_int00_noargs)
                  000026e8    00000032     lab5_template.obj (.text)
                  0000271a    00000030     rtsv7M4_T_le_v4SPD16_eabi.lib : vsnprintf.c.obj (.text:_outs)
                  0000274a    0000002e                                   : i_tofd_t2.asm.obj (.text)
                  00002778    0000001c                                   : copy_zero_init.c.obj (.text:decompress:ZI:__TI_zero_init_nomemset:__TI_zero_init_nomemset)
                  00002794    0000001c                                   : memccpy.c.obj (.text:memccpy)
                  000027b0    0000001a                                   : s_copysign.c.obj (.text:copysign)
                  000027ca    00000018                                   : vsnprintf.c.obj (.text:_outc)
                  000027e2    00000018                                   : strcmp.c.obj (.text:strcmp)
                  000027fa    00000016                                   : strchr.c.obj (.text:strchr)
                  00002810    00000014                                   : strcpy.c.obj (.text:strcpy)
                  00002824    00000014                                   : strlen.c.obj (.text:strlen)
                  00002838    00000012                                   : wcslen.c.obj (.text:wcslen)
                  0000284a    00000010     lcd.obj (.text:lcd_clear)
                  0000285a    0000000e     rtsv7M4_T_le_v4SPD16_eabi.lib : copy_decompress_none.c.obj (.text:decompress:none:__TI_decompress_none)
                  00002868    0000000c     tm4c123ge6pm_startup_ccs.obj (.text)
                  00002874    00000008     rtsv7M4_T_le_v4SPD16_eabi.lib : errno.c.obj (.text:__aeabi_errno_addr)
                  0000287c    00000004                                   : pre_init.c.obj (.text:_system_pre_init)
                  00002880    00000004                                   : exit.c.obj (.text:abort:abort)

.const     0    00002884    00000109     
                  00002884    00000101     rtsv7M4_T_le_v4SPD16_eabi.lib : ctype.c.obj (.const:.string:_ctypes_)
                  00002985    00000004     lcd.obj (.const:.string:lineAddress$1)
                  00002989    00000004     lcd.obj (.const:.string:lineAddresses$2)

.cinit     0    00002990    00000040     
                  00002990    0000000c     (__TI_handler_table)
                  0000299c    00000004     --HOLE-- [fill = 0]
                  000029a0    00000008     (.cinit..bss.load) [load image, compression = zero_init]
                  000029a8    00000008     (.cinit..vtable.load) [load image, compression = zero_init]
                  000029b0    00000007     (.cinit..data.load) [load image, compression = lzss]
                  000029b7    00000001     --HOLE-- [fill = 0]
                  000029b8    00000018     (__TI_cinit_table)

.init_array 
*          0    00000000    00000000     UNINITIALIZED

.vtable    0    20000000    0000026c     UNINITIALIZED
                  20000000    0000026c     driverlib.lib : interrupt.obj (.vtable)

.bss       0    20001270    00000058     UNINITIALIZED
                  20001270    00000054     lcd.obj (.bss:lastbuffer$3)
                  200012c4    00000004     (.common:_timeout_ticks)

.data      0    200012c8    00000006     UNINITIALIZED
                  200012c8    00000004     rtsv7M4_T_le_v4SPD16_eabi.lib : errno.c.obj (.data)
                  200012cc    00000001     Timer.obj (.data)
                  200012cd    00000001     button.obj (.data)

.stack     0    20000270    00001000     UNINITIALIZED
                  20000270    00000004     rtsv7M4_T_le_v4SPD16_eabi.lib : boot_cortex_m.c.obj (.stack)
                  20000274    00000ffc     --HOLE--

__llvm_prf_cnts 
*          0    20000000    00000000     UNINITIALIZED

MODULE SUMMARY

       Module                         code   ro data   rw data
       ------                         ----   -------   -------
    .\
       lcd.obj                        824    8         84     
       tm4c123ge6pm_startup_ccs.obj   12     620       0      
       Timer.obj                      584    0         5      
       uart.obj                       288    0         0      
       button.obj                     156    0         1      
       lab5_template.obj              50     0         0      
    +--+------------------------------+------+---------+---------+
       Total:                         1914   628       90     
                                                              
    C:/ti/TivaWare_C_Series-2.2.0.295/driverlib/ccs/Debug/driverlib.lib
       interrupt.obj                  52     0         620    
    +--+------------------------------+------+---------+---------+
       Total:                         52     0         620    
                                                              
    C:\ti\ccs1230\ccs\tools\compiler\ti-cgt-arm_20.2.7.LTS\lib\rtsv7M4_T_le_v4SPD16_eabi.lib
       _printfi.c.obj                 4851   0         0      
       fd_add_t2.asm.obj              438    0         0      
       fd_div_t2.asm.obj              310    0         0      
       s_scalbn.c.obj                 272    0         0      
       fd_cmp_t2.asm.obj              268    0         0      
       ctype.c.obj                    0      257       0      
       fd_mul_t2.asm.obj              252    0         0      
       memcpy_t2.asm.obj              156    0         0      
       ull_div_t2.asm.obj             150    0         0      
       vsnprintf.c.obj                136    0         0      
       memset_t2.asm.obj              122    0         0      
       copy_decompress_lzss.c.obj     104    0         0      
       s_frexp.c.obj                  100    0         0      
       _ltoa.c.obj                    84     0         0      
       atoi.c.obj                     76     0         0      
       fd_toi_t2.asm.obj              72     0         0      
       autoinit.c.obj                 68     0         0      
       boot_cortex_m.c.obj            52     0         0      
       i_tofd_t2.asm.obj              46     0         0      
       copy_zero_init.c.obj           28     0         0      
       memccpy.c.obj                  28     0         0      
       s_copysign.c.obj               26     0         0      
       strcmp.c.obj                   24     0         0      
       strchr.c.obj                   22     0         0      
       strcpy.c.obj                   20     0         0      
       strlen.c.obj                   20     0         0      
       wcslen.c.obj                   18     0         0      
       copy_decompress_none.c.obj     14     0         0      
       errno.c.obj                    8      0         4      
       exit.c.obj                     4      0         0      
       pre_init.c.obj                 4      0         0      
       div0.asm.obj                   2      0         0      
    +--+------------------------------+------+---------+---------+
       Total:                         7775   257       4      
                                                              
       Stack:                         0      0         4096   
       Linker Generated:              0      59        0      
    +--+------------------------------+------+---------+---------+
       Grand Total:                   9741   944       4810   


LINKER GENERATED COPY TABLES

__TI_cinit_table @ 000029b8 records: 3, size/record: 8, table size: 24
	.bss: load addr=000029a0, load size=00000008 bytes, run addr=20001270, run size=00000058 bytes, compression=zero_init
	.vtable: load addr=000029a8, load size=00000008 bytes, run addr=20000000, run size=0000026c bytes, compression=zero_init
	.data: load addr=000029b0, load size=00000007 bytes, run addr=200012c8, run size=00000006 bytes, compression=lzss


LINKER GENERATED HANDLER TABLE

__TI_handler_table @ 00002990 records: 3, size/record: 4, table size: 12
	index: 0, handler: __TI_zero_init
	index: 1, handler: __TI_decompress_lzss
	index: 2, handler: __TI_decompress_none


GLOBAL SYMBOLS: SORTED ALPHABETICALLY BY Name 

address   name                          
-------   ----                          
00002881  C$$EXIT                       
00002681  IntRegister                   
00002869  ResetISR                      
20001270  __STACK_END                   
00001000  __STACK_SIZE                  
20000470  __STACK_TOP                   
000029b8  __TI_CINIT_Base               
000029d0  __TI_CINIT_Limit              
00002990  __TI_Handler_Table_Base       
0000299c  __TI_Handler_Table_Limit      
000025bd  __TI_auto_init_nobinit_nopinit
0000235f  __TI_decompress_lzss          
0000285b  __TI_decompress_none          
00002483  __TI_ltoa                     
ffffffff  __TI_pprof_out_hndl           
0000026d  __TI_printfi                  
ffffffff  __TI_prof_data_size           
ffffffff  __TI_prof_data_start          
00000000  __TI_static_base__            
00002779  __TI_zero_init_nomemset       
0000216b  __aeabi_cdcmpeq               
0000216b  __aeabi_cdcmple               
000021f1  __aeabi_cdrcmple              
00002575  __aeabi_d2iz                  
00001677  __aeabi_dadd                  
00001961  __aeabi_ddiv                  
00001ded  __aeabi_dmul                  
0000166d  __aeabi_dsub                  
00002875  __aeabi_errno_addr            
0000274b  __aeabi_i2d                   
00000cbb  __aeabi_idiv0                 
00000cbb  __aeabi_ldiv0                 
00002277  __aeabi_memclr                
00002277  __aeabi_memclr4               
00002277  __aeabi_memclr8               
00002039  __aeabi_memcpy                
00002039  __aeabi_memcpy4               
00002039  __aeabi_memcpy8               
00002279  __aeabi_memset                
00002279  __aeabi_memset4               
00002279  __aeabi_memset8               
000020d5  __aeabi_uldivmod              
ffffffff  __binit__                     
ffffffff  __c_args__                    
UNDEFED   __mpu_init                    
20000270  __stack                       
20000000  __start___llvm_prf_cnts       
20000000  __stop___llvm_prf_cnts        
000026b5  _c_int00_noargs               
00002884  _ctypes_                      
200012cc  _running                      
UNDEFED   _system_post_cinit            
0000287d  _system_pre_init              
200012c4  _timeout_ticks                
00002881  abort                         
00002529  atoi                          
ffffffff  binit                         
00001fd1  button_getButton              
00001f9d  button_init                   
000027b1  copysign                      
000027b1  copysignl                     
200012c8  errno                         
000023c9  frexp                         
000023c9  frexpl                        
20000000  g_pfnRAMVectors               
00000000  g_pfnVectors                  
0000284b  lcd_clear                     
00000e91  lcd_gotoLine                  
00000cf9  lcd_init                      
00000ef7  lcd_printf                    
00000db9  lcd_putc                      
00000df1  lcd_puts                      
00000cbd  lcd_reverseNibble             
00000e0f  lcd_sendCommand               
00000e4d  lcd_sendNibble                
00000eb9  lcd_setCursorPos              
00001cdd  ldexp                         
00001cdd  ldexpl                        
000026e9  main                          
00002795  memccpy                       
00002039  memcpy                        
0000227f  memset                        
00001cdd  scalbn                        
00001cdd  scalbnl                       
000027fb  strchr                        
000027e3  strcmp                        
00002811  strcpy                        
00002825  strlen                        
00001373  timer_getMicros               
0000131b  timer_getMillis               
00001255  timer_init                    
000012f7  timer_pause                   
00001309  timer_resume                  
000012cd  timer_stop                    
000013cd  timer_waitMicros              
000013ff  timer_waitMillis              
00001bbd  uart_init                     
00001c57  uart_receive                  
00001c3b  uart_sendChar                 
00001c7d  uart_sendStr                  
00002601  vsnprintf                     
00002839  wcslen                        


GLOBAL SYMBOLS: SORTED BY Symbol Address 

address   name                          
-------   ----                          
00000000  __TI_static_base__            
00000000  g_pfnVectors                  
0000026d  __TI_printfi                  
00000cbb  __aeabi_idiv0                 
00000cbb  __aeabi_ldiv0                 
00000cbd  lcd_reverseNibble             
00000cf9  lcd_init                      
00000db9  lcd_putc                      
00000df1  lcd_puts                      
00000e0f  lcd_sendCommand               
00000e4d  lcd_sendNibble                
00000e91  lcd_gotoLine                  
00000eb9  lcd_setCursorPos              
00000ef7  lcd_printf                    
00001000  __STACK_SIZE                  
00001255  timer_init                    
000012cd  timer_stop                    
000012f7  timer_pause                   
00001309  timer_resume                  
0000131b  timer_getMillis               
00001373  timer_getMicros               
000013cd  timer_waitMicros              
000013ff  timer_waitMillis              
0000166d  __aeabi_dsub                  
00001677  __aeabi_dadd                  
00001961  __aeabi_ddiv                  
00001bbd  uart_init                     
00001c3b  uart_sendChar                 
00001c57  uart_receive                  
00001c7d  uart_sendStr                  
00001cdd  ldexp                         
00001cdd  ldexpl                        
00001cdd  scalbn                        
00001cdd  scalbnl                       
00001ded  __aeabi_dmul                  
00001f9d  button_init                   
00001fd1  button_getButton              
00002039  __aeabi_memcpy                
00002039  __aeabi_memcpy4               
00002039  __aeabi_memcpy8               
00002039  memcpy                        
000020d5  __aeabi_uldivmod              
0000216b  __aeabi_cdcmpeq               
0000216b  __aeabi_cdcmple               
000021f1  __aeabi_cdrcmple              
00002277  __aeabi_memclr                
00002277  __aeabi_memclr4               
00002277  __aeabi_memclr8               
00002279  __aeabi_memset                
00002279  __aeabi_memset4               
00002279  __aeabi_memset8               
0000227f  memset                        
0000235f  __TI_decompress_lzss          
000023c9  frexp                         
000023c9  frexpl                        
00002483  __TI_ltoa                     
00002529  atoi                          
00002575  __aeabi_d2iz                  
000025bd  __TI_auto_init_nobinit_nopinit
00002601  vsnprintf                     
00002681  IntRegister                   
000026b5  _c_int00_noargs               
000026e9  main                          
0000274b  __aeabi_i2d                   
00002779  __TI_zero_init_nomemset       
00002795  memccpy                       
000027b1  copysign                      
000027b1  copysignl                     
000027e3  strcmp                        
000027fb  strchr                        
00002811  strcpy                        
00002825  strlen                        
00002839  wcslen                        
0000284b  lcd_clear                     
0000285b  __TI_decompress_none          
00002869  ResetISR                      
00002875  __aeabi_errno_addr            
0000287d  _system_pre_init              
00002881  C$$EXIT                       
00002881  abort                         
00002884  _ctypes_                      
00002990  __TI_Handler_Table_Base       
0000299c  __TI_Handler_Table_Limit      
000029b8  __TI_CINIT_Base               
000029d0  __TI_CINIT_Limit              
20000000  __start___llvm_prf_cnts       
20000000  __stop___llvm_prf_cnts        
20000000  g_pfnRAMVectors               
20000270  __stack                       
20000470  __STACK_TOP                   
20001270  __STACK_END                   
200012c4  _timeout_ticks                
200012c8  errno                         
200012cc  _running                      
ffffffff  __TI_pprof_out_hndl           
ffffffff  __TI_prof_data_size           
ffffffff  __TI_prof_data_start          
ffffffff  __binit__                     
ffffffff  __c_args__                    
ffffffff  binit                         
UNDEFED   __mpu_init                    
UNDEFED   _system_post_cinit            

[102 symbols]
