******************************************************************************
                  TI ARM Linker PC v20.2.7                     
******************************************************************************
>> Linked Fri Mar 29 14:20:26 2024

OUTPUT FILE NAME:   <lab9.out>
ENTRY POINT SYMBOL: "_c_int00_noargs"  address: 000028bd


MEMORY CONFIGURATION

         name            origin    length      used     unused   attr    fill
----------------------  --------  ---------  --------  --------  ----  --------
  FLASH                 00000000   00020000  00002be1  0001d41f  R  X
  SRAM                  20000000   00008000  000022d8  00005d28  RW X


SEGMENT ALLOCATION MAP

run origin  load origin   length   init length attrs members
----------  ----------- ---------- ----------- ----- -------
00000000    00000000    00002be8   00002be8    r-x
  00000000    00000000    0000026c   0000026c    r-- .intvecs
  0000026c    0000026c    0000282c   0000282c    r-x .text
  00002a98    00002a98    00000109   00000109    r-- .const
  00002ba8    00002ba8    00000040   00000040    r-- .cinit
20000000    20000000    000022dc   00000000    rw-
  20000000    20000000    0000026c   00000000    rw- .vtable
  20000270    20000270    00001000   00000000    rw- .stack
  20001270    20001270    00001000   00000000    rw- .sysmem
  20002270    20002270    00000058   00000000    rw- .bss
  200022c8    200022c8    00000014   00000000    rw- .data


SECTION ALLOCATION MAP

 output                                  attributes/
section   page    origin      length       input sections
--------  ----  ----------  ----------   ----------------
.intvecs   0    00000000    0000026c     
                  00000000    0000026c     tm4c123ge6pm_startup_ccs.obj (.intvecs)

.text      0    0000026c    0000282c     
                  0000026c    00000a4e     rtsv7M4_T_le_v4SPD16_eabi.lib : _printfi.c.obj (.text:__TI_printfi)
                  00000cba    00000002                                   : div0.asm.obj (.text)
                  00000cbc    00000328     lcd.obj (.text)
                  00000fe4    000002c8     ping.obj (.text)
                  000012ac    00000270     rtsv7M4_T_le_v4SPD16_eabi.lib : _printfi.c.obj (.text:_pconv_a)
                  0000151c    00000248     Timer.obj (.text)
                  00001764    000001d0     rtsv7M4_T_le_v4SPD16_eabi.lib : _printfi.c.obj (.text:_pconv_g)
                  00001934    000001b6                                   : fd_add_t2.asm.obj (.text)
                  00001aea    00000002     --HOLE-- [fill = 0]
                  00001aec    0000013c                                   : _printfi.c.obj (.text:_pconv_e)
                  00001c28    00000136                                   : fd_div_t2.asm.obj (.text)
                  00001d5e    00000002     --HOLE-- [fill = 0]
                  00001d60    00000124                                   : _printfi.c.obj (.text:fcvt)
                  00001e84    00000110                                   : s_scalbn.c.obj (.text:scalbn)
                  00001f94    000000fc                                   : fd_mul_t2.asm.obj (.text)
                  00002090    000000b1                                   : _printfi.c.obj (.text:_ltostr)
                  00002141    00000001     --HOLE-- [fill = 0]
                  00002142    0000009c                                   : memcpy_t2.asm.obj (.text)
                  000021de    00000096                                   : ull_div_t2.asm.obj (.text)
                  00002274    00000086                                   : fd_cmp_t2.asm.obj (.text:__aeabi_cdcmple)
                  000022fa    00000086                                   : fd_cmp_t2.asm.obj (.text:__aeabi_cdrcmple)
                  00002380    0000007a                                   : memset_t2.asm.obj (.text)
                  000023fa    0000006e                                   : _printfi.c.obj (.text:_mcpy)
                  00002468    0000006e                                   : fd_tos_t2.asm.obj (.text)
                  000024d6    00000068                                   : copy_decompress_lzss.c.obj (.text:decompress:lzss:__TI_decompress_lzss)
                  0000253e    00000002     --HOLE-- [fill = 0]
                  00002540    00000064                                   : s_frexp.c.obj (.text:frexp)
                  000025a4    00000056                                   : _printfi.c.obj (.text:_pconv_f)
                  000025fa    00000054                                   : _ltoa.c.obj (.text:__TI_ltoa)
                  0000264e    00000002     --HOLE-- [fill = 0]
                  00002650    00000054     lab9_template.obj (.text)
                  000026a4    00000052     rtsv7M4_T_le_v4SPD16_eabi.lib : _printfi.c.obj (.text:_ecpy)
                  000026f6    00000002     --HOLE-- [fill = 0]
                  000026f8    0000004c                                   : atoi.c.obj (.text:atoi)
                  00002744    00000048                                   : fd_toi_t2.asm.obj (.text)
                  0000278c    00000044                                   : autoinit.c.obj (.text:__TI_auto_init_nobinit_nopinit:__TI_auto_init_nobinit_nopinit)
                  000027d0    00000040                                   : vsnprintf.c.obj (.text:vsnprintf)
                  00002810    0000003e                                   : _printfi.c.obj (.text:_fcpy)
                  0000284e    00000038                                   : fs_tod_t2.asm.obj (.text)
                  00002886    00000002     --HOLE-- [fill = 0]
                  00002888    00000034     driverlib.lib : interrupt.obj (.text:IntRegister)
                  000028bc    00000034     rtsv7M4_T_le_v4SPD16_eabi.lib : boot_cortex_m.c.obj (.text:_c_int00_noargs:_c_int00_noargs)
                  000028f0    00000030                                   : vsnprintf.c.obj (.text:_outs)
                  00002920    0000002e                                   : i_tofd_t2.asm.obj (.text)
                  0000294e    00000020                                   : u_tofd_t2.asm.obj (.text)
                  0000296e    0000001c                                   : copy_zero_init.c.obj (.text:decompress:ZI:__TI_zero_init_nomemset:__TI_zero_init_nomemset)
                  0000298a    0000001c                                   : memccpy.c.obj (.text:memccpy)
                  000029a6    0000001a                                   : s_copysign.c.obj (.text:copysign)
                  000029c0    00000018                                   : vsnprintf.c.obj (.text:_outc)
                  000029d8    00000018                                   : strcmp.c.obj (.text:strcmp)
                  000029f0    00000016                                   : strchr.c.obj (.text:strchr)
                  00002a06    00000014                                   : strcpy.c.obj (.text:strcpy)
                  00002a1a    00000014                                   : strlen.c.obj (.text:strlen)
                  00002a2e    00000012                                   : wcslen.c.obj (.text:wcslen)
                  00002a40    00000010     driverlib.lib : interrupt.obj (.text:IntMasterEnable)
                  00002a50    00000010     lcd.obj (.text:lcd_clear)
                  00002a60    0000000e     rtsv7M4_T_le_v4SPD16_eabi.lib : copy_decompress_none.c.obj (.text:decompress:none:__TI_decompress_none)
                  00002a6e    0000000c     driverlib.lib : cpu.obj (.text:CPUcpsie)
                  00002a7a    0000000c     tm4c123ge6pm_startup_ccs.obj (.text)
                  00002a86    00000002     --HOLE-- [fill = 0]
                  00002a88    00000008     rtsv7M4_T_le_v4SPD16_eabi.lib : errno.c.obj (.text:__aeabi_errno_addr)
                  00002a90    00000004                                   : pre_init.c.obj (.text:_system_pre_init)
                  00002a94    00000004                                   : exit.c.obj (.text:abort:abort)

.const     0    00002a98    00000109     
                  00002a98    00000101     rtsv7M4_T_le_v4SPD16_eabi.lib : ctype.c.obj (.const:.string:_ctypes_)
                  00002b99    00000004     lcd.obj (.const:.string:lineAddress$1)
                  00002b9d    00000004     lcd.obj (.const:.string:lineAddresses$2)

.cinit     0    00002ba8    00000040     
                  00002ba8    0000000c     (__TI_handler_table)
                  00002bb4    00000004     --HOLE-- [fill = 0]
                  00002bb8    00000008     (.cinit..bss.load) [load image, compression = zero_init]
                  00002bc0    00000008     (.cinit..data.load) [load image, compression = lzss]
                  00002bc8    00000008     (.cinit..vtable.load) [load image, compression = zero_init]
                  00002bd0    00000018     (__TI_cinit_table)

.init_array 
*          0    00000000    00000000     UNINITIALIZED

.vtable    0    20000000    0000026c     UNINITIALIZED
                  20000000    0000026c     driverlib.lib : interrupt.obj (.vtable)

.stack     0    20000270    00001000     UNINITIALIZED
                  20000270    00000004     rtsv7M4_T_le_v4SPD16_eabi.lib : boot_cortex_m.c.obj (.stack)
                  20000274    00000ffc     --HOLE--

.sysmem    0    20001270    00001000     UNINITIALIZED
                  20001270    00000010     rtsv7M4_T_le_v4SPD16_eabi.lib : memory.c.obj (.sysmem)
                  20001280    00000ff0     --HOLE--

.bss       0    20002270    00000058     UNINITIALIZED
                  20002270    00000054     lcd.obj (.bss:lastbuffer$3)
                  200022c4    00000004     (.common:_timeout_ticks)

.data      0    200022c8    00000014     UNINITIALIZED
                  200022c8    0000000d     ping.obj (.data)
                  200022d5    00000001     Timer.obj (.data)
                  200022d6    00000002     --HOLE--
                  200022d8    00000004     rtsv7M4_T_le_v4SPD16_eabi.lib : errno.c.obj (.data)

__llvm_prf_cnts 
*          0    20000000    00000000     UNINITIALIZED

MODULE SUMMARY

       Module                         code    ro data   rw data
       ------                         ----    -------   -------
    .\
       lcd.obj                        824     8         84     
       ping.obj                       712     0         13     
       tm4c123ge6pm_startup_ccs.obj   12      620       0      
       Timer.obj                      584     0         5      
       lab9_template.obj              84      0         0      
    +--+------------------------------+-------+---------+---------+
       Total:                         2216    628       102    
                                                               
    C:/ti/TivaWare_C_Series-2.2.0.295/driverlib/ccs/Debug/driverlib.lib
       interrupt.obj                  68      0         620    
       cpu.obj                        12      0         0      
    +--+------------------------------+-------+---------+---------+
       Total:                         80      0         620    
                                                               
    C:\ti\ccs1230\ccs\tools\compiler\ti-cgt-arm_20.2.7.LTS\lib\rtsv7M4_T_le_v4SPD16_eabi.lib
       _printfi.c.obj                 4851    0         0      
       fd_add_t2.asm.obj              438     0         0      
       fd_div_t2.asm.obj              310     0         0      
       s_scalbn.c.obj                 272     0         0      
       fd_cmp_t2.asm.obj              268     0         0      
       ctype.c.obj                    0       257       0      
       fd_mul_t2.asm.obj              252     0         0      
       memcpy_t2.asm.obj              156     0         0      
       ull_div_t2.asm.obj             150     0         0      
       vsnprintf.c.obj                136     0         0      
       memset_t2.asm.obj              122     0         0      
       fd_tos_t2.asm.obj              110     0         0      
       copy_decompress_lzss.c.obj     104     0         0      
       s_frexp.c.obj                  100     0         0      
       _ltoa.c.obj                    84      0         0      
       atoi.c.obj                     76      0         0      
       fd_toi_t2.asm.obj              72      0         0      
       autoinit.c.obj                 68      0         0      
       fs_tod_t2.asm.obj              56      0         0      
       boot_cortex_m.c.obj            52      0         0      
       i_tofd_t2.asm.obj              46      0         0      
       u_tofd_t2.asm.obj              32      0         0      
       copy_zero_init.c.obj           28      0         0      
       memccpy.c.obj                  28      0         0      
       s_copysign.c.obj               26      0         0      
       strcmp.c.obj                   24      0         0      
       strchr.c.obj                   22      0         0      
       strcpy.c.obj                   20      0         0      
       strlen.c.obj                   20      0         0      
       wcslen.c.obj                   18      0         0      
       copy_decompress_none.c.obj     14      0         0      
       errno.c.obj                    8       0         4      
       exit.c.obj                     4       0         0      
       pre_init.c.obj                 4       0         0      
       div0.asm.obj                   2       0         0      
    +--+------------------------------+-------+---------+---------+
       Total:                         7973    257       4      
                                                               
       Heap:                          0       0         4096   
       Stack:                         0       0         4096   
       Linker Generated:              0       60        0      
    +--+------------------------------+-------+---------+---------+
       Grand Total:                   10269   945       8918   


LINKER GENERATED COPY TABLES

__TI_cinit_table @ 00002bd0 records: 3, size/record: 8, table size: 24
	.bss: load addr=00002bb8, load size=00000008 bytes, run addr=20002270, run size=00000058 bytes, compression=zero_init
	.data: load addr=00002bc0, load size=00000008 bytes, run addr=200022c8, run size=00000014 bytes, compression=lzss
	.vtable: load addr=00002bc8, load size=00000008 bytes, run addr=20000000, run size=0000026c bytes, compression=zero_init


LINKER GENERATED HANDLER TABLE

__TI_handler_table @ 00002ba8 records: 3, size/record: 4, table size: 12
	index: 0, handler: __TI_zero_init
	index: 1, handler: __TI_decompress_lzss
	index: 2, handler: __TI_decompress_none


GLOBAL SYMBOLS: SORTED ALPHABETICALLY BY Name 

address   name                          
-------   ----                          
00002a95  C$$EXIT                       
00002a6f  CPUcpsie                      
200022cc  END_TIME                      
00002a41  IntMasterEnable               
00002889  IntRegister                   
00002a7b  ResetISR                      
200022c8  START_TIME                    
200022d4  STATE                         
00001147  TIMER3B_Handler               
20001270  __STACK_END                   
00001000  __STACK_SIZE                  
20000470  __STACK_TOP                   
00001000  __SYSMEM_SIZE                 
00002bd0  __TI_CINIT_Base               
00002be8  __TI_CINIT_Limit              
00002ba8  __TI_Handler_Table_Base       
00002bb4  __TI_Handler_Table_Limit      
0000278d  __TI_auto_init_nobinit_nopinit
000024d7  __TI_decompress_lzss          
00002a61  __TI_decompress_none          
000025fb  __TI_ltoa                     
ffffffff  __TI_pprof_out_hndl           
0000026d  __TI_printfi                  
ffffffff  __TI_prof_data_size           
ffffffff  __TI_prof_data_start          
00000000  __TI_static_base__            
0000296f  __TI_zero_init_nomemset       
00002275  __aeabi_cdcmpeq               
00002275  __aeabi_cdcmple               
000022fb  __aeabi_cdrcmple              
00002469  __aeabi_d2f                   
00002745  __aeabi_d2iz                  
0000193f  __aeabi_dadd                  
00001c29  __aeabi_ddiv                  
00001f95  __aeabi_dmul                  
00001935  __aeabi_dsub                  
00002a89  __aeabi_errno_addr            
0000284f  __aeabi_f2d                   
00002921  __aeabi_i2d                   
00000cbb  __aeabi_idiv0                 
00000cbb  __aeabi_ldiv0                 
00002381  __aeabi_memclr                
00002381  __aeabi_memclr4               
00002381  __aeabi_memclr8               
00002143  __aeabi_memcpy                
00002143  __aeabi_memcpy4               
00002143  __aeabi_memcpy8               
00002383  __aeabi_memset                
00002383  __aeabi_memset4               
00002383  __aeabi_memset8               
0000294f  __aeabi_ui2d                  
000021df  __aeabi_uldivmod              
ffffffff  __binit__                     
ffffffff  __c_args__                    
UNDEFED   __mpu_init                    
20000270  __stack                       
20000000  __start___llvm_prf_cnts       
20000000  __stop___llvm_prf_cnts        
000028bd  _c_int00_noargs               
00002a98  _ctypes_                      
200022d5  _running                      
20001270  _sys_memory                   
UNDEFED   _system_post_cinit            
00002a91  _system_pre_init              
200022c4  _timeout_ticks                
00002a95  abort                         
000026f9  atoi                          
ffffffff  binit                         
000029a7  copysign                      
000029a7  copysignl                     
200022d8  errno                         
00002541  frexp                         
00002541  frexpl                        
20000000  g_pfnRAMVectors               
00000000  g_pfnVectors                  
00002a51  lcd_clear                     
00000e91  lcd_gotoLine                  
00000cf9  lcd_init                      
00000ef7  lcd_printf                    
00000db9  lcd_putc                      
00000df1  lcd_puts                      
00000cbd  lcd_reverseNibble             
00000e0f  lcd_sendCommand               
00000e4d  lcd_sendNibble                
00000eb9  lcd_setCursorPos              
00001e85  ldexp                         
00001e85  ldexpl                        
00002651  main                          
0000298b  memccpy                       
00002143  memcpy                        
00002389  memset                        
200022d0  overflow                      
0000118b  ping_getDistance              
00000fe5  ping_init                     
000010bd  ping_trigger                  
00001e85  scalbn                        
00001e85  scalbnl                       
000029f1  strchr                        
000029d9  strcmp                        
00002a07  strcpy                        
00002a1b  strlen                        
0000163b  timer_getMicros               
000015e3  timer_getMillis               
0000151d  timer_init                    
000015bf  timer_pause                   
000015d1  timer_resume                  
00001595  timer_stop                    
00001695  timer_waitMicros              
000016c7  timer_waitMillis              
000027d1  vsnprintf                     
00002a2f  wcslen                        


GLOBAL SYMBOLS: SORTED BY Symbol Address 

address   name                          
-------   ----                          
00000000  __TI_static_base__            
00000000  g_pfnVectors                  
0000026d  __TI_printfi                  
00000cbb  __aeabi_idiv0                 
00000cbb  __aeabi_ldiv0                 
00000cbd  lcd_reverseNibble             
00000cf9  lcd_init                      
00000db9  lcd_putc                      
00000df1  lcd_puts                      
00000e0f  lcd_sendCommand               
00000e4d  lcd_sendNibble                
00000e91  lcd_gotoLine                  
00000eb9  lcd_setCursorPos              
00000ef7  lcd_printf                    
00000fe5  ping_init                     
00001000  __STACK_SIZE                  
00001000  __SYSMEM_SIZE                 
000010bd  ping_trigger                  
00001147  TIMER3B_Handler               
0000118b  ping_getDistance              
0000151d  timer_init                    
00001595  timer_stop                    
000015bf  timer_pause                   
000015d1  timer_resume                  
000015e3  timer_getMillis               
0000163b  timer_getMicros               
00001695  timer_waitMicros              
000016c7  timer_waitMillis              
00001935  __aeabi_dsub                  
0000193f  __aeabi_dadd                  
00001c29  __aeabi_ddiv                  
00001e85  ldexp                         
00001e85  ldexpl                        
00001e85  scalbn                        
00001e85  scalbnl                       
00001f95  __aeabi_dmul                  
00002143  __aeabi_memcpy                
00002143  __aeabi_memcpy4               
00002143  __aeabi_memcpy8               
00002143  memcpy                        
000021df  __aeabi_uldivmod              
00002275  __aeabi_cdcmpeq               
00002275  __aeabi_cdcmple               
000022fb  __aeabi_cdrcmple              
00002381  __aeabi_memclr                
00002381  __aeabi_memclr4               
00002381  __aeabi_memclr8               
00002383  __aeabi_memset                
00002383  __aeabi_memset4               
00002383  __aeabi_memset8               
00002389  memset                        
00002469  __aeabi_d2f                   
000024d7  __TI_decompress_lzss          
00002541  frexp                         
00002541  frexpl                        
000025fb  __TI_ltoa                     
00002651  main                          
000026f9  atoi                          
00002745  __aeabi_d2iz                  
0000278d  __TI_auto_init_nobinit_nopinit
000027d1  vsnprintf                     
0000284f  __aeabi_f2d                   
00002889  IntRegister                   
000028bd  _c_int00_noargs               
00002921  __aeabi_i2d                   
0000294f  __aeabi_ui2d                  
0000296f  __TI_zero_init_nomemset       
0000298b  memccpy                       
000029a7  copysign                      
000029a7  copysignl                     
000029d9  strcmp                        
000029f1  strchr                        
00002a07  strcpy                        
00002a1b  strlen                        
00002a2f  wcslen                        
00002a41  IntMasterEnable               
00002a51  lcd_clear                     
00002a61  __TI_decompress_none          
00002a6f  CPUcpsie                      
00002a7b  ResetISR                      
00002a89  __aeabi_errno_addr            
00002a91  _system_pre_init              
00002a95  C$$EXIT                       
00002a95  abort                         
00002a98  _ctypes_                      
00002ba8  __TI_Handler_Table_Base       
00002bb4  __TI_Handler_Table_Limit      
00002bd0  __TI_CINIT_Base               
00002be8  __TI_CINIT_Limit              
20000000  __start___llvm_prf_cnts       
20000000  __stop___llvm_prf_cnts        
20000000  g_pfnRAMVectors               
20000270  __stack                       
20000470  __STACK_TOP                   
20001270  __STACK_END                   
20001270  _sys_memory                   
200022c4  _timeout_ticks                
200022c8  START_TIME                    
200022cc  END_TIME                      
200022d0  overflow                      
200022d4  STATE                         
200022d5  _running                      
200022d8  errno                         
ffffffff  __TI_pprof_out_hndl           
ffffffff  __TI_prof_data_size           
ffffffff  __TI_prof_data_start          
ffffffff  __binit__                     
ffffffff  __c_args__                    
ffffffff  binit                         
UNDEFED   __mpu_init                    
UNDEFED   _system_post_cinit            

[111 symbols]
