<?xml version="1.0" encoding="ISO-8859-1" ?>
<link_info>
   <banner>TI ARM Linker PC v20.2.7.LTS</banner>
   <copyright>Copyright (c) 1996-2018 Texas Instruments Incorporated</copyright>
   <link_time>0x65c2a80b</link_time>
   <link_errors>0x0</link_errors>
   <output_file>Lab3.out</output_file>
   <entry_point>
      <name>_c_int00_noargs</name>
      <address>0x4209</address>
   </entry_point>
   <input_file_list>
      <input_file id="fl-2">
         <path>.\</path>
         <kind>object</kind>
         <file>Timer.obj</file>
         <name>Timer.obj</name>
      </input_file>
      <input_file id="fl-3">
         <path>.\</path>
         <kind>object</kind>
         <file>lcd.obj</file>
         <name>lcd.obj</name>
      </input_file>
      <input_file id="fl-4">
         <path>.\</path>
         <kind>object</kind>
         <file>movement.obj</file>
         <name>movement.obj</name>
      </input_file>
      <input_file id="fl-5">
         <path>.\</path>
         <kind>object</kind>
         <file>objects_scan.obj</file>
         <name>objects_scan.obj</name>
      </input_file>
      <input_file id="fl-6">
         <path>.\</path>
         <kind>object</kind>
         <file>open_interface.obj</file>
         <name>open_interface.obj</name>
      </input_file>
      <input_file id="fl-7">
         <path>.\</path>
         <kind>object</kind>
         <file>tm4c123ge6pm_startup_ccs.obj</file>
         <name>tm4c123ge6pm_startup_ccs.obj</name>
      </input_file>
      <input_file id="fl-e">
         <kind>object</kind>
         <file>&lt;internal&gt;</file>
         <name>&lt;internal&gt;</name>
      </input_file>
      <input_file id="fl-f">
         <path>..\</path>
         <kind>archive</kind>
         <file>libcybotScan.lib</file>
         <name>cyBot_Scan.obj</name>
      </input_file>
      <input_file id="fl-10">
         <path>..\</path>
         <kind>archive</kind>
         <file>libcybotScan.lib</file>
         <name>ir.obj</name>
      </input_file>
      <input_file id="fl-11">
         <path>..\</path>
         <kind>archive</kind>
         <file>libcybotScan.lib</file>
         <name>ping.obj</name>
      </input_file>
      <input_file id="fl-12">
         <path>..\</path>
         <kind>archive</kind>
         <file>libcybotScan.lib</file>
         <name>servo.obj</name>
      </input_file>
      <input_file id="fl-13">
         <path>..\</path>
         <kind>archive</kind>
         <file>libcybotUART.lib</file>
         <name>uart.obj</name>
      </input_file>
      <input_file id="fl-c9">
         <path>C:\ti\ccs1230\ccs\tools\compiler\ti-cgt-arm_20.2.7.LTS\lib\</path>
         <kind>archive</kind>
         <file>rtsv7M4_T_le_v4SPD16_eabi.lib</file>
         <name>sprintf.c.obj</name>
      </input_file>
      <input_file id="fl-ca">
         <path>C:\ti\ccs1230\ccs\tools\compiler\ti-cgt-arm_20.2.7.LTS\lib\</path>
         <kind>archive</kind>
         <file>rtsv7M4_T_le_v4SPD16_eabi.lib</file>
         <name>vsnprintf.c.obj</name>
      </input_file>
      <input_file id="fl-cb">
         <path>C:\ti\ccs1230\ccs\tools\compiler\ti-cgt-arm_20.2.7.LTS\lib\</path>
         <kind>archive</kind>
         <file>rtsv7M4_T_le_v4SPD16_eabi.lib</file>
         <name>fd_add_t2.asm.obj</name>
      </input_file>
      <input_file id="fl-cc">
         <path>C:\ti\ccs1230\ccs\tools\compiler\ti-cgt-arm_20.2.7.LTS\lib\</path>
         <kind>archive</kind>
         <file>rtsv7M4_T_le_v4SPD16_eabi.lib</file>
         <name>fd_cmp_t2.asm.obj</name>
      </input_file>
      <input_file id="fl-cd">
         <path>C:\ti\ccs1230\ccs\tools\compiler\ti-cgt-arm_20.2.7.LTS\lib\</path>
         <kind>archive</kind>
         <file>rtsv7M4_T_le_v4SPD16_eabi.lib</file>
         <name>fd_div_t2.asm.obj</name>
      </input_file>
      <input_file id="fl-ce">
         <path>C:\ti\ccs1230\ccs\tools\compiler\ti-cgt-arm_20.2.7.LTS\lib\</path>
         <kind>archive</kind>
         <file>rtsv7M4_T_le_v4SPD16_eabi.lib</file>
         <name>fd_mul_t2.asm.obj</name>
      </input_file>
      <input_file id="fl-cf">
         <path>C:\ti\ccs1230\ccs\tools\compiler\ti-cgt-arm_20.2.7.LTS\lib\</path>
         <kind>archive</kind>
         <file>rtsv7M4_T_le_v4SPD16_eabi.lib</file>
         <name>fd_toi_t2.asm.obj</name>
      </input_file>
      <input_file id="fl-d0">
         <path>C:\ti\ccs1230\ccs\tools\compiler\ti-cgt-arm_20.2.7.LTS\lib\</path>
         <kind>archive</kind>
         <file>rtsv7M4_T_le_v4SPD16_eabi.lib</file>
         <name>fd_tos_t2.asm.obj</name>
      </input_file>
      <input_file id="fl-d1">
         <path>C:\ti\ccs1230\ccs\tools\compiler\ti-cgt-arm_20.2.7.LTS\lib\</path>
         <kind>archive</kind>
         <file>rtsv7M4_T_le_v4SPD16_eabi.lib</file>
         <name>fs_tod_t2.asm.obj</name>
      </input_file>
      <input_file id="fl-d2">
         <path>C:\ti\ccs1230\ccs\tools\compiler\ti-cgt-arm_20.2.7.LTS\lib\</path>
         <kind>archive</kind>
         <file>rtsv7M4_T_le_v4SPD16_eabi.lib</file>
         <name>i_tofd_t2.asm.obj</name>
      </input_file>
      <input_file id="fl-d3">
         <path>C:\ti\ccs1230\ccs\tools\compiler\ti-cgt-arm_20.2.7.LTS\lib\</path>
         <kind>archive</kind>
         <file>rtsv7M4_T_le_v4SPD16_eabi.lib</file>
         <name>memcpy_t2.asm.obj</name>
      </input_file>
      <input_file id="fl-d4">
         <path>C:\ti\ccs1230\ccs\tools\compiler\ti-cgt-arm_20.2.7.LTS\lib\</path>
         <kind>archive</kind>
         <file>rtsv7M4_T_le_v4SPD16_eabi.lib</file>
         <name>copy_zero_init.c.obj</name>
      </input_file>
      <input_file id="fl-d5">
         <path>C:\ti\ccs1230\ccs\tools\compiler\ti-cgt-arm_20.2.7.LTS\lib\</path>
         <kind>archive</kind>
         <file>rtsv7M4_T_le_v4SPD16_eabi.lib</file>
         <name>copy_decompress_none.c.obj</name>
      </input_file>
      <input_file id="fl-d6">
         <path>C:\ti\ccs1230\ccs\tools\compiler\ti-cgt-arm_20.2.7.LTS\lib\</path>
         <kind>archive</kind>
         <file>rtsv7M4_T_le_v4SPD16_eabi.lib</file>
         <name>copy_decompress_lzss.c.obj</name>
      </input_file>
      <input_file id="fl-d7">
         <path>C:\ti\ccs1230\ccs\tools\compiler\ti-cgt-arm_20.2.7.LTS\lib\</path>
         <kind>archive</kind>
         <file>rtsv7M4_T_le_v4SPD16_eabi.lib</file>
         <name>memory.c.obj</name>
      </input_file>
      <input_file id="fl-d8">
         <path>C:\ti\ccs1230\ccs\tools\compiler\ti-cgt-arm_20.2.7.LTS\lib\</path>
         <kind>archive</kind>
         <file>rtsv7M4_T_le_v4SPD16_eabi.lib</file>
         <name>strcmp.c.obj</name>
      </input_file>
      <input_file id="fl-d9">
         <path>C:\ti\ccs1230\ccs\tools\compiler\ti-cgt-arm_20.2.7.LTS\lib\</path>
         <kind>archive</kind>
         <file>rtsv7M4_T_le_v4SPD16_eabi.lib</file>
         <name>strcpy.c.obj</name>
      </input_file>
      <input_file id="fl-da">
         <path>C:\ti\ccs1230\ccs\tools\compiler\ti-cgt-arm_20.2.7.LTS\lib\</path>
         <kind>archive</kind>
         <file>rtsv7M4_T_le_v4SPD16_eabi.lib</file>
         <name>strlen.c.obj</name>
      </input_file>
      <input_file id="fl-db">
         <path>C:\ti\ccs1230\ccs\tools\compiler\ti-cgt-arm_20.2.7.LTS\lib\</path>
         <kind>archive</kind>
         <file>rtsv7M4_T_le_v4SPD16_eabi.lib</file>
         <name>boot_cortex_m.c.obj</name>
      </input_file>
      <input_file id="fl-dc">
         <path>C:\ti\ccs1230\ccs\tools\compiler\ti-cgt-arm_20.2.7.LTS\lib\</path>
         <kind>archive</kind>
         <file>rtsv7M4_T_le_v4SPD16_eabi.lib</file>
         <name>_printfi.c.obj</name>
      </input_file>
      <input_file id="fl-dd">
         <path>C:\ti\ccs1230\ccs\tools\compiler\ti-cgt-arm_20.2.7.LTS\lib\</path>
         <kind>archive</kind>
         <file>rtsv7M4_T_le_v4SPD16_eabi.lib</file>
         <name>memset_t2.asm.obj</name>
      </input_file>
      <input_file id="fl-de">
         <path>C:\ti\ccs1230\ccs\tools\compiler\ti-cgt-arm_20.2.7.LTS\lib\</path>
         <kind>archive</kind>
         <file>rtsv7M4_T_le_v4SPD16_eabi.lib</file>
         <name>ull_div_t2.asm.obj</name>
      </input_file>
      <input_file id="fl-df">
         <path>C:\ti\ccs1230\ccs\tools\compiler\ti-cgt-arm_20.2.7.LTS\lib\</path>
         <kind>archive</kind>
         <file>rtsv7M4_T_le_v4SPD16_eabi.lib</file>
         <name>autoinit.c.obj</name>
      </input_file>
      <input_file id="fl-e0">
         <path>C:\ti\ccs1230\ccs\tools\compiler\ti-cgt-arm_20.2.7.LTS\lib\</path>
         <kind>archive</kind>
         <file>rtsv7M4_T_le_v4SPD16_eabi.lib</file>
         <name>pre_init.c.obj</name>
      </input_file>
      <input_file id="fl-e1">
         <path>C:\ti\ccs1230\ccs\tools\compiler\ti-cgt-arm_20.2.7.LTS\lib\</path>
         <kind>archive</kind>
         <file>rtsv7M4_T_le_v4SPD16_eabi.lib</file>
         <name>cpy_tbl.c.obj</name>
      </input_file>
      <input_file id="fl-e2">
         <path>C:\ti\ccs1230\ccs\tools\compiler\ti-cgt-arm_20.2.7.LTS\lib\</path>
         <kind>archive</kind>
         <file>rtsv7M4_T_le_v4SPD16_eabi.lib</file>
         <name>exit.c.obj</name>
      </input_file>
      <input_file id="fl-e3">
         <path>C:\ti\ccs1230\ccs\tools\compiler\ti-cgt-arm_20.2.7.LTS\lib\</path>
         <kind>archive</kind>
         <file>rtsv7M4_T_le_v4SPD16_eabi.lib</file>
         <name>_lock.c.obj</name>
      </input_file>
      <input_file id="fl-e4">
         <path>C:\ti\ccs1230\ccs\tools\compiler\ti-cgt-arm_20.2.7.LTS\lib\</path>
         <kind>archive</kind>
         <file>rtsv7M4_T_le_v4SPD16_eabi.lib</file>
         <name>_ltoa.c.obj</name>
      </input_file>
      <input_file id="fl-e5">
         <path>C:\ti\ccs1230\ccs\tools\compiler\ti-cgt-arm_20.2.7.LTS\lib\</path>
         <kind>archive</kind>
         <file>rtsv7M4_T_le_v4SPD16_eabi.lib</file>
         <name>args_main.c.obj</name>
      </input_file>
      <input_file id="fl-e6">
         <path>C:\ti\ccs1230\ccs\tools\compiler\ti-cgt-arm_20.2.7.LTS\lib\</path>
         <kind>archive</kind>
         <file>rtsv7M4_T_le_v4SPD16_eabi.lib</file>
         <name>atoi.c.obj</name>
      </input_file>
      <input_file id="fl-e7">
         <path>C:\ti\ccs1230\ccs\tools\compiler\ti-cgt-arm_20.2.7.LTS\lib\</path>
         <kind>archive</kind>
         <file>rtsv7M4_T_le_v4SPD16_eabi.lib</file>
         <name>ctype.c.obj</name>
      </input_file>
      <input_file id="fl-e8">
         <path>C:\ti\ccs1230\ccs\tools\compiler\ti-cgt-arm_20.2.7.LTS\lib\</path>
         <kind>archive</kind>
         <file>rtsv7M4_T_le_v4SPD16_eabi.lib</file>
         <name>memccpy.c.obj</name>
      </input_file>
      <input_file id="fl-e9">
         <path>C:\ti\ccs1230\ccs\tools\compiler\ti-cgt-arm_20.2.7.LTS\lib\</path>
         <kind>archive</kind>
         <file>rtsv7M4_T_le_v4SPD16_eabi.lib</file>
         <name>strchr.c.obj</name>
      </input_file>
      <input_file id="fl-ea">
         <path>C:\ti\ccs1230\ccs\tools\compiler\ti-cgt-arm_20.2.7.LTS\lib\</path>
         <kind>archive</kind>
         <file>rtsv7M4_T_le_v4SPD16_eabi.lib</file>
         <name>errno.c.obj</name>
      </input_file>
      <input_file id="fl-eb">
         <path>C:\ti\ccs1230\ccs\tools\compiler\ti-cgt-arm_20.2.7.LTS\lib\</path>
         <kind>archive</kind>
         <file>rtsv7M4_T_le_v4SPD16_eabi.lib</file>
         <name>wcslen.c.obj</name>
      </input_file>
      <input_file id="fl-ec">
         <path>C:\ti\ccs1230\ccs\tools\compiler\ti-cgt-arm_20.2.7.LTS\lib\</path>
         <kind>archive</kind>
         <file>rtsv7M4_T_le_v4SPD16_eabi.lib</file>
         <name>s_frexp.c.obj</name>
      </input_file>
      <input_file id="fl-ed">
         <path>C:\ti\ccs1230\ccs\tools\compiler\ti-cgt-arm_20.2.7.LTS\lib\</path>
         <kind>archive</kind>
         <file>rtsv7M4_T_le_v4SPD16_eabi.lib</file>
         <name>s_scalbn.c.obj</name>
      </input_file>
      <input_file id="fl-ee">
         <path>C:\ti\ccs1230\ccs\tools\compiler\ti-cgt-arm_20.2.7.LTS\lib\</path>
         <kind>archive</kind>
         <file>rtsv7M4_T_le_v4SPD16_eabi.lib</file>
         <name>div0.asm.obj</name>
      </input_file>
      <input_file id="fl-ef">
         <path>C:\ti\ccs1230\ccs\tools\compiler\ti-cgt-arm_20.2.7.LTS\lib\</path>
         <kind>archive</kind>
         <file>rtsv7M4_T_le_v4SPD16_eabi.lib</file>
         <name>s_copysign.c.obj</name>
      </input_file>
      <input_file id="fl-f0">
         <path>C:\ti\TivaWare_C_Series-2.2.0.295\driverlib\ccs\Debug\</path>
         <kind>archive</kind>
         <file>driverlib.lib</file>
         <name>interrupt.obj</name>
      </input_file>
      <input_file id="fl-f1">
         <path>C:\ti\TivaWare_C_Series-2.2.0.295\driverlib\ccs\Debug\</path>
         <kind>archive</kind>
         <file>driverlib.lib</file>
         <name>cpu.obj</name>
      </input_file>
   </input_file_list>
   <object_component_list>
      <object_component id="oc-12">
         <name>.intvecs</name>
         <load_address>0x0</load_address>
         <run_address>0x0</run_address>
         <size>0x26c</size>
         <input_file_ref idref="fl-7"/>
      </object_component>
      <object_component id="oc-ef">
         <name>.text</name>
         <load_address>0x26c</load_address>
         <run_address>0x26c</run_address>
         <size>0xc20</size>
         <input_file_ref idref="fl-6"/>
      </object_component>
      <object_component id="oc-1fd">
         <name>.text:__TI_printfi</name>
         <load_address>0xe8c</load_address>
         <run_address>0xe8c</run_address>
         <size>0xa4e</size>
         <input_file_ref idref="fl-dc"/>
      </object_component>
      <object_component id="oc-303">
         <name>.text:_nop</name>
         <load_address>0x18da</load_address>
         <run_address>0x18da</run_address>
         <size>0x2</size>
         <input_file_ref idref="fl-e3"/>
      </object_component>
      <object_component id="oc-dd">
         <name>.text</name>
         <load_address>0x18dc</load_address>
         <run_address>0x18dc</run_address>
         <size>0x328</size>
         <input_file_ref idref="fl-3"/>
      </object_component>
      <object_component id="oc-a2">
         <name>.text</name>
         <load_address>0x1c04</load_address>
         <run_address>0x1c04</run_address>
         <size>0x2f0</size>
         <input_file_ref idref="fl-5"/>
      </object_component>
      <object_component id="oc-11a">
         <name>.text</name>
         <load_address>0x1ef4</load_address>
         <run_address>0x1ef4</run_address>
         <size>0x278</size>
         <input_file_ref idref="fl-4"/>
      </object_component>
      <object_component id="oc-2d7">
         <name>.text:_pconv_a</name>
         <load_address>0x216c</load_address>
         <run_address>0x216c</run_address>
         <size>0x270</size>
         <input_file_ref idref="fl-dc"/>
      </object_component>
      <object_component id="oc-e9">
         <name>.text</name>
         <load_address>0x23dc</load_address>
         <run_address>0x23dc</run_address>
         <size>0x260</size>
         <input_file_ref idref="fl-f"/>
      </object_component>
      <object_component id="oc-d7">
         <name>.text</name>
         <load_address>0x263c</load_address>
         <run_address>0x263c</run_address>
         <size>0x248</size>
         <input_file_ref idref="fl-2"/>
      </object_component>
      <object_component id="oc-1aa">
         <name>.text</name>
         <load_address>0x2884</load_address>
         <run_address>0x2884</run_address>
         <size>0x1ec</size>
         <input_file_ref idref="fl-11"/>
      </object_component>
      <object_component id="oc-2c5">
         <name>.text:_pconv_g</name>
         <load_address>0x2a70</load_address>
         <run_address>0x2a70</run_address>
         <size>0x1d0</size>
         <input_file_ref idref="fl-dc"/>
      </object_component>
      <object_component id="oc-1e5">
         <name>.text</name>
         <load_address>0x2c40</load_address>
         <run_address>0x2c40</run_address>
         <size>0x1b6</size>
         <input_file_ref idref="fl-cb"/>
      </object_component>
      <object_component id="oc-3c4">
         <name>.text</name>
         <load_address>0x2df6</load_address>
         <run_address>0x2df6</run_address>
         <size>0x2</size>
         <input_file_ref idref="fl-ee"/>
      </object_component>
      <object_component id="oc-e3">
         <name>.text</name>
         <load_address>0x2df8</load_address>
         <run_address>0x2df8</run_address>
         <size>0x15c</size>
         <input_file_ref idref="fl-13"/>
      </object_component>
      <object_component id="oc-1a4">
         <name>.text</name>
         <load_address>0x2f54</load_address>
         <run_address>0x2f54</run_address>
         <size>0x158</size>
         <input_file_ref idref="fl-12"/>
      </object_component>
      <object_component id="oc-2d1">
         <name>.text:_pconv_e</name>
         <load_address>0x30ac</load_address>
         <run_address>0x30ac</run_address>
         <size>0x13c</size>
         <input_file_ref idref="fl-dc"/>
      </object_component>
      <object_component id="oc-1e0">
         <name>.text</name>
         <load_address>0x31e8</load_address>
         <run_address>0x31e8</run_address>
         <size>0x136</size>
         <input_file_ref idref="fl-cd"/>
      </object_component>
      <object_component id="oc-36c">
         <name>.text:fcvt</name>
         <load_address>0x3320</load_address>
         <run_address>0x3320</run_address>
         <size>0x124</size>
         <input_file_ref idref="fl-dc"/>
      </object_component>
      <object_component id="oc-1b0">
         <name>.text</name>
         <load_address>0x3444</load_address>
         <run_address>0x3444</run_address>
         <size>0x118</size>
         <input_file_ref idref="fl-10"/>
      </object_component>
      <object_component id="oc-380">
         <name>.text:scalbn</name>
         <load_address>0x355c</load_address>
         <run_address>0x355c</run_address>
         <size>0x110</size>
         <input_file_ref idref="fl-ed"/>
      </object_component>
      <object_component id="oc-341">
         <name>.text:aligned_alloc</name>
         <load_address>0x366c</load_address>
         <run_address>0x366c</run_address>
         <size>0x100</size>
         <input_file_ref idref="fl-d7"/>
      </object_component>
      <object_component id="oc-1db">
         <name>.text</name>
         <load_address>0x376c</load_address>
         <run_address>0x376c</run_address>
         <size>0xfc</size>
         <input_file_ref idref="fl-ce"/>
      </object_component>
      <object_component id="oc-1c5">
         <name>.text:free</name>
         <load_address>0x3868</load_address>
         <run_address>0x3868</run_address>
         <size>0xe4</size>
         <input_file_ref idref="fl-d7"/>
      </object_component>
      <object_component id="oc-2bf">
         <name>.text:_ltostr</name>
         <load_address>0x394c</load_address>
         <run_address>0x394c</run_address>
         <size>0xb1</size>
         <input_file_ref idref="fl-dc"/>
      </object_component>
      <object_component id="oc-3e">
         <name>.text</name>
         <load_address>0x39fe</load_address>
         <run_address>0x39fe</run_address>
         <size>0x9c</size>
         <input_file_ref idref="fl-d3"/>
      </object_component>
      <object_component id="oc-353">
         <name>.text</name>
         <load_address>0x3a9a</load_address>
         <run_address>0x3a9a</run_address>
         <size>0x96</size>
         <input_file_ref idref="fl-de"/>
      </object_component>
      <object_component id="oc-106">
         <name>.text:__aeabi_cdcmple</name>
         <load_address>0x3b30</load_address>
         <run_address>0x3b30</run_address>
         <size>0x86</size>
         <input_file_ref idref="fl-cc"/>
      </object_component>
      <object_component id="oc-10b">
         <name>.text:__aeabi_cdrcmple</name>
         <load_address>0x3bb6</load_address>
         <run_address>0x3bb6</run_address>
         <size>0x86</size>
         <input_file_ref idref="fl-cc"/>
      </object_component>
      <object_component id="oc-96">
         <name>.text</name>
         <load_address>0x3c3c</load_address>
         <run_address>0x3c3c</run_address>
         <size>0x7a</size>
         <input_file_ref idref="fl-dd"/>
      </object_component>
      <object_component id="oc-3b6">
         <name>.text:split</name>
         <load_address>0x3cb8</load_address>
         <run_address>0x3cb8</run_address>
         <size>0x70</size>
         <input_file_ref idref="fl-d7"/>
      </object_component>
      <object_component id="oc-365">
         <name>.text:_mcpy</name>
         <load_address>0x3d28</load_address>
         <run_address>0x3d28</run_address>
         <size>0x6e</size>
         <input_file_ref idref="fl-dc"/>
      </object_component>
      <object_component id="oc-1ed">
         <name>.text</name>
         <load_address>0x3d96</load_address>
         <run_address>0x3d96</run_address>
         <size>0x6e</size>
         <input_file_ref idref="fl-d0"/>
      </object_component>
      <object_component id="oc-15">
         <name>.text:decompress:lzss:__TI_decompress_lzss</name>
         <load_address>0x3e04</load_address>
         <run_address>0x3e04</run_address>
         <size>0x68</size>
         <input_file_ref idref="fl-d6"/>
      </object_component>
      <object_component id="oc-37a">
         <name>.text:frexp</name>
         <load_address>0x3e6c</load_address>
         <run_address>0x3e6c</run_address>
         <size>0x64</size>
         <input_file_ref idref="fl-ec"/>
      </object_component>
      <object_component id="oc-2cb">
         <name>.text:_pconv_f</name>
         <load_address>0x3ed0</load_address>
         <run_address>0x3ed0</run_address>
         <size>0x56</size>
         <input_file_ref idref="fl-dc"/>
      </object_component>
      <object_component id="oc-359">
         <name>.text:__TI_ltoa</name>
         <load_address>0x3f26</load_address>
         <run_address>0x3f26</run_address>
         <size>0x54</size>
         <input_file_ref idref="fl-e4"/>
      </object_component>
      <object_component id="oc-35f">
         <name>.text:_ecpy</name>
         <load_address>0x3f7a</load_address>
         <run_address>0x3f7a</run_address>
         <size>0x52</size>
         <input_file_ref idref="fl-dc"/>
      </object_component>
      <object_component id="oc-2b9">
         <name>.text:atoi</name>
         <load_address>0x3fcc</load_address>
         <run_address>0x3fcc</run_address>
         <size>0x4c</size>
         <input_file_ref idref="fl-e6"/>
      </object_component>
      <object_component id="oc-110">
         <name>.text</name>
         <load_address>0x4018</load_address>
         <run_address>0x4018</run_address>
         <size>0x48</size>
         <input_file_ref idref="fl-cf"/>
      </object_component>
      <object_component id="oc-13b">
         <name>.text:__TI_auto_init_nobinit_nopinit:__TI_auto_init_nobinit_nopinit</name>
         <load_address>0x4060</load_address>
         <run_address>0x4060</run_address>
         <size>0x44</size>
         <input_file_ref idref="fl-df"/>
      </object_component>
      <object_component id="oc-100">
         <name>.text:sprintf</name>
         <load_address>0x40a4</load_address>
         <run_address>0x40a4</run_address>
         <size>0x40</size>
         <input_file_ref idref="fl-c9"/>
      </object_component>
      <object_component id="oc-181">
         <name>.text:vsnprintf</name>
         <load_address>0x40e4</load_address>
         <run_address>0x40e4</run_address>
         <size>0x40</size>
         <input_file_ref idref="fl-ca"/>
      </object_component>
      <object_component id="oc-372">
         <name>.text:_fcpy</name>
         <load_address>0x4124</load_address>
         <run_address>0x4124</run_address>
         <size>0x3e</size>
         <input_file_ref idref="fl-dc"/>
      </object_component>
      <object_component id="oc-1bf">
         <name>.text:calloc</name>
         <load_address>0x4164</load_address>
         <run_address>0x4164</run_address>
         <size>0x38</size>
         <input_file_ref idref="fl-d7"/>
      </object_component>
      <object_component id="oc-fb">
         <name>.text</name>
         <load_address>0x419c</load_address>
         <run_address>0x419c</run_address>
         <size>0x38</size>
         <input_file_ref idref="fl-d1"/>
      </object_component>
      <object_component id="oc-16f">
         <name>.text:IntRegister</name>
         <load_address>0x41d4</load_address>
         <run_address>0x41d4</run_address>
         <size>0x34</size>
         <input_file_ref idref="fl-f0"/>
      </object_component>
      <object_component id="oc-5c">
         <name>.text:_c_int00_noargs:_c_int00_noargs</name>
         <load_address>0x4208</load_address>
         <run_address>0x4208</run_address>
         <size>0x34</size>
         <input_file_ref idref="fl-db"/>
      </object_component>
      <object_component id="oc-258">
         <name>.text:_outs</name>
         <load_address>0x423c</load_address>
         <run_address>0x423c</run_address>
         <size>0x30</size>
         <input_file_ref idref="fl-ca"/>
      </object_component>
      <object_component id="oc-115">
         <name>.text</name>
         <load_address>0x426c</load_address>
         <run_address>0x426c</run_address>
         <size>0x2e</size>
         <input_file_ref idref="fl-d2"/>
      </object_component>
      <object_component id="oc-29f">
         <name>.text:free_list_insert</name>
         <load_address>0x429c</load_address>
         <run_address>0x429c</run_address>
         <size>0x28</size>
         <input_file_ref idref="fl-d7"/>
      </object_component>
      <object_component id="oc-4a">
         <name>.text:decompress:ZI:__TI_zero_init_nomemset:__TI_zero_init_nomemset</name>
         <load_address>0x42c4</load_address>
         <run_address>0x42c4</run_address>
         <size>0x1c</size>
         <input_file_ref idref="fl-d4"/>
      </object_component>
      <object_component id="oc-299">
         <name>.text:free_list_remove</name>
         <load_address>0x42e0</load_address>
         <run_address>0x42e0</run_address>
         <size>0x1c</size>
         <input_file_ref idref="fl-d7"/>
      </object_component>
      <object_component id="oc-2dd">
         <name>.text:memccpy</name>
         <load_address>0x42fc</load_address>
         <run_address>0x42fc</run_address>
         <size>0x1c</size>
         <input_file_ref idref="fl-e8"/>
      </object_component>
      <object_component id="oc-3d7">
         <name>.text:copysign</name>
         <load_address>0x4318</load_address>
         <run_address>0x4318</run_address>
         <size>0x1a</size>
         <input_file_ref idref="fl-ef"/>
      </object_component>
      <object_component id="oc-25e">
         <name>.text:_outc</name>
         <load_address>0x4332</load_address>
         <run_address>0x4332</run_address>
         <size>0x18</size>
         <input_file_ref idref="fl-ca"/>
      </object_component>
      <object_component id="oc-203">
         <name>.text:_outs</name>
         <load_address>0x434a</load_address>
         <run_address>0x434a</run_address>
         <size>0x18</size>
         <input_file_ref idref="fl-c9"/>
      </object_component>
      <object_component id="oc-1cb">
         <name>.text:oi_parseInt</name>
         <load_address>0x4362</load_address>
         <run_address>0x4362</run_address>
         <size>0x18</size>
         <input_file_ref idref="fl-6"/>
      </object_component>
      <object_component id="oc-187">
         <name>.text:strcmp</name>
         <load_address>0x437a</load_address>
         <run_address>0x437a</run_address>
         <size>0x18</size>
         <input_file_ref idref="fl-d8"/>
      </object_component>
      <object_component id="oc-386">
         <name>.text:strchr</name>
         <load_address>0x4392</load_address>
         <run_address>0x4392</run_address>
         <size>0x16</size>
         <input_file_ref idref="fl-e9"/>
      </object_component>
      <object_component id="oc-18d">
         <name>.text:strcpy</name>
         <load_address>0x43a8</load_address>
         <run_address>0x43a8</run_address>
         <size>0x14</size>
         <input_file_ref idref="fl-d9"/>
      </object_component>
      <object_component id="oc-f5">
         <name>.text:strlen</name>
         <load_address>0x43bc</load_address>
         <run_address>0x43bc</run_address>
         <size>0x14</size>
         <input_file_ref idref="fl-da"/>
      </object_component>
      <object_component id="oc-2e3">
         <name>.text:wcslen</name>
         <load_address>0x43d0</load_address>
         <run_address>0x43d0</run_address>
         <size>0x12</size>
         <input_file_ref idref="fl-eb"/>
      </object_component>
      <object_component id="oc-1d2">
         <name>.text:IntMasterEnable</name>
         <load_address>0x43e2</load_address>
         <run_address>0x43e2</run_address>
         <size>0x10</size>
         <input_file_ref idref="fl-f0"/>
      </object_component>
      <object_component id="oc-17a">
         <name>.text:lcd_clear</name>
         <load_address>0x43f2</load_address>
         <run_address>0x43f2</run_address>
         <size>0x10</size>
         <input_file_ref idref="fl-3"/>
      </object_component>
      <object_component id="oc-1b">
         <name>.text:decompress:none:__TI_decompress_none</name>
         <load_address>0x4402</load_address>
         <run_address>0x4402</run_address>
         <size>0xe</size>
         <input_file_ref idref="fl-d5"/>
      </object_component>
      <object_component id="oc-2a6">
         <name>.text:CPUcpsie</name>
         <load_address>0x4410</load_address>
         <run_address>0x4410</run_address>
         <size>0xc</size>
         <input_file_ref idref="fl-f1"/>
      </object_component>
      <object_component id="oc-2a">
         <name>.text</name>
         <load_address>0x441c</load_address>
         <run_address>0x441c</run_address>
         <size>0xc</size>
         <input_file_ref idref="fl-7"/>
      </object_component>
      <object_component id="oc-209">
         <name>.text:_outc</name>
         <load_address>0x4428</load_address>
         <run_address>0x4428</run_address>
         <size>0xa</size>
         <input_file_ref idref="fl-c9"/>
      </object_component>
      <object_component id="oc-2e9">
         <name>.text:__aeabi_errno_addr</name>
         <load_address>0x4434</load_address>
         <run_address>0x4434</run_address>
         <size>0x8</size>
         <input_file_ref idref="fl-ea"/>
      </object_component>
      <object_component id="oc-292">
         <name>.text:malloc</name>
         <load_address>0x443c</load_address>
         <run_address>0x443c</run_address>
         <size>0x8</size>
         <input_file_ref idref="fl-d7"/>
      </object_component>
      <object_component id="oc-9c">
         <name>.text:_system_pre_init</name>
         <load_address>0x4444</load_address>
         <run_address>0x4444</run_address>
         <size>0x4</size>
         <input_file_ref idref="fl-e0"/>
      </object_component>
      <object_component id="oc-12f">
         <name>.text:abort:abort</name>
         <load_address>0x4448</load_address>
         <run_address>0x4448</run_address>
         <size>0x4</size>
         <input_file_ref idref="fl-e2"/>
      </object_component>
      <object_component id="oc-34e">
         <name>.const:.string:_ctypes_</name>
         <load_address>0x444c</load_address>
         <run_address>0x444c</run_address>
         <size>0x101</size>
         <input_file_ref idref="fl-e7"/>
      </object_component>
      <object_component id="oc-126">
         <name>.const:.string:$P$T0$1</name>
         <load_address>0x454d</load_address>
         <run_address>0x454d</run_address>
         <size>0x1d</size>
         <input_file_ref idref="fl-5"/>
      </object_component>
      <object_component id="oc-1ea">
         <name>.const:.string:$P$T0$3</name>
         <load_address>0x456a</load_address>
         <run_address>0x456a</run_address>
         <size>0xf</size>
         <input_file_ref idref="fl-6"/>
      </object_component>
      <object_component id="oc-193">
         <name>.const:.string:lineAddress$1</name>
         <load_address>0x4579</load_address>
         <run_address>0x4579</run_address>
         <size>0x4</size>
         <input_file_ref idref="fl-3"/>
      </object_component>
      <object_component id="oc-194">
         <name>.const:.string:lineAddresses$2</name>
         <load_address>0x457d</load_address>
         <run_address>0x457d</run_address>
         <size>0x4</size>
         <input_file_ref idref="fl-3"/>
      </object_component>
      <object_component id="oc-431">
         <name>.cinit..data.load</name>
         <load_address>0x4588</load_address>
         <run_address>0x4588</run_address>
         <size>0x19</size>
      </object_component>
      <object_component id="oc-42e">
         <name>__TI_handler_table</name>
         <load_address>0x45a4</load_address>
         <run_address>0x45a4</run_address>
         <size>0xc</size>
      </object_component>
      <object_component id="oc-432">
         <name>.cinit..bss.load</name>
         <load_address>0x45b0</load_address>
         <run_address>0x45b0</run_address>
         <size>0x8</size>
      </object_component>
      <object_component id="oc-430">
         <name>.cinit..vtable.load</name>
         <load_address>0x45b8</load_address>
         <run_address>0x45b8</run_address>
         <size>0x8</size>
      </object_component>
      <object_component id="oc-42f">
         <name>__TI_cinit_table</name>
         <load_address>0x45c0</load_address>
         <run_address>0x45c0</run_address>
         <size>0x18</size>
      </object_component>
      <object_component id="oc-24c">
         <name>.vtable</name>
         <uninitialized>true</uninitialized>
         <run_address>0x20000000</run_address>
         <size>0x26c</size>
         <input_file_ref idref="fl-f0"/>
      </object_component>
      <object_component id="oc-175">
         <name>.data</name>
         <load_address>0x2000236c</load_address>
         <run_address>0x2000236c</run_address>
         <size>0x1</size>
         <input_file_ref idref="fl-2"/>
      </object_component>
      <object_component id="oc-1d8">
         <name>.data</name>
         <load_address>0x20002330</load_address>
         <run_address>0x20002330</run_address>
         <size>0x20</size>
         <input_file_ref idref="fl-6"/>
      </object_component>
      <object_component id="oc-1b6">
         <name>.data</name>
         <load_address>0x20002360</load_address>
         <run_address>0x20002360</run_address>
         <size>0x4</size>
         <input_file_ref idref="fl-f"/>
      </object_component>
      <object_component id="oc-1a0">
         <name>.data</name>
         <load_address>0x20002364</load_address>
         <run_address>0x20002364</run_address>
         <size>0x4</size>
         <input_file_ref idref="fl-13"/>
      </object_component>
      <object_component id="oc-348">
         <name>.data:$O1$$</name>
         <load_address>0x20002358</load_address>
         <run_address>0x20002358</run_address>
         <size>0x8</size>
         <input_file_ref idref="fl-d7"/>
      </object_component>
      <object_component id="oc-230">
         <name>.data:$O1$$</name>
         <load_address>0x20002350</load_address>
         <run_address>0x20002350</run_address>
         <size>0x8</size>
         <input_file_ref idref="fl-e3"/>
      </object_component>
      <object_component id="oc-396">
         <name>.data</name>
         <load_address>0x20002368</load_address>
         <run_address>0x20002368</run_address>
         <size>0x4</size>
         <input_file_ref idref="fl-ea"/>
      </object_component>
      <object_component id="oc-195">
         <name>.bss:lastbuffer$3</name>
         <uninitialized>true</uninitialized>
         <run_address>0x20002270</run_address>
         <size>0x54</size>
         <input_file_ref idref="fl-3"/>
      </object_component>
      <object_component id="oc-1f2">
         <name>.bss:firmware$2</name>
         <uninitialized>true</uninitialized>
         <run_address>0x200022f8</run_address>
         <size>0x18</size>
         <input_file_ref idref="fl-6"/>
      </object_component>
      <object_component id="oc-178">
         <name>.common:_timeout_ticks</name>
         <uninitialized>true</uninitialized>
         <run_address>0x20002310</run_address>
         <size>0x4</size>
      </object_component>
      <object_component id="oc-120">
         <name>.common:right_calibration_value</name>
         <uninitialized>true</uninitialized>
         <run_address>0x20002324</run_address>
         <size>0x4</size>
      </object_component>
      <object_component id="oc-125">
         <name>.common:left_calibration_value</name>
         <uninitialized>true</uninitialized>
         <run_address>0x2000231c</run_address>
         <size>0x4</size>
      </object_component>
      <object_component id="oc-28c">
         <name>.common:isr_int_value</name>
         <uninitialized>true</uninitialized>
         <run_address>0x20002318</run_address>
         <size>0x4</size>
      </object_component>
      <object_component id="oc-288">
         <name>.common:risingEdge</name>
         <uninitialized>true</uninitialized>
         <run_address>0x20002328</run_address>
         <size>0x4</size>
      </object_component>
      <object_component id="oc-289">
         <name>.common:fallingEdge</name>
         <uninitialized>true</uninitialized>
         <run_address>0x20002314</run_address>
         <size>0x4</size>
      </object_component>
      <object_component id="oc-28a">
         <name>.common:pulseLength</name>
         <uninitialized>true</uninitialized>
         <run_address>0x20002320</run_address>
         <size>0x4</size>
      </object_component>
      <object_component id="oc-285">
         <name>.common:isRisingEdge</name>
         <uninitialized>true</uninitialized>
         <run_address>0x2000232c</run_address>
         <size>0x1</size>
      </object_component>
      <object_component id="oc-19d">
         <name>.common:isr_char_buffer</name>
         <uninitialized>true</uninitialized>
         <run_address>0x200022c4</run_address>
         <size>0x34</size>
      </object_component>
      <object_component id="oc-24">
         <name>.sysmem</name>
         <uninitialized>true</uninitialized>
         <run_address>0x20001270</run_address>
         <size>0x10</size>
         <input_file_ref idref="fl-d7"/>
      </object_component>
      <object_component id="oc-435">
         <name>.sysmem</name>
         <uninitialized>true</uninitialized>
         <run_address>0x20001270</run_address>
         <size>0x0</size>
      </object_component>
      <object_component id="oc-27">
         <name>.stack</name>
         <uninitialized>true</uninitialized>
         <run_address>0x20000270</run_address>
         <size>0x4</size>
         <input_file_ref idref="fl-db"/>
      </object_component>
      <object_component id="oc-434">
         <name>.stack</name>
         <uninitialized>true</uninitialized>
         <run_address>0x20000270</run_address>
         <size>0x0</size>
      </object_component>
      <object_component id="oc-c5">
         <name>.debug_info</name>
         <load_address>0x0</load_address>
         <run_address>0x0</run_address>
         <size>0x2b1</size>
         <input_file_ref idref="fl-2"/>
      </object_component>
      <object_component id="oc-176">
         <name>.debug_info</name>
         <load_address>0x2b1</load_address>
         <run_address>0x2b1</run_address>
         <size>0xbf</size>
         <input_file_ref idref="fl-2"/>
      </object_component>
      <object_component id="oc-d9">
         <name>.debug_info</name>
         <load_address>0x370</load_address>
         <run_address>0x370</run_address>
         <size>0x507</size>
         <input_file_ref idref="fl-2"/>
      </object_component>
      <object_component id="oc-77">
         <name>.debug_info</name>
         <load_address>0x877</load_address>
         <run_address>0x877</run_address>
         <size>0x26b</size>
         <input_file_ref idref="fl-2"/>
      </object_component>
      <object_component id="oc-39">
         <name>.debug_info</name>
         <load_address>0xae2</load_address>
         <run_address>0xae2</run_address>
         <size>0x84</size>
         <input_file_ref idref="fl-2"/>
      </object_component>
      <object_component id="oc-c0">
         <name>.debug_info</name>
         <load_address>0xb66</load_address>
         <run_address>0xb66</run_address>
         <size>0x2a4</size>
         <input_file_ref idref="fl-2"/>
      </object_component>
      <object_component id="oc-7c">
         <name>.debug_info</name>
         <load_address>0xe0a</load_address>
         <run_address>0xe0a</run_address>
         <size>0xbb</size>
         <input_file_ref idref="fl-2"/>
      </object_component>
      <object_component id="oc-197">
         <name>.debug_info</name>
         <load_address>0xec5</load_address>
         <run_address>0xec5</run_address>
         <size>0x37f</size>
         <input_file_ref idref="fl-3"/>
      </object_component>
      <object_component id="oc-17b">
         <name>.debug_info</name>
         <load_address>0x1244</load_address>
         <run_address>0x1244</run_address>
         <size>0x114</size>
         <input_file_ref idref="fl-3"/>
      </object_component>
      <object_component id="oc-de">
         <name>.debug_info</name>
         <load_address>0x1358</load_address>
         <run_address>0x1358</run_address>
         <size>0x8a0</size>
         <input_file_ref idref="fl-3"/>
      </object_component>
      <object_component id="oc-223">
         <name>.debug_info</name>
         <load_address>0x1bf8</load_address>
         <run_address>0x1bf8</run_address>
         <size>0xcc</size>
         <input_file_ref idref="fl-3"/>
      </object_component>
      <object_component id="oc-198">
         <name>.debug_info</name>
         <load_address>0x1cc4</load_address>
         <run_address>0x1cc4</run_address>
         <size>0x2c</size>
         <input_file_ref idref="fl-3"/>
      </object_component>
      <object_component id="oc-21e">
         <name>.debug_info</name>
         <load_address>0x1cf0</load_address>
         <run_address>0x1cf0</run_address>
         <size>0x35</size>
         <input_file_ref idref="fl-3"/>
      </object_component>
      <object_component id="oc-216">
         <name>.debug_info</name>
         <load_address>0x1d25</load_address>
         <run_address>0x1d25</run_address>
         <size>0x312</size>
         <input_file_ref idref="fl-4"/>
      </object_component>
      <object_component id="oc-11b">
         <name>.debug_info</name>
         <load_address>0x2037</load_address>
         <run_address>0x2037</run_address>
         <size>0x67d</size>
         <input_file_ref idref="fl-4"/>
      </object_component>
      <object_component id="oc-219">
         <name>.debug_info</name>
         <load_address>0x26b4</load_address>
         <run_address>0x26b4</run_address>
         <size>0x5aa</size>
         <input_file_ref idref="fl-4"/>
      </object_component>
      <object_component id="oc-121">
         <name>.debug_info</name>
         <load_address>0x2c5e</load_address>
         <run_address>0x2c5e</run_address>
         <size>0x5f8</size>
         <input_file_ref idref="fl-5"/>
      </object_component>
      <object_component id="oc-127">
         <name>.debug_info</name>
         <load_address>0x3256</load_address>
         <run_address>0x3256</run_address>
         <size>0xc3</size>
         <input_file_ref idref="fl-5"/>
      </object_component>
      <object_component id="oc-a3">
         <name>.debug_info</name>
         <load_address>0x3319</load_address>
         <run_address>0x3319</run_address>
         <size>0x5dd</size>
         <input_file_ref idref="fl-5"/>
      </object_component>
      <object_component id="oc-12a">
         <name>.debug_info</name>
         <load_address>0x38f6</load_address>
         <run_address>0x38f6</run_address>
         <size>0x9d</size>
         <input_file_ref idref="fl-5"/>
      </object_component>
      <object_component id="oc-1f4">
         <name>.debug_info</name>
         <load_address>0x3993</load_address>
         <run_address>0x3993</run_address>
         <size>0x3fc</size>
         <input_file_ref idref="fl-6"/>
      </object_component>
      <object_component id="oc-1d9">
         <name>.debug_info</name>
         <load_address>0x3d8f</load_address>
         <run_address>0x3d8f</run_address>
         <size>0x111</size>
         <input_file_ref idref="fl-6"/>
      </object_component>
      <object_component id="oc-1eb">
         <name>.debug_info</name>
         <load_address>0x3ea0</load_address>
         <run_address>0x3ea0</run_address>
         <size>0xc6</size>
         <input_file_ref idref="fl-6"/>
      </object_component>
      <object_component id="oc-1cc">
         <name>.debug_info</name>
         <load_address>0x3f66</load_address>
         <run_address>0x3f66</run_address>
         <size>0x13e</size>
         <input_file_ref idref="fl-6"/>
      </object_component>
      <object_component id="oc-f0">
         <name>.debug_info</name>
         <load_address>0x40a4</load_address>
         <run_address>0x40a4</run_address>
         <size>0x1988</size>
         <input_file_ref idref="fl-6"/>
      </object_component>
      <object_component id="oc-1f5">
         <name>.debug_info</name>
         <load_address>0x5a2c</load_address>
         <run_address>0x5a2c</run_address>
         <size>0x8b</size>
         <input_file_ref idref="fl-6"/>
      </object_component>
      <object_component id="oc-32">
         <name>.debug_info</name>
         <load_address>0x5ab7</load_address>
         <run_address>0x5ab7</run_address>
         <size>0x29b</size>
         <input_file_ref idref="fl-7"/>
      </object_component>
      <object_component id="oc-13">
         <name>.debug_info</name>
         <load_address>0x5d52</load_address>
         <run_address>0x5d52</run_address>
         <size>0xda</size>
         <input_file_ref idref="fl-7"/>
      </object_component>
      <object_component id="oc-2c">
         <name>.debug_info</name>
         <load_address>0x5e2c</load_address>
         <run_address>0x5e2c</run_address>
         <size>0x256</size>
         <input_file_ref idref="fl-7"/>
      </object_component>
      <object_component id="oc-123">
         <name>.debug_info</name>
         <load_address>0x6082</load_address>
         <run_address>0x6082</run_address>
         <size>0x485</size>
         <input_file_ref idref="fl-f"/>
      </object_component>
      <object_component id="oc-1b7">
         <name>.debug_info</name>
         <load_address>0x6507</load_address>
         <run_address>0x6507</run_address>
         <size>0x114</size>
         <input_file_ref idref="fl-f"/>
      </object_component>
      <object_component id="oc-ea">
         <name>.debug_info</name>
         <load_address>0x661b</load_address>
         <run_address>0x661b</run_address>
         <size>0x4ce</size>
         <input_file_ref idref="fl-f"/>
      </object_component>
      <object_component id="oc-1ba">
         <name>.debug_info</name>
         <load_address>0x6ae9</load_address>
         <run_address>0x6ae9</run_address>
         <size>0x9d</size>
         <input_file_ref idref="fl-f"/>
      </object_component>
      <object_component id="oc-28d">
         <name>.debug_info</name>
         <load_address>0x6b86</load_address>
         <run_address>0x6b86</run_address>
         <size>0x2b7</size>
         <input_file_ref idref="fl-10"/>
      </object_component>
      <object_component id="oc-1b1">
         <name>.debug_info</name>
         <load_address>0x6e3d</load_address>
         <run_address>0x6e3d</run_address>
         <size>0x266</size>
         <input_file_ref idref="fl-10"/>
      </object_component>
      <object_component id="oc-286">
         <name>.debug_info</name>
         <load_address>0x70a3</load_address>
         <run_address>0x70a3</run_address>
         <size>0x3ba</size>
         <input_file_ref idref="fl-11"/>
      </object_component>
      <object_component id="oc-1ab">
         <name>.debug_info</name>
         <load_address>0x745d</load_address>
         <run_address>0x745d</run_address>
         <size>0x270</size>
         <input_file_ref idref="fl-11"/>
      </object_component>
      <object_component id="oc-1a7">
         <name>.debug_info</name>
         <load_address>0x76cd</load_address>
         <run_address>0x76cd</run_address>
         <size>0x296</size>
         <input_file_ref idref="fl-12"/>
      </object_component>
      <object_component id="oc-19e">
         <name>.debug_info</name>
         <load_address>0x7963</load_address>
         <run_address>0x7963</run_address>
         <size>0x326</size>
         <input_file_ref idref="fl-13"/>
      </object_component>
      <object_component id="oc-1a1">
         <name>.debug_info</name>
         <load_address>0x7c89</load_address>
         <run_address>0x7c89</run_address>
         <size>0xee</size>
         <input_file_ref idref="fl-13"/>
      </object_component>
      <object_component id="oc-e4">
         <name>.debug_info</name>
         <load_address>0x7d77</load_address>
         <run_address>0x7d77</run_address>
         <size>0x43b</size>
         <input_file_ref idref="fl-13"/>
      </object_component>
      <object_component id="oc-27d">
         <name>.debug_info</name>
         <load_address>0x81b2</load_address>
         <run_address>0x81b2</run_address>
         <size>0x26b</size>
         <input_file_ref idref="fl-13"/>
      </object_component>
      <object_component id="oc-338">
         <name>.debug_info</name>
         <load_address>0x841d</load_address>
         <run_address>0x841d</run_address>
         <size>0x297</size>
         <input_file_ref idref="fl-13"/>
      </object_component>
      <object_component id="oc-278">
         <name>.debug_info</name>
         <load_address>0x86b4</load_address>
         <run_address>0x86b4</run_address>
         <size>0xbb</size>
         <input_file_ref idref="fl-13"/>
      </object_component>
      <object_component id="oc-210">
         <name>.debug_info</name>
         <load_address>0x876f</load_address>
         <run_address>0x876f</run_address>
         <size>0x333</size>
         <input_file_ref idref="fl-c9"/>
      </object_component>
      <object_component id="oc-102">
         <name>.debug_info</name>
         <load_address>0x8aa2</load_address>
         <run_address>0x8aa2</run_address>
         <size>0x1d1</size>
         <input_file_ref idref="fl-c9"/>
      </object_component>
      <object_component id="oc-206">
         <name>.debug_info</name>
         <load_address>0x8c73</load_address>
         <run_address>0x8c73</run_address>
         <size>0x18d</size>
         <input_file_ref idref="fl-c9"/>
      </object_component>
      <object_component id="oc-20d">
         <name>.debug_info</name>
         <load_address>0x8e00</load_address>
         <run_address>0x8e00</run_address>
         <size>0x16d</size>
         <input_file_ref idref="fl-c9"/>
      </object_component>
      <object_component id="oc-266">
         <name>.debug_info</name>
         <load_address>0x8f6d</load_address>
         <run_address>0x8f6d</run_address>
         <size>0x2c</size>
         <input_file_ref idref="fl-c9"/>
      </object_component>
      <object_component id="oc-265">
         <name>.debug_info</name>
         <load_address>0x8f99</load_address>
         <run_address>0x8f99</run_address>
         <size>0x340</size>
         <input_file_ref idref="fl-ca"/>
      </object_component>
      <object_component id="oc-183">
         <name>.debug_info</name>
         <load_address>0x92d9</load_address>
         <run_address>0x92d9</run_address>
         <size>0x208</size>
         <input_file_ref idref="fl-ca"/>
      </object_component>
      <object_component id="oc-25a">
         <name>.debug_info</name>
         <load_address>0x94e1</load_address>
         <run_address>0x94e1</run_address>
         <size>0x1c6</size>
         <input_file_ref idref="fl-ca"/>
      </object_component>
      <object_component id="oc-25f">
         <name>.debug_info</name>
         <load_address>0x96a7</load_address>
         <run_address>0x96a7</run_address>
         <size>0x179</size>
         <input_file_ref idref="fl-ca"/>
      </object_component>
      <object_component id="oc-26b">
         <name>.debug_info</name>
         <load_address>0x9820</load_address>
         <run_address>0x9820</run_address>
         <size>0x69</size>
         <input_file_ref idref="fl-ca"/>
      </object_component>
      <object_component id="oc-1e7">
         <name>.debug_info</name>
         <load_address>0x9889</load_address>
         <run_address>0x9889</run_address>
         <size>0x14c</size>
         <input_file_ref idref="fl-cb"/>
      </object_component>
      <object_component id="oc-109">
         <name>.debug_info</name>
         <load_address>0x99d5</load_address>
         <run_address>0x99d5</run_address>
         <size>0x128</size>
         <input_file_ref idref="fl-cc"/>
      </object_component>
      <object_component id="oc-10d">
         <name>.debug_info</name>
         <load_address>0x9afd</load_address>
         <run_address>0x9afd</run_address>
         <size>0x12a</size>
         <input_file_ref idref="fl-cc"/>
      </object_component>
      <object_component id="oc-1e2">
         <name>.debug_info</name>
         <load_address>0x9c27</load_address>
         <run_address>0x9c27</run_address>
         <size>0x13a</size>
         <input_file_ref idref="fl-cd"/>
      </object_component>
      <object_component id="oc-1dd">
         <name>.debug_info</name>
         <load_address>0x9d61</load_address>
         <run_address>0x9d61</run_address>
         <size>0x13a</size>
         <input_file_ref idref="fl-ce"/>
      </object_component>
      <object_component id="oc-112">
         <name>.debug_info</name>
         <load_address>0x9e9b</load_address>
         <run_address>0x9e9b</run_address>
         <size>0x12e</size>
         <input_file_ref idref="fl-cf"/>
      </object_component>
      <object_component id="oc-1ee">
         <name>.debug_info</name>
         <load_address>0x9fc9</load_address>
         <run_address>0x9fc9</run_address>
         <size>0x13e</size>
         <input_file_ref idref="fl-d0"/>
      </object_component>
      <object_component id="oc-fc">
         <name>.debug_info</name>
         <load_address>0xa107</load_address>
         <run_address>0xa107</run_address>
         <size>0x12c</size>
         <input_file_ref idref="fl-d1"/>
      </object_component>
      <object_component id="oc-117">
         <name>.debug_info</name>
         <load_address>0xa233</load_address>
         <run_address>0xa233</run_address>
         <size>0x12c</size>
         <input_file_ref idref="fl-d2"/>
      </object_component>
      <object_component id="oc-40">
         <name>.debug_info</name>
         <load_address>0xa35f</load_address>
         <run_address>0xa35f</run_address>
         <size>0x119</size>
         <input_file_ref idref="fl-d3"/>
      </object_component>
      <object_component id="oc-95">
         <name>.debug_info</name>
         <load_address>0xa478</load_address>
         <run_address>0xa478</run_address>
         <size>0x2d4</size>
         <input_file_ref idref="fl-d4"/>
      </object_component>
      <object_component id="oc-4e">
         <name>.debug_info</name>
         <load_address>0xa74c</load_address>
         <run_address>0xa74c</run_address>
         <size>0x1d2</size>
         <input_file_ref idref="fl-d4"/>
      </object_component>
      <object_component id="oc-90">
         <name>.debug_info</name>
         <load_address>0xa91e</load_address>
         <run_address>0xa91e</run_address>
         <size>0x46</size>
         <input_file_ref idref="fl-d4"/>
      </object_component>
      <object_component id="oc-ce">
         <name>.debug_info</name>
         <load_address>0xa964</load_address>
         <run_address>0xa964</run_address>
         <size>0x2c</size>
         <input_file_ref idref="fl-d4"/>
      </object_component>
      <object_component id="oc-49">
         <name>.debug_info</name>
         <load_address>0xa990</load_address>
         <run_address>0xa990</run_address>
         <size>0x2a8</size>
         <input_file_ref idref="fl-d5"/>
      </object_component>
      <object_component id="oc-1e">
         <name>.debug_info</name>
         <load_address>0xac38</load_address>
         <run_address>0xac38</run_address>
         <size>0x1ea</size>
         <input_file_ref idref="fl-d5"/>
      </object_component>
      <object_component id="oc-44">
         <name>.debug_info</name>
         <load_address>0xae22</load_address>
         <run_address>0xae22</run_address>
         <size>0x46</size>
         <input_file_ref idref="fl-d5"/>
      </object_component>
      <object_component id="oc-88">
         <name>.debug_info</name>
         <load_address>0xae68</load_address>
         <run_address>0xae68</run_address>
         <size>0x2c</size>
         <input_file_ref idref="fl-d5"/>
      </object_component>
      <object_component id="oc-86">
         <name>.debug_info</name>
         <load_address>0xae94</load_address>
         <run_address>0xae94</run_address>
         <size>0x29e</size>
         <input_file_ref idref="fl-d6"/>
      </object_component>
      <object_component id="oc-19">
         <name>.debug_info</name>
         <load_address>0xb132</load_address>
         <run_address>0xb132</run_address>
         <size>0x250</size>
         <input_file_ref idref="fl-d6"/>
      </object_component>
      <object_component id="oc-34">
         <name>.debug_info</name>
         <load_address>0xb382</load_address>
         <run_address>0xb382</run_address>
         <size>0x60</size>
         <input_file_ref idref="fl-d6"/>
      </object_component>
      <object_component id="oc-c7">
         <name>.debug_info</name>
         <load_address>0xb3e2</load_address>
         <run_address>0xb3e2</run_address>
         <size>0x46</size>
         <input_file_ref idref="fl-d6"/>
      </object_component>
      <object_component id="oc-81">
         <name>.debug_info</name>
         <load_address>0xb428</load_address>
         <run_address>0xb428</run_address>
         <size>0x39</size>
         <input_file_ref idref="fl-d6"/>
      </object_component>
      <object_component id="oc-70">
         <name>.debug_info</name>
         <load_address>0xb461</load_address>
         <run_address>0xb461</run_address>
         <size>0x3b2</size>
         <input_file_ref idref="fl-d7"/>
      </object_component>
      <object_component id="oc-25">
         <name>.debug_info</name>
         <load_address>0xb813</load_address>
         <run_address>0xb813</run_address>
         <size>0x10c</size>
         <input_file_ref idref="fl-d7"/>
      </object_component>
      <object_component id="oc-349">
         <name>.debug_info</name>
         <load_address>0xb91f</load_address>
         <run_address>0xb91f</run_address>
         <size>0x13f</size>
         <input_file_ref idref="fl-d7"/>
      </object_component>
      <object_component id="oc-293">
         <name>.debug_info</name>
         <load_address>0xba5e</load_address>
         <run_address>0xba5e</run_address>
         <size>0x168</size>
         <input_file_ref idref="fl-d7"/>
      </object_component>
      <object_component id="oc-29a">
         <name>.debug_info</name>
         <load_address>0xbbc6</load_address>
         <run_address>0xbbc6</run_address>
         <size>0x18e</size>
         <input_file_ref idref="fl-d7"/>
      </object_component>
      <object_component id="oc-2a0">
         <name>.debug_info</name>
         <load_address>0xbd54</load_address>
         <run_address>0xbd54</run_address>
         <size>0x19f</size>
         <input_file_ref idref="fl-d7"/>
      </object_component>
      <object_component id="oc-1c6">
         <name>.debug_info</name>
         <load_address>0xbef3</load_address>
         <run_address>0xbef3</run_address>
         <size>0x203</size>
         <input_file_ref idref="fl-d7"/>
      </object_component>
      <object_component id="oc-3b7">
         <name>.debug_info</name>
         <load_address>0xc0f6</load_address>
         <run_address>0xc0f6</run_address>
         <size>0x1db</size>
         <input_file_ref idref="fl-d7"/>
      </object_component>
      <object_component id="oc-1c0">
         <name>.debug_info</name>
         <load_address>0xc2d1</load_address>
         <run_address>0xc2d1</run_address>
         <size>0x1a5</size>
         <input_file_ref idref="fl-d7"/>
      </object_component>
      <object_component id="oc-342">
         <name>.debug_info</name>
         <load_address>0xc476</load_address>
         <run_address>0xc476</run_address>
         <size>0x299</size>
         <input_file_ref idref="fl-d7"/>
      </object_component>
      <object_component id="oc-bb">
         <name>.debug_info</name>
         <load_address>0xc70f</load_address>
         <run_address>0xc70f</run_address>
         <size>0xb2</size>
         <input_file_ref idref="fl-d7"/>
      </object_component>
      <object_component id="oc-b6">
         <name>.debug_info</name>
         <load_address>0xc7c1</load_address>
         <run_address>0xc7c1</run_address>
         <size>0x2c</size>
         <input_file_ref idref="fl-d7"/>
      </object_component>
      <object_component id="oc-271">
         <name>.debug_info</name>
         <load_address>0xc7ed</load_address>
         <run_address>0xc7ed</run_address>
         <size>0x28a</size>
         <input_file_ref idref="fl-d8"/>
      </object_component>
      <object_component id="oc-18a">
         <name>.debug_info</name>
         <load_address>0xca77</load_address>
         <run_address>0xca77</run_address>
         <size>0x273</size>
         <input_file_ref idref="fl-d8"/>
      </object_component>
      <object_component id="oc-273">
         <name>.debug_info</name>
         <load_address>0xccea</load_address>
         <run_address>0xccea</run_address>
         <size>0x2a4</size>
         <input_file_ref idref="fl-d9"/>
      </object_component>
      <object_component id="oc-190">
         <name>.debug_info</name>
         <load_address>0xcf8e</load_address>
         <run_address>0xcf8e</run_address>
         <size>0x24d</size>
         <input_file_ref idref="fl-d9"/>
      </object_component>
      <object_component id="oc-1fb">
         <name>.debug_info</name>
         <load_address>0xd1db</load_address>
         <run_address>0xd1db</run_address>
         <size>0x28f</size>
         <input_file_ref idref="fl-da"/>
      </object_component>
      <object_component id="oc-f7">
         <name>.debug_info</name>
         <load_address>0xd46a</load_address>
         <run_address>0xd46a</run_address>
         <size>0x245</size>
         <input_file_ref idref="fl-da"/>
      </object_component>
      <object_component id="oc-28">
         <name>.debug_info</name>
         <load_address>0xd6af</load_address>
         <run_address>0xd6af</run_address>
         <size>0x10b</size>
         <input_file_ref idref="fl-db"/>
      </object_component>
      <object_component id="oc-5e">
         <name>.debug_info</name>
         <load_address>0xd7ba</load_address>
         <run_address>0xd7ba</run_address>
         <size>0x1a9</size>
         <input_file_ref idref="fl-db"/>
      </object_component>
      <object_component id="oc-2f0">
         <name>.debug_info</name>
         <load_address>0xd963</load_address>
         <run_address>0xd963</run_address>
         <size>0x590</size>
         <input_file_ref idref="fl-dc"/>
      </object_component>
      <object_component id="oc-2c0">
         <name>.debug_info</name>
         <load_address>0xdef3</load_address>
         <run_address>0xdef3</run_address>
         <size>0x21e</size>
         <input_file_ref idref="fl-dc"/>
      </object_component>
      <object_component id="oc-361">
         <name>.debug_info</name>
         <load_address>0xe111</load_address>
         <run_address>0xe111</run_address>
         <size>0x1b3</size>
         <input_file_ref idref="fl-dc"/>
      </object_component>
      <object_component id="oc-367">
         <name>.debug_info</name>
         <load_address>0xe2c4</load_address>
         <run_address>0xe2c4</run_address>
         <size>0x21b</size>
         <input_file_ref idref="fl-dc"/>
      </object_component>
      <object_component id="oc-2c7">
         <name>.debug_info</name>
         <load_address>0xe4df</load_address>
         <run_address>0xe4df</run_address>
         <size>0x3c0</size>
         <input_file_ref idref="fl-dc"/>
      </object_component>
      <object_component id="oc-36e">
         <name>.debug_info</name>
         <load_address>0xe89f</load_address>
         <run_address>0xe89f</run_address>
         <size>0x30a</size>
         <input_file_ref idref="fl-dc"/>
      </object_component>
      <object_component id="oc-374">
         <name>.debug_info</name>
         <load_address>0xeba9</load_address>
         <run_address>0xeba9</run_address>
         <size>0x215</size>
         <input_file_ref idref="fl-dc"/>
      </object_component>
      <object_component id="oc-2cd">
         <name>.debug_info</name>
         <load_address>0xedbe</load_address>
         <run_address>0xedbe</run_address>
         <size>0x215</size>
         <input_file_ref idref="fl-dc"/>
      </object_component>
      <object_component id="oc-2d2">
         <name>.debug_info</name>
         <load_address>0xefd3</load_address>
         <run_address>0xefd3</run_address>
         <size>0x304</size>
         <input_file_ref idref="fl-dc"/>
      </object_component>
      <object_component id="oc-2d9">
         <name>.debug_info</name>
         <load_address>0xf2d7</load_address>
         <run_address>0xf2d7</run_address>
         <size>0x4b5</size>
         <input_file_ref idref="fl-dc"/>
      </object_component>
      <object_component id="oc-1ff">
         <name>.debug_info</name>
         <load_address>0xf78c</load_address>
         <run_address>0xf78c</run_address>
         <size>0x5f4</size>
         <input_file_ref idref="fl-dc"/>
      </object_component>
      <object_component id="oc-2f1">
         <name>.debug_info</name>
         <load_address>0xfd80</load_address>
         <run_address>0xfd80</run_address>
         <size>0x86</size>
         <input_file_ref idref="fl-dc"/>
      </object_component>
      <object_component id="oc-39d">
         <name>.debug_info</name>
         <load_address>0xfe06</load_address>
         <run_address>0xfe06</run_address>
         <size>0x39</size>
         <input_file_ref idref="fl-dc"/>
      </object_component>
      <object_component id="oc-3ee">
         <name>.debug_info</name>
         <load_address>0xfe3f</load_address>
         <run_address>0xfe3f</run_address>
         <size>0xb6</size>
         <input_file_ref idref="fl-dc"/>
      </object_component>
      <object_component id="oc-3a2">
         <name>.debug_info</name>
         <load_address>0xfef5</load_address>
         <run_address>0xfef5</run_address>
         <size>0x46</size>
         <input_file_ref idref="fl-dc"/>
      </object_component>
      <object_component id="oc-2f6">
         <name>.debug_info</name>
         <load_address>0xff3b</load_address>
         <run_address>0xff3b</run_address>
         <size>0x46</size>
         <input_file_ref idref="fl-dc"/>
      </object_component>
      <object_component id="oc-98">
         <name>.debug_info</name>
         <load_address>0xff81</load_address>
         <run_address>0xff81</run_address>
         <size>0x147</size>
         <input_file_ref idref="fl-dd"/>
      </object_component>
      <object_component id="oc-356">
         <name>.debug_info</name>
         <load_address>0x100c8</load_address>
         <run_address>0x100c8</run_address>
         <size>0x134</size>
         <input_file_ref idref="fl-de"/>
      </object_component>
      <object_component id="oc-237">
         <name>.debug_info</name>
         <load_address>0x101fc</load_address>
         <run_address>0x101fc</run_address>
         <size>0x4b3</size>
         <input_file_ref idref="fl-df"/>
      </object_component>
      <object_component id="oc-13c">
         <name>.debug_info</name>
         <load_address>0x106af</load_address>
         <run_address>0x106af</run_address>
         <size>0x1a6</size>
         <input_file_ref idref="fl-df"/>
      </object_component>
      <object_component id="oc-311">
         <name>.debug_info</name>
         <load_address>0x10855</load_address>
         <run_address>0x10855</run_address>
         <size>0x39</size>
         <input_file_ref idref="fl-df"/>
      </object_component>
      <object_component id="oc-3aa">
         <name>.debug_info</name>
         <load_address>0x1088e</load_address>
         <run_address>0x1088e</run_address>
         <size>0x39</size>
         <input_file_ref idref="fl-df"/>
      </object_component>
      <object_component id="oc-316">
         <name>.debug_info</name>
         <load_address>0x108c7</load_address>
         <run_address>0x108c7</run_address>
         <size>0x39</size>
         <input_file_ref idref="fl-df"/>
      </object_component>
      <object_component id="oc-31b">
         <name>.debug_info</name>
         <load_address>0x10900</load_address>
         <run_address>0x10900</run_address>
         <size>0xcd</size>
         <input_file_ref idref="fl-df"/>
      </object_component>
      <object_component id="oc-9d">
         <name>.debug_info</name>
         <load_address>0x109cd</load_address>
         <run_address>0x109cd</run_address>
         <size>0x153</size>
         <input_file_ref idref="fl-e0"/>
      </object_component>
      <object_component id="oc-130">
         <name>.debug_info</name>
         <load_address>0x10b20</load_address>
         <run_address>0x10b20</run_address>
         <size>0x122</size>
         <input_file_ref idref="fl-e2"/>
      </object_component>
      <object_component id="oc-30b">
         <name>.debug_info</name>
         <load_address>0x10c42</load_address>
         <run_address>0x10c42</run_address>
         <size>0x2c9</size>
         <input_file_ref idref="fl-e3"/>
      </object_component>
      <object_component id="oc-231">
         <name>.debug_info</name>
         <load_address>0x10f0b</load_address>
         <run_address>0x10f0b</run_address>
         <size>0x11e</size>
         <input_file_ref idref="fl-e3"/>
      </object_component>
      <object_component id="oc-307">
         <name>.debug_info</name>
         <load_address>0x11029</load_address>
         <run_address>0x11029</run_address>
         <size>0x12e</size>
         <input_file_ref idref="fl-e3"/>
      </object_component>
      <object_component id="oc-3cb">
         <name>.debug_info</name>
         <load_address>0x11157</load_address>
         <run_address>0x11157</run_address>
         <size>0x29c</size>
         <input_file_ref idref="fl-e4"/>
      </object_component>
      <object_component id="oc-35a">
         <name>.debug_info</name>
         <load_address>0x113f3</load_address>
         <run_address>0x113f3</run_address>
         <size>0x1da</size>
         <input_file_ref idref="fl-e4"/>
      </object_component>
      <object_component id="oc-352">
         <name>.debug_info</name>
         <load_address>0x115cd</load_address>
         <run_address>0x115cd</run_address>
         <size>0x2b9</size>
         <input_file_ref idref="fl-e6"/>
      </object_component>
      <object_component id="oc-2bd">
         <name>.debug_info</name>
         <load_address>0x11886</load_address>
         <run_address>0x11886</run_address>
         <size>0x17c</size>
         <input_file_ref idref="fl-e6"/>
      </object_component>
      <object_component id="oc-3c1">
         <name>.debug_info</name>
         <load_address>0x11a02</load_address>
         <run_address>0x11a02</run_address>
         <size>0xf9</size>
         <input_file_ref idref="fl-e7"/>
      </object_component>
      <object_component id="oc-34f">
         <name>.debug_info</name>
         <load_address>0x11afb</load_address>
         <run_address>0x11afb</run_address>
         <size>0x105</size>
         <input_file_ref idref="fl-e7"/>
      </object_component>
      <object_component id="oc-38e">
         <name>.debug_info</name>
         <load_address>0x11c00</load_address>
         <run_address>0x11c00</run_address>
         <size>0x2a7</size>
         <input_file_ref idref="fl-e8"/>
      </object_component>
      <object_component id="oc-2e1">
         <name>.debug_info</name>
         <load_address>0x11ea7</load_address>
         <run_address>0x11ea7</run_address>
         <size>0x1b8</size>
         <input_file_ref idref="fl-e8"/>
      </object_component>
      <object_component id="oc-3e0">
         <name>.debug_info</name>
         <load_address>0x1205f</load_address>
         <run_address>0x1205f</run_address>
         <size>0x29a</size>
         <input_file_ref idref="fl-e9"/>
      </object_component>
      <object_component id="oc-389">
         <name>.debug_info</name>
         <load_address>0x122f9</load_address>
         <run_address>0x122f9</run_address>
         <size>0x262</size>
         <input_file_ref idref="fl-e9"/>
      </object_component>
      <object_component id="oc-39a">
         <name>.debug_info</name>
         <load_address>0x1255b</load_address>
         <run_address>0x1255b</run_address>
         <size>0x289</size>
         <input_file_ref idref="fl-ea"/>
      </object_component>
      <object_component id="oc-397">
         <name>.debug_info</name>
         <load_address>0x127e4</load_address>
         <run_address>0x127e4</run_address>
         <size>0x10e</size>
         <input_file_ref idref="fl-ea"/>
      </object_component>
      <object_component id="oc-2eb">
         <name>.debug_info</name>
         <load_address>0x128f2</load_address>
         <run_address>0x128f2</run_address>
         <size>0x14e</size>
         <input_file_ref idref="fl-ea"/>
      </object_component>
      <object_component id="oc-395">
         <name>.debug_info</name>
         <load_address>0x12a40</load_address>
         <run_address>0x12a40</run_address>
         <size>0x28f</size>
         <input_file_ref idref="fl-eb"/>
      </object_component>
      <object_component id="oc-2e5">
         <name>.debug_info</name>
         <load_address>0x12ccf</load_address>
         <run_address>0x12ccf</run_address>
         <size>0x15a</size>
         <input_file_ref idref="fl-eb"/>
      </object_component>
      <object_component id="oc-3e3">
         <name>.debug_info</name>
         <load_address>0x12e29</load_address>
         <run_address>0x12e29</run_address>
         <size>0x46</size>
         <input_file_ref idref="fl-eb"/>
      </object_component>
      <object_component id="oc-390">
         <name>.debug_info</name>
         <load_address>0x12e6f</load_address>
         <run_address>0x12e6f</run_address>
         <size>0x39</size>
         <input_file_ref idref="fl-eb"/>
      </object_component>
      <object_component id="oc-3d1">
         <name>.debug_info</name>
         <load_address>0x12ea8</load_address>
         <run_address>0x12ea8</run_address>
         <size>0x295</size>
         <input_file_ref idref="fl-ec"/>
      </object_component>
      <object_component id="oc-37b">
         <name>.debug_info</name>
         <load_address>0x1313d</load_address>
         <run_address>0x1313d</run_address>
         <size>0x195</size>
         <input_file_ref idref="fl-ec"/>
      </object_component>
      <object_component id="oc-3fb">
         <name>.debug_info</name>
         <load_address>0x132d2</load_address>
         <run_address>0x132d2</run_address>
         <size>0x39</size>
         <input_file_ref idref="fl-ec"/>
      </object_component>
      <object_component id="oc-3d2">
         <name>.debug_info</name>
         <load_address>0x1330b</load_address>
         <run_address>0x1330b</run_address>
         <size>0x2c</size>
         <input_file_ref idref="fl-ec"/>
      </object_component>
      <object_component id="oc-3de">
         <name>.debug_info</name>
         <load_address>0x13337</load_address>
         <run_address>0x13337</run_address>
         <size>0x2f8</size>
         <input_file_ref idref="fl-ed"/>
      </object_component>
      <object_component id="oc-381">
         <name>.debug_info</name>
         <load_address>0x1362f</load_address>
         <run_address>0x1362f</run_address>
         <size>0x225</size>
         <input_file_ref idref="fl-ed"/>
      </object_component>
      <object_component id="oc-3c5">
         <name>.debug_info</name>
         <load_address>0x13854</load_address>
         <run_address>0x13854</run_address>
         <size>0x115</size>
         <input_file_ref idref="fl-ee"/>
      </object_component>
      <object_component id="oc-3d9">
         <name>.debug_info</name>
         <load_address>0x13969</load_address>
         <run_address>0x13969</run_address>
         <size>0x161</size>
         <input_file_ref idref="fl-ef"/>
      </object_component>
      <object_component id="oc-255">
         <name>.debug_info</name>
         <load_address>0x13aca</load_address>
[...]
         <value>0xb51</value>
         <object_component_ref idref="oc-ef"/>
      </symbol>
      <symbol id="sm-212">
         <name>motor_cal_factor_L</name>
         <value>0x20002330</value>
         <object_component_ref idref="oc-1d8"/>
      </symbol>
      <symbol id="sm-213">
         <name>motor_cal_factor_R</name>
         <value>0x20002334</value>
         <object_component_ref idref="oc-1d8"/>
      </symbol>
      <symbol id="sm-214">
         <name>oi_parseInt</name>
         <value>0x4363</value>
         <object_component_ref idref="oc-1cb"/>
      </symbol>
      <symbol id="sm-215">
         <name>oi_setMotorCalibration</name>
         <value>0xdb1</value>
         <object_component_ref idref="oc-ef"/>
      </symbol>
      <symbol id="sm-216">
         <name>oi_uartSendStr</name>
         <value>0xa59</value>
         <object_component_ref idref="oc-ef"/>
      </symbol>
      <symbol id="sm-217">
         <name>oi_close</name>
         <value>0x2c7</value>
         <object_component_ref idref="oc-ef"/>
      </symbol>
      <symbol id="sm-218">
         <name>oi_uartSendBuff</name>
         <value>0xa77</value>
         <object_component_ref idref="oc-ef"/>
      </symbol>
      <symbol id="sm-219">
         <name>oi_checkFirmware</name>
         <value>0xaa9</value>
         <object_component_ref idref="oc-ef"/>
      </symbol>
      <symbol id="sm-21a">
         <name>oi_init_noupdate</name>
         <value>0x289</value>
         <object_component_ref idref="oc-ef"/>
      </symbol>
      <symbol id="sm-21b">
         <name>oi_uartSendChar</name>
         <value>0xa15</value>
         <object_component_ref idref="oc-ef"/>
      </symbol>
      <symbol id="sm-21c">
         <name>oi_alloc</name>
         <value>0x26d</value>
         <object_component_ref idref="oc-ef"/>
      </symbol>
      <symbol id="sm-21d">
         <name>oi_getMotorCalibrationLeft</name>
         <value>0xded</value>
         <object_component_ref idref="oc-ef"/>
      </symbol>
      <symbol id="sm-21e">
         <name>oi_loadSong</name>
         <value>0x915</value>
         <object_component_ref idref="oc-ef"/>
      </symbol>
      <symbol id="sm-21f">
         <name>oi_play_song</name>
         <value>0x96b</value>
         <object_component_ref idref="oc-ef"/>
      </symbol>
      <symbol id="sm-220">
         <name>oi_parsePacket</name>
         <value>0x32b</value>
         <object_component_ref idref="oc-ef"/>
      </symbol>
      <symbol id="sm-221">
         <name>oi_setLeds</name>
         <value>0x84b</value>
         <object_component_ref idref="oc-ef"/>
      </symbol>
      <symbol id="sm-222">
         <name>oi_init</name>
         <value>0x2b1</value>
         <object_component_ref idref="oc-ef"/>
      </symbol>
      <symbol id="sm-223">
         <name>oi_update</name>
         <value>0x2d9</value>
         <object_component_ref idref="oc-ef"/>
      </symbol>
      <symbol id="sm-224">
         <name>oi_uartInit</name>
         <value>0x98d</value>
         <object_component_ref idref="oc-ef"/>
      </symbol>
      <symbol id="sm-240">
         <name>ResetISR</name>
         <value>0x441d</value>
         <object_component_ref idref="oc-2a"/>
      </symbol>
      <symbol id="sm-241">
         <name>g_pfnVectors</name>
         <value>0x0</value>
         <object_component_ref idref="oc-12"/>
      </symbol>
      <symbol id="sm-27d">
         <name>cyBOT_SERVO_cal</name>
         <value>0x24b5</value>
         <object_component_ref idref="oc-e9"/>
      </symbol>
      <symbol id="sm-27e">
         <name>cyBOT_Scan</name>
         <value>0x2443</value>
         <object_component_ref idref="oc-e9"/>
      </symbol>
      <symbol id="sm-27f">
         <name>cyBOT_scan_features</name>
         <value>0x20002360</value>
         <object_component_ref idref="oc-1b6"/>
      </symbol>
      <symbol id="sm-280">
         <name>cyBOT_scan_version</name>
         <value>0x23dd</value>
         <object_component_ref idref="oc-e9"/>
      </symbol>
      <symbol id="sm-281">
         <name>cyBOT_init_Scan</name>
         <value>0x23eb</value>
         <object_component_ref idref="oc-e9"/>
      </symbol>
      <symbol id="sm-2a8">
         <name>isr_int_value</name>
         <value>0x20002318</value>
      </symbol>
      <symbol id="sm-2a9">
         <name>ir_enableInterrupt</name>
         <value>0x34f3</value>
         <object_component_ref idref="oc-1b0"/>
      </symbol>
      <symbol id="sm-2aa">
         <name>ir_getDistance</name>
         <value>0x34d5</value>
         <object_component_ref idref="oc-1b0"/>
      </symbol>
      <symbol id="sm-2ab">
         <name>ir_init</name>
         <value>0x3445</value>
         <object_component_ref idref="oc-1b0"/>
      </symbol>
      <symbol id="sm-2ac">
         <name>ADC0SS0_Handler</name>
         <value>0x34dd</value>
         <object_component_ref idref="oc-1b0"/>
      </symbol>
      <symbol id="sm-2ad">
         <name>ir_getValue</name>
         <value>0x34ad</value>
         <object_component_ref idref="oc-1b0"/>
      </symbol>
      <symbol id="sm-2dc">
         <name>risingEdge</name>
         <value>0x20002328</value>
      </symbol>
      <symbol id="sm-2dd">
         <name>fallingEdge</name>
         <value>0x20002314</value>
      </symbol>
      <symbol id="sm-2de">
         <name>pulseLength</name>
         <value>0x20002320</value>
      </symbol>
      <symbol id="sm-2df">
         <name>isRisingEdge</name>
         <value>0x2000232c</value>
      </symbol>
      <symbol id="sm-2e0">
         <name>TIMER3B_Handler</name>
         <value>0x2975</value>
         <object_component_ref idref="oc-1aa"/>
      </symbol>
      <symbol id="sm-2e1">
         <name>ping_init</name>
         <value>0x2885</value>
         <object_component_ref idref="oc-1aa"/>
      </symbol>
      <symbol id="sm-2e2">
         <name>ping_getDistance</name>
         <value>0x29c7</value>
         <object_component_ref idref="oc-1aa"/>
      </symbol>
      <symbol id="sm-2e3">
         <name>ping_trigger</name>
         <value>0x290b</value>
         <object_component_ref idref="oc-1aa"/>
      </symbol>
      <symbol id="sm-305">
         <name>servo_move</name>
         <value>0x2fe5</value>
         <object_component_ref idref="oc-1a4"/>
      </symbol>
      <symbol id="sm-306">
         <name>servo_init</name>
         <value>0x2f55</value>
         <object_component_ref idref="oc-1a4"/>
      </symbol>
      <symbol id="sm-307">
         <name>servo_stop</name>
         <value>0x2fd9</value>
         <object_component_ref idref="oc-1a4"/>
      </symbol>
      <symbol id="sm-308">
         <name>servo_setPWM</name>
         <value>0x3045</value>
         <object_component_ref idref="oc-1a4"/>
      </symbol>
      <symbol id="sm-344">
         <name>isr_char_buffer</name>
         <value>0x200022c4</value>
      </symbol>
      <symbol id="sm-345">
         <name>cyBot_getByte</name>
         <value>0x2ee7</value>
         <object_component_ref idref="oc-e3"/>
      </symbol>
      <symbol id="sm-346">
         <name>cyBot_sendByte</name>
         <value>0x2df9</value>
         <object_component_ref idref="oc-e3"/>
      </symbol>
      <symbol id="sm-347">
         <name>cyBot_uart_sendStr</name>
         <value>0x2e05</value>
         <object_component_ref idref="oc-e3"/>
      </symbol>
      <symbol id="sm-348">
         <name>isr_counter</name>
         <value>0x20002364</value>
         <object_component_ref idref="oc-1a0"/>
      </symbol>
      <symbol id="sm-349">
         <name>cyBot_uart_sendBuffer</name>
         <value>0x2e1f</value>
         <object_component_ref idref="oc-e3"/>
      </symbol>
      <symbol id="sm-34a">
         <name>cyBot_uart_flush</name>
         <value>0x2ec9</value>
         <object_component_ref idref="oc-e3"/>
      </symbol>
      <symbol id="sm-34b">
         <name>cyBot_UART1_Handler</name>
         <value>0x2f01</value>
         <object_component_ref idref="oc-e3"/>
      </symbol>
      <symbol id="sm-34c">
         <name>cyBot_uart_init</name>
         <value>0x2e37</value>
         <object_component_ref idref="oc-e3"/>
      </symbol>
      <symbol id="sm-373">
         <name>sprintf</name>
         <value>0x40a5</value>
         <object_component_ref idref="oc-100"/>
      </symbol>
      <symbol id="sm-39d">
         <name>vsnprintf</name>
         <value>0x40e5</value>
         <object_component_ref idref="oc-181"/>
      </symbol>
      <symbol id="sm-3b4">
         <name>__aeabi_dsub</name>
         <value>0x2c41</value>
         <object_component_ref idref="oc-1e5"/>
      </symbol>
      <symbol id="sm-3b5">
         <name>__aeabi_dadd</name>
         <value>0x2c4b</value>
         <object_component_ref idref="oc-1e5"/>
      </symbol>
      <symbol id="sm-3d7">
         <name>__aeabi_cdcmpeq</name>
         <value>0x3b31</value>
         <object_component_ref idref="oc-106"/>
      </symbol>
      <symbol id="sm-3d8">
         <name>__aeabi_cdcmple</name>
         <value>0x3b31</value>
         <object_component_ref idref="oc-106"/>
      </symbol>
      <symbol id="sm-3d9">
         <name>__aeabi_cdrcmple</name>
         <value>0x3bb7</value>
         <object_component_ref idref="oc-10b"/>
      </symbol>
      <symbol id="sm-3ed">
         <name>__aeabi_ddiv</name>
         <value>0x31e9</value>
         <object_component_ref idref="oc-1e0"/>
      </symbol>
      <symbol id="sm-3f8">
         <name>__aeabi_dmul</name>
         <value>0x376d</value>
         <object_component_ref idref="oc-1db"/>
      </symbol>
      <symbol id="sm-402">
         <name>__aeabi_d2iz</name>
         <value>0x4019</value>
         <object_component_ref idref="oc-110"/>
      </symbol>
      <symbol id="sm-40e">
         <name>__aeabi_d2f</name>
         <value>0x3d97</value>
         <object_component_ref idref="oc-1ed"/>
      </symbol>
      <symbol id="sm-419">
         <name>__aeabi_f2d</name>
         <value>0x419d</value>
         <object_component_ref idref="oc-fb"/>
      </symbol>
      <symbol id="sm-423">
         <name>__aeabi_i2d</name>
         <value>0x426d</value>
         <object_component_ref idref="oc-115"/>
      </symbol>
      <symbol id="sm-43e">
         <name>memcpy</name>
         <value>0x39ff</value>
         <object_component_ref idref="oc-3e"/>
      </symbol>
      <symbol id="sm-43f">
         <name>__aeabi_memcpy</name>
         <value>0x39ff</value>
         <object_component_ref idref="oc-3e"/>
      </symbol>
      <symbol id="sm-440">
         <name>__aeabi_memcpy8</name>
         <value>0x39ff</value>
         <object_component_ref idref="oc-3e"/>
      </symbol>
      <symbol id="sm-441">
         <name>__aeabi_memcpy4</name>
         <value>0x39ff</value>
         <object_component_ref idref="oc-3e"/>
      </symbol>
      <symbol id="sm-45a">
         <name>__TI_zero_init_nomemset</name>
         <value>0x42c5</value>
         <object_component_ref idref="oc-4a"/>
      </symbol>
      <symbol id="sm-471">
         <name>__TI_decompress_none</name>
         <value>0x4403</value>
         <object_component_ref idref="oc-1b"/>
      </symbol>
      <symbol id="sm-494">
         <name>__TI_decompress_lzss</name>
         <value>0x3e05</value>
         <object_component_ref idref="oc-15"/>
      </symbol>
      <symbol id="sm-529">
         <name>_sys_memory</name>
         <value>0x20001270</value>
         <object_component_ref idref="oc-24"/>
      </symbol>
      <symbol id="sm-52a">
         <name>free</name>
         <value>0x3869</value>
         <object_component_ref idref="oc-1c5"/>
      </symbol>
      <symbol id="sm-52b">
         <name>memalign</name>
         <value>0x366d</value>
         <object_component_ref idref="oc-341"/>
      </symbol>
      <symbol id="sm-52c">
         <name>calloc</name>
         <value>0x4165</value>
         <object_component_ref idref="oc-1bf"/>
      </symbol>
      <symbol id="sm-52d">
         <name>malloc</name>
         <value>0x443d</value>
         <object_component_ref idref="oc-292"/>
      </symbol>
      <symbol id="sm-52e">
         <name>aligned_alloc</name>
         <value>0x366d</value>
         <object_component_ref idref="oc-341"/>
      </symbol>
      <symbol id="sm-53d">
         <name>strcmp</name>
         <value>0x437b</value>
         <object_component_ref idref="oc-187"/>
      </symbol>
      <symbol id="sm-54b">
         <name>strcpy</name>
         <value>0x43a9</value>
         <object_component_ref idref="oc-18d"/>
      </symbol>
      <symbol id="sm-559">
         <name>strlen</name>
         <value>0x43bd</value>
         <object_component_ref idref="oc-f5"/>
      </symbol>
      <symbol id="sm-56c">
         <name>__stack</name>
         <value>0x20000270</value>
         <object_component_ref idref="oc-27"/>
      </symbol>
      <symbol id="sm-56d">
         <name>_c_int00_noargs</name>
         <value>0x4209</value>
         <object_component_ref idref="oc-5c"/>
      </symbol>
      <symbol id="sm-6d2">
         <name>__TI_printfi</name>
         <value>0xe8d</value>
         <object_component_ref idref="oc-1fd"/>
      </symbol>
      <symbol id="sm-6e1">
         <name>__aeabi_memset</name>
         <value>0x3c3f</value>
         <object_component_ref idref="oc-96"/>
      </symbol>
      <symbol id="sm-6e2">
         <name>memset</name>
         <value>0x3c45</value>
         <object_component_ref idref="oc-96"/>
      </symbol>
      <symbol id="sm-6e3">
         <name>__aeabi_memset8</name>
         <value>0x3c3f</value>
         <object_component_ref idref="oc-96"/>
      </symbol>
      <symbol id="sm-6e4">
         <name>__aeabi_memset4</name>
         <value>0x3c3f</value>
         <object_component_ref idref="oc-96"/>
      </symbol>
      <symbol id="sm-6e5">
         <name>__aeabi_memclr8</name>
         <value>0x3c3d</value>
         <object_component_ref idref="oc-96"/>
      </symbol>
      <symbol id="sm-6e6">
         <name>__aeabi_memclr4</name>
         <value>0x3c3d</value>
         <object_component_ref idref="oc-96"/>
      </symbol>
      <symbol id="sm-6e7">
         <name>__aeabi_memclr</name>
         <value>0x3c3d</value>
         <object_component_ref idref="oc-96"/>
      </symbol>
      <symbol id="sm-6f4">
         <name>__aeabi_uldivmod</name>
         <value>0x3a9b</value>
         <object_component_ref idref="oc-353"/>
      </symbol>
      <symbol id="sm-71c">
         <name>__TI_auto_init_nobinit_nopinit</name>
         <value>0x4061</value>
         <object_component_ref idref="oc-13b"/>
      </symbol>
      <symbol id="sm-726">
         <name>_system_pre_init</name>
         <value>0x4445</value>
         <object_component_ref idref="oc-9c"/>
      </symbol>
      <symbol id="sm-732">
         <name>C$$EXIT</name>
         <value>0x4449</value>
         <object_component_ref idref="oc-12f"/>
      </symbol>
      <symbol id="sm-733">
         <name>abort</name>
         <value>0x4449</value>
         <object_component_ref idref="oc-12f"/>
      </symbol>
      <symbol id="sm-748">
         <name>_nop</name>
         <value>0x18db</value>
         <object_component_ref idref="oc-303"/>
      </symbol>
      <symbol id="sm-749">
         <name>_lock</name>
         <value>0x20002350</value>
         <object_component_ref idref="oc-230"/>
      </symbol>
      <symbol id="sm-74a">
         <name>_unlock</name>
         <value>0x20002354</value>
         <object_component_ref idref="oc-230"/>
      </symbol>
      <symbol id="sm-759">
         <name>__TI_ltoa</name>
         <value>0x3f27</value>
         <object_component_ref idref="oc-359"/>
      </symbol>
      <symbol id="sm-770">
         <name>atoi</name>
         <value>0x3fcd</value>
         <object_component_ref idref="oc-2b9"/>
      </symbol>
      <symbol id="sm-77b">
         <name>_ctypes_</name>
         <value>0x444c</value>
         <object_component_ref idref="oc-34e"/>
      </symbol>
      <symbol id="sm-78b">
         <name>memccpy</name>
         <value>0x42fd</value>
         <object_component_ref idref="oc-2dd"/>
      </symbol>
      <symbol id="sm-79b">
         <name>strchr</name>
         <value>0x4393</value>
         <object_component_ref idref="oc-386"/>
      </symbol>
      <symbol id="sm-7b1">
         <name>__aeabi_errno_addr</name>
         <value>0x4435</value>
         <object_component_ref idref="oc-2e9"/>
      </symbol>
      <symbol id="sm-7b2">
         <name>errno</name>
         <value>0x20002368</value>
         <object_component_ref idref="oc-396"/>
      </symbol>
      <symbol id="sm-7cb">
         <name>wcslen</name>
         <value>0x43d1</value>
         <object_component_ref idref="oc-2e3"/>
      </symbol>
      <symbol id="sm-7eb">
         <name>frexpl</name>
         <value>0x3e6d</value>
         <object_component_ref idref="oc-37a"/>
      </symbol>
      <symbol id="sm-7ec">
         <name>frexp</name>
         <value>0x3e6d</value>
         <object_component_ref idref="oc-37a"/>
      </symbol>
      <symbol id="sm-809">
         <name>scalbn</name>
         <value>0x355d</value>
         <object_component_ref idref="oc-380"/>
      </symbol>
      <symbol id="sm-80a">
         <name>scalbnl</name>
         <value>0x355d</value>
         <object_component_ref idref="oc-380"/>
      </symbol>
      <symbol id="sm-80b">
         <name>ldexpl</name>
         <value>0x355d</value>
         <object_component_ref idref="oc-380"/>
      </symbol>
      <symbol id="sm-80c">
         <name>ldexp</name>
         <value>0x355d</value>
         <object_component_ref idref="oc-380"/>
      </symbol>
      <symbol id="sm-816">
         <name>__aeabi_idiv0</name>
         <value>0x2df7</value>
         <object_component_ref idref="oc-3c4"/>
      </symbol>
      <symbol id="sm-817">
         <name>__aeabi_ldiv0</name>
         <value>0x2df7</value>
         <object_component_ref idref="oc-3c4"/>
      </symbol>
      <symbol id="sm-821">
         <name>copysign</name>
         <value>0x4319</value>
         <object_component_ref idref="oc-3d7"/>
      </symbol>
      <symbol id="sm-822">
         <name>copysignl</name>
         <value>0x4319</value>
         <object_component_ref idref="oc-3d7"/>
      </symbol>
      <symbol id="sm-851">
         <name>IntRegister</name>
         <value>0x41d5</value>
         <object_component_ref idref="oc-16f"/>
      </symbol>
      <symbol id="sm-852">
         <name>g_pfnRAMVectors</name>
         <value>0x20000000</value>
         <object_component_ref idref="oc-24c"/>
      </symbol>
      <symbol id="sm-853">
         <name>IntMasterEnable</name>
         <value>0x43e3</value>
         <object_component_ref idref="oc-1d2"/>
      </symbol>
      <symbol id="sm-85d">
         <name>CPUcpsie</name>
         <value>0x4411</value>
         <object_component_ref idref="oc-2a6"/>
      </symbol>
      <symbol id="sm-85e">
         <name>__TI_static_base__</name>
         <value>0x0</value>
      </symbol>
      <symbol id="sm-861">
         <name>__mpu_init</name>
         <value>0x0</value>
      </symbol>
      <symbol id="sm-862">
         <name>_system_post_cinit</name>
         <value>0x0</value>
      </symbol>
   </symbol_table>
   <title>Link successful</title>
</link_info>
