******************************************************************************
                  TI ARM Linker PC v20.2.7                     
******************************************************************************
>> Linked Thu Feb  1 16:30:21 2024

OUTPUT FILE NAME:   <Lab3.out>
ENTRY POINT SYMBOL: "_c_int00_noargs"  address: 00002df1


MEMORY CONFIGURATION

         name            origin    length      used     unused   attr    fill
----------------------  --------  ---------  --------  --------  ----  --------
  FLASH                 00000000   00020000  0000312e  0001ced2  R  X
  SRAM                  20000000   00008000  0000231e  00005ce2  RW X


SEGMENT ALLOCATION MAP

run origin  load origin   length   init length attrs members
----------  ----------- ---------- ----------- ----- -------
00000000    00000000    00003130   00003130    r-x
  00000000    00000000    0000026c   0000026c    r-- .intvecs
  0000026c    0000026c    00002d5c   00002d5c    r-x .text
  00002fc8    00002fc8    00000126   00000126    r-- .const
  000030f0    000030f0    00000040   00000040    r-- .cinit
20000000    20000000    00002325   00000000    rw-
  20000000    20000000    0000026c   00000000    rw- .vtable
  20000270    20000270    00001000   00000000    rw- .stack
  20001270    20001270    00001000   00000000    rw- .sysmem
  20002270    20002270    000000a5   00000000    rw- .bss
  20002318    20002318    0000000d   00000000    rw- .data


SECTION ALLOCATION MAP

 output                                  attributes/
section   page    origin      length       input sections
--------  ----  ----------  ----------   ----------------
.intvecs   0    00000000    0000026c     
                  00000000    0000026c     tm4c123ge6pm_startup_ccs.obj (.intvecs)

.text      0    0000026c    00002d5c     
                  0000026c    00000a4e     rtsv7M4_T_le_v4SPD16_eabi.lib : _printfi.c.obj (.text:__TI_printfi)
                  00000cba    00000002                                   : div0.asm.obj (.text)
                  00000cbc    00000328     lcd.obj (.text)
                  00000fe4    00000270     rtsv7M4_T_le_v4SPD16_eabi.lib : _printfi.c.obj (.text:_pconv_a)
                  00001254    00000260     libcybotScan.lib : cyBot_Scan.obj (.text)
                  000014b4    00000248     Timer.obj (.text)
                  000016fc    000001ec     libcybotScan.lib : ping.obj (.text)
                  000018e8    000001d0     rtsv7M4_T_le_v4SPD16_eabi.lib : _printfi.c.obj (.text:_pconv_g)
                  00001ab8    000001b6                                   : fd_add_t2.asm.obj (.text)
                  00001c6e    00000002     --HOLE-- [fill = 0]
                  00001c70    0000015c     libcybotUART.lib : uart.obj (.text)
                  00001dcc    00000158     libcybotScan.lib : servo.obj (.text)
                  00001f24    0000013c     rtsv7M4_T_le_v4SPD16_eabi.lib : _printfi.c.obj (.text:_pconv_e)
                  00002060    00000136                                   : fd_div_t2.asm.obj (.text)
                  00002196    00000002     --HOLE-- [fill = 0]
                  00002198    00000124                                   : _printfi.c.obj (.text:fcvt)
                  000022bc    00000118     libcybotScan.lib : ir.obj (.text)
                  000023d4    00000110     rtsv7M4_T_le_v4SPD16_eabi.lib : s_scalbn.c.obj (.text:scalbn)
                  000024e4    000000fc                                   : fd_mul_t2.asm.obj (.text)
                  000025e0    000000e4     scan_test.obj (.text)
                  000026c4    000000b1     rtsv7M4_T_le_v4SPD16_eabi.lib : _printfi.c.obj (.text:_ltostr)
                  00002775    00000001     --HOLE-- [fill = 0]
                  00002776    0000009c                                   : memcpy_t2.asm.obj (.text)
                  00002812    00000096                                   : ull_div_t2.asm.obj (.text)
                  000028a8    00000086                                   : fd_cmp_t2.asm.obj (.text:__aeabi_cdcmple)
                  0000292e    00000086                                   : fd_cmp_t2.asm.obj (.text:__aeabi_cdrcmple)
                  000029b4    0000007a                                   : memset_t2.asm.obj (.text)
                  00002a2e    0000006e                                   : _printfi.c.obj (.text:_mcpy)
                  00002a9c    00000068                                   : copy_decompress_lzss.c.obj (.text:decompress:lzss:__TI_decompress_lzss)
                  00002b04    00000064                                   : s_frexp.c.obj (.text:frexp)
                  00002b68    00000056                                   : _printfi.c.obj (.text:_pconv_f)
                  00002bbe    00000054                                   : _ltoa.c.obj (.text:__TI_ltoa)
                  00002c12    00000052                                   : _printfi.c.obj (.text:_ecpy)
                  00002c64    0000004c                                   : atoi.c.obj (.text:atoi)
                  00002cb0    00000048                                   : fd_toi_t2.asm.obj (.text)
                  00002cf8    00000044                                   : autoinit.c.obj (.text:__TI_auto_init_nobinit_nopinit:__TI_auto_init_nobinit_nopinit)
                  00002d3c    00000040                                   : vsnprintf.c.obj (.text:vsnprintf)
                  00002d7c    0000003e                                   : _printfi.c.obj (.text:_fcpy)
                  00002dba    00000002     --HOLE-- [fill = 0]
                  00002dbc    00000034     driverlib.lib : interrupt.obj (.text:IntRegister)
                  00002df0    00000034     rtsv7M4_T_le_v4SPD16_eabi.lib : boot_cortex_m.c.obj (.text:_c_int00_noargs:_c_int00_noargs)
                  00002e24    00000030                                   : vsnprintf.c.obj (.text:_outs)
                  00002e54    0000002e                                   : i_tofd_t2.asm.obj (.text)
                  00002e82    0000001e                                   : strcat.c.obj (.text:strcat)
                  00002ea0    0000001c                                   : copy_zero_init.c.obj (.text:decompress:ZI:__TI_zero_init_nomemset:__TI_zero_init_nomemset)
                  00002ebc    0000001c                                   : memccpy.c.obj (.text:memccpy)
                  00002ed8    0000001a                                   : s_copysign.c.obj (.text:copysign)
                  00002ef2    00000018                                   : vsnprintf.c.obj (.text:_outc)
                  00002f0a    00000018                                   : strcmp.c.obj (.text:strcmp)
                  00002f22    00000016                                   : strchr.c.obj (.text:strchr)
                  00002f38    00000014                                   : strcpy.c.obj (.text:strcpy)
                  00002f4c    00000014                                   : strlen.c.obj (.text:strlen)
                  00002f60    00000012                                   : wcslen.c.obj (.text:wcslen)
                  00002f72    00000010     driverlib.lib : interrupt.obj (.text:IntMasterEnable)
                  00002f82    00000010     lcd.obj (.text:lcd_clear)
                  00002f92    0000000e     rtsv7M4_T_le_v4SPD16_eabi.lib : copy_decompress_none.c.obj (.text:decompress:none:__TI_decompress_none)
                  00002fa0    0000000c     driverlib.lib : cpu.obj (.text:CPUcpsie)
                  00002fac    0000000c     tm4c123ge6pm_startup_ccs.obj (.text)
                  00002fb8    00000008     rtsv7M4_T_le_v4SPD16_eabi.lib : errno.c.obj (.text:__aeabi_errno_addr)
                  00002fc0    00000004                                   : pre_init.c.obj (.text:_system_pre_init)
                  00002fc4    00000004                                   : exit.c.obj (.text:abort:abort)

.const     0    00002fc8    00000126     
                  00002fc8    00000101     rtsv7M4_T_le_v4SPD16_eabi.lib : ctype.c.obj (.const:.string:_ctypes_)
                  000030c9    0000001d     scan_test.obj (.const:.string:$P$T0$1)
                  000030e6    00000004     lcd.obj (.const:.string:lineAddress$1)
                  000030ea    00000004     lcd.obj (.const:.string:lineAddresses$2)

.cinit     0    000030f0    00000040     
                  000030f0    0000000c     (__TI_handler_table)
                  000030fc    00000004     --HOLE-- [fill = 0]
                  00003100    00000008     (.cinit..bss.load) [load image, compression = zero_init]
                  00003108    00000008     (.cinit..vtable.load) [load image, compression = zero_init]
                  00003110    00000007     (.cinit..data.load) [load image, compression = lzss]
                  00003117    00000001     --HOLE-- [fill = 0]
                  00003118    00000018     (__TI_cinit_table)

.init_array 
*          0    00000000    00000000     UNINITIALIZED

.vtable    0    20000000    0000026c     UNINITIALIZED
                  20000000    0000026c     driverlib.lib : interrupt.obj (.vtable)

.stack     0    20000270    00001000     UNINITIALIZED
                  20000270    00000004     rtsv7M4_T_le_v4SPD16_eabi.lib : boot_cortex_m.c.obj (.stack)
                  20000274    00000ffc     --HOLE--

.sysmem    0    20001270    00001000     UNINITIALIZED
                  20001270    00000010     rtsv7M4_T_le_v4SPD16_eabi.lib : memory.c.obj (.sysmem)
                  20001280    00000ff0     --HOLE--

.bss       0    20002270    000000a5     UNINITIALIZED
                  20002270    00000054     lcd.obj (.bss:lastbuffer$3)
                  200022c4    00000034     (.common:isr_char_buffer)
                  200022f8    00000004     (.common:_timeout_ticks)
                  200022fc    00000004     (.common:fallingEdge)
                  20002300    00000004     (.common:isr_int_value)
                  20002304    00000004     (.common:left_calibration_value)
                  20002308    00000004     (.common:pulseLength)
                  2000230c    00000004     (.common:right_calibration_value)
                  20002310    00000004     (.common:risingEdge)
                  20002314    00000001     (.common:isRisingEdge)

.data      0    20002318    0000000d     UNINITIALIZED
                  20002318    00000004     libcybotScan.lib : cyBot_Scan.obj (.data)
                  2000231c    00000004     libcybotUART.lib : uart.obj (.data)
                  20002320    00000004     rtsv7M4_T_le_v4SPD16_eabi.lib : errno.c.obj (.data)
                  20002324    00000001     Timer.obj (.data)

__llvm_prf_cnts 
*          0    20000000    00000000     UNINITIALIZED

MODULE SUMMARY

       Module                         code    ro data   rw data
       ------                         ----    -------   -------
    .\
       lcd.obj                        824     8         84     
       tm4c123ge6pm_startup_ccs.obj   12      620       0      
       Timer.obj                      584     0         5      
       scan_test.obj                  228     29        8      
    +--+------------------------------+-------+---------+---------+
       Total:                         1648    657       97     
                                                               
    ../libcybotScan.lib
       cyBot_Scan.obj                 608     0         4      
       ping.obj                       492     0         13     
       servo.obj                      344     0         0      
       ir.obj                         280     0         4      
    +--+------------------------------+-------+---------+---------+
       Total:                         1724    0         21     
                                                               
    ../libcybotUART.lib
       uart.obj                       348     0         56     
    +--+------------------------------+-------+---------+---------+
       Total:                         348     0         56     
                                                               
    C:/ti/TivaWare_C_Series-2.2.0.295/driverlib/ccs/Debug/driverlib.lib
       interrupt.obj                  68      0         620    
       cpu.obj                        12      0         0      
    +--+------------------------------+-------+---------+---------+
       Total:                         80      0         620    
                                                               
    C:\ti\ccs1230\ccs\tools\compiler\ti-cgt-arm_20.2.7.LTS\lib\rtsv7M4_T_le_v4SPD16_eabi.lib
       _printfi.c.obj                 4851    0         0      
       fd_add_t2.asm.obj              438     0         0      
       fd_div_t2.asm.obj              310     0         0      
       s_scalbn.c.obj                 272     0         0      
       fd_cmp_t2.asm.obj              268     0         0      
       ctype.c.obj                    0       257       0      
       fd_mul_t2.asm.obj              252     0         0      
       memcpy_t2.asm.obj              156     0         0      
       ull_div_t2.asm.obj             150     0         0      
       vsnprintf.c.obj                136     0         0      
       memset_t2.asm.obj              122     0         0      
       copy_decompress_lzss.c.obj     104     0         0      
       s_frexp.c.obj                  100     0         0      
       _ltoa.c.obj                    84      0         0      
       atoi.c.obj                     76      0         0      
       fd_toi_t2.asm.obj              72      0         0      
       autoinit.c.obj                 68      0         0      
       boot_cortex_m.c.obj            52      0         0      
       i_tofd_t2.asm.obj              46      0         0      
       strcat.c.obj                   30      0         0      
       copy_zero_init.c.obj           28      0         0      
       memccpy.c.obj                  28      0         0      
       s_copysign.c.obj               26      0         0      
       strcmp.c.obj                   24      0         0      
       strchr.c.obj                   22      0         0      
       strcpy.c.obj                   20      0         0      
       strlen.c.obj                   20      0         0      
       wcslen.c.obj                   18      0         0      
       copy_decompress_none.c.obj     14      0         0      
       errno.c.obj                    8       0         4      
       exit.c.obj                     4       0         0      
       pre_init.c.obj                 4       0         0      
       div0.asm.obj                   2       0         0      
    +--+------------------------------+-------+---------+---------+
       Total:                         7805    257       4      
                                                               
       Heap:                          0       0         4096   
       Stack:                         0       0         4096   
       Linker Generated:              0       59        0      
    +--+------------------------------+-------+---------+---------+
       Grand Total:                   11605   973       8990   


LINKER GENERATED COPY TABLES

__TI_cinit_table @ 00003118 records: 3, size/record: 8, table size: 24
	.bss: load addr=00003100, load size=00000008 bytes, run addr=20002270, run size=000000a5 bytes, compression=zero_init
	.vtable: load addr=00003108, load size=00000008 bytes, run addr=20000000, run size=0000026c bytes, compression=zero_init
	.data: load addr=00003110, load size=00000007 bytes, run addr=20002318, run size=0000000d bytes, compression=lzss


LINKER GENERATED HANDLER TABLE

__TI_handler_table @ 000030f0 records: 3, size/record: 4, table size: 12
	index: 0, handler: __TI_zero_init
	index: 1, handler: __TI_decompress_lzss
	index: 2, handler: __TI_decompress_none


GLOBAL SYMBOLS: SORTED ALPHABETICALLY BY Name 

address   name                          
-------   ----                          
00002355  ADC0SS0_Handler               
00002fc5  C$$EXIT                       
00002fa1  CPUcpsie                      
00002f73  IntMasterEnable               
00002dbd  IntRegister                   
00002fad  ResetISR                      
000017ed  TIMER3B_Handler               
20001270  __STACK_END                   
00001000  __STACK_SIZE                  
20000470  __STACK_TOP                   
00001000  __SYSMEM_SIZE                 
00003118  __TI_CINIT_Base               
00003130  __TI_CINIT_Limit              
000030f0  __TI_Handler_Table_Base       
000030fc  __TI_Handler_Table_Limit      
00002cf9  __TI_auto_init_nobinit_nopinit
00002a9d  __TI_decompress_lzss          
00002f93  __TI_decompress_none          
00002bbf  __TI_ltoa                     
ffffffff  __TI_pprof_out_hndl           
0000026d  __TI_printfi                  
ffffffff  __TI_prof_data_size           
ffffffff  __TI_prof_data_start          
00000000  __TI_static_base__            
00002ea1  __TI_zero_init_nomemset       
000028a9  __aeabi_cdcmpeq               
000028a9  __aeabi_cdcmple               
0000292f  __aeabi_cdrcmple              
00002cb1  __aeabi_d2iz                  
00001ac3  __aeabi_dadd                  
00002061  __aeabi_ddiv                  
000024e5  __aeabi_dmul                  
00001ab9  __aeabi_dsub                  
00002fb9  __aeabi_errno_addr            
00002e55  __aeabi_i2d                   
00000cbb  __aeabi_idiv0                 
00000cbb  __aeabi_ldiv0                 
000029b5  __aeabi_memclr                
000029b5  __aeabi_memclr4               
000029b5  __aeabi_memclr8               
00002777  __aeabi_memcpy                
00002777  __aeabi_memcpy4               
00002777  __aeabi_memcpy8               
000029b7  __aeabi_memset                
000029b7  __aeabi_memset4               
000029b7  __aeabi_memset8               
00002813  __aeabi_uldivmod              
ffffffff  __binit__                     
ffffffff  __c_args__                    
UNDEFED   __mpu_init                    
20000270  __stack                       
20000000  __start___llvm_prf_cnts       
20000000  __stop___llvm_prf_cnts        
00002df1  _c_int00_noargs               
00002fc8  _ctypes_                      
20002324  _running                      
20001270  _sys_memory                   
UNDEFED   _system_post_cinit            
00002fc1  _system_pre_init              
200022f8  _timeout_ticks                
00002fc5  abort                         
00002c65  atoi                          
ffffffff  binit                         
00002ed9  copysign                      
00002ed9  copysignl                     
0000132d  cyBOT_SERVO_cal               
000012bb  cyBOT_Scan                    
00001263  cyBOT_init_Scan               
20002318  cyBOT_scan_features           
00001255  cyBOT_scan_version            
00001d79  cyBot_UART1_Handler           
00001d5f  cyBot_getByte                 
00001c71  cyBot_sendByte                
00001d41  cyBot_uart_flush              
00001caf  cyBot_uart_init               
00001c97  cyBot_uart_sendBuffer         
00001c7d  cyBot_uart_sendStr            
20002320  errno                         
200022fc  fallingEdge                   
00002b05  frexp                         
00002b05  frexpl                        
20000000  g_pfnRAMVectors               
00000000  g_pfnVectors                  
0000236b  ir_enableInterrupt            
0000234d  ir_getDistance                
00002325  ir_getValue                   
000022bd  ir_init                       
20002314  isRisingEdge                  
200022c4  isr_char_buffer               
2000231c  isr_counter                   
20002300  isr_int_value                 
00002f83  lcd_clear                     
00000e91  lcd_gotoLine                  
00000cf9  lcd_init                      
00000ef7  lcd_printf                    
00000db9  lcd_putc                      
00000df1  lcd_puts                      
00000cbd  lcd_reverseNibble             
00000e0f  lcd_sendCommand               
00000e4d  lcd_sendNibble                
00000eb9  lcd_setCursorPos              
000023d5  ldexp                         
000023d5  ldexpl                        
20002304  left_calibration_value        
000025e1  main                          
00002ebd  memccpy                       
00002777  memcpy                        
000029bd  memset                        
0000183f  ping_getDistance              
000016fd  ping_init                     
00001783  ping_trigger                  
20002308  pulseLength                   
2000230c  right_calibration_value       
20002310  risingEdge                    
000023d5  scalbn                        
000023d5  scalbnl                       
00001dcd  servo_init                    
00001e5d  servo_move                    
00001ebd  servo_setPWM                  
00001e51  servo_stop                    
00002e83  strcat                        
00002f23  strchr                        
00002f0b  strcmp                        
00002f39  strcpy                        
00002f4d  strlen                        
000015d3  timer_getMicros               
0000157b  timer_getMillis               
000014b5  timer_init                    
00001557  timer_pause                   
00001569  timer_resume                  
0000152d  timer_stop                    
0000162d  timer_waitMicros              
0000165f  timer_waitMillis              
00002d3d  vsnprintf                     
00002f61  wcslen                        


GLOBAL SYMBOLS: SORTED BY Symbol Address 

address   name                          
-------   ----                          
00000000  __TI_static_base__            
00000000  g_pfnVectors                  
0000026d  __TI_printfi                  
00000cbb  __aeabi_idiv0                 
00000cbb  __aeabi_ldiv0                 
00000cbd  lcd_reverseNibble             
00000cf9  lcd_init                      
00000db9  lcd_putc                      
00000df1  lcd_puts                      
00000e0f  lcd_sendCommand               
00000e4d  lcd_sendNibble                
00000e91  lcd_gotoLine                  
00000eb9  lcd_setCursorPos              
00000ef7  lcd_printf                    
00001000  __STACK_SIZE                  
00001000  __SYSMEM_SIZE                 
00001255  cyBOT_scan_version            
00001263  cyBOT_init_Scan               
000012bb  cyBOT_Scan                    
0000132d  cyBOT_SERVO_cal               
000014b5  timer_init                    
0000152d  timer_stop                    
00001557  timer_pause                   
00001569  timer_resume                  
0000157b  timer_getMillis               
000015d3  timer_getMicros               
0000162d  timer_waitMicros              
0000165f  timer_waitMillis              
000016fd  ping_init                     
00001783  ping_trigger                  
000017ed  TIMER3B_Handler               
0000183f  ping_getDistance              
00001ab9  __aeabi_dsub                  
00001ac3  __aeabi_dadd                  
00001c71  cyBot_sendByte                
00001c7d  cyBot_uart_sendStr            
00001c97  cyBot_uart_sendBuffer         
00001caf  cyBot_uart_init               
00001d41  cyBot_uart_flush              
00001d5f  cyBot_getByte                 
00001d79  cyBot_UART1_Handler           
00001dcd  servo_init                    
00001e51  servo_stop                    
00001e5d  servo_move                    
00001ebd  servo_setPWM                  
00002061  __aeabi_ddiv                  
000022bd  ir_init                       
00002325  ir_getValue                   
0000234d  ir_getDistance                
00002355  ADC0SS0_Handler               
0000236b  ir_enableInterrupt            
000023d5  ldexp                         
000023d5  ldexpl                        
000023d5  scalbn                        
000023d5  scalbnl                       
000024e5  __aeabi_dmul                  
000025e1  main                          
00002777  __aeabi_memcpy                
00002777  __aeabi_memcpy4               
00002777  __aeabi_memcpy8               
00002777  memcpy                        
00002813  __aeabi_uldivmod              
000028a9  __aeabi_cdcmpeq               
000028a9  __aeabi_cdcmple               
0000292f  __aeabi_cdrcmple              
000029b5  __aeabi_memclr                
000029b5  __aeabi_memclr4               
000029b5  __aeabi_memclr8               
000029b7  __aeabi_memset                
000029b7  __aeabi_memset4               
000029b7  __aeabi_memset8               
000029bd  memset                        
00002a9d  __TI_decompress_lzss          
00002b05  frexp                         
00002b05  frexpl                        
00002bbf  __TI_ltoa                     
00002c65  atoi                          
00002cb1  __aeabi_d2iz                  
00002cf9  __TI_auto_init_nobinit_nopinit
00002d3d  vsnprintf                     
00002dbd  IntRegister                   
00002df1  _c_int00_noargs               
00002e55  __aeabi_i2d                   
00002e83  strcat                        
00002ea1  __TI_zero_init_nomemset       
00002ebd  memccpy                       
00002ed9  copysign                      
00002ed9  copysignl                     
00002f0b  strcmp                        
00002f23  strchr                        
00002f39  strcpy                        
00002f4d  strlen                        
00002f61  wcslen                        
00002f73  IntMasterEnable               
00002f83  lcd_clear                     
00002f93  __TI_decompress_none          
00002fa1  CPUcpsie                      
00002fad  ResetISR                      
00002fb9  __aeabi_errno_addr            
00002fc1  _system_pre_init              
00002fc5  C$$EXIT                       
00002fc5  abort                         
00002fc8  _ctypes_                      
000030f0  __TI_Handler_Table_Base       
000030fc  __TI_Handler_Table_Limit      
00003118  __TI_CINIT_Base               
00003130  __TI_CINIT_Limit              
20000000  __start___llvm_prf_cnts       
20000000  __stop___llvm_prf_cnts        
20000000  g_pfnRAMVectors               
20000270  __stack                       
20000470  __STACK_TOP                   
20001270  __STACK_END                   
20001270  _sys_memory                   
200022c4  isr_char_buffer               
200022f8  _timeout_ticks                
200022fc  fallingEdge                   
20002300  isr_int_value                 
20002304  left_calibration_value        
20002308  pulseLength                   
2000230c  right_calibration_value       
20002310  risingEdge                    
20002314  isRisingEdge                  
20002318  cyBOT_scan_features           
2000231c  isr_counter                   
20002320  errno                         
20002324  _running                      
ffffffff  __TI_pprof_out_hndl           
ffffffff  __TI_prof_data_size           
ffffffff  __TI_prof_data_start          
ffffffff  __binit__                     
ffffffff  __c_args__                    
ffffffff  binit                         
UNDEFED   __mpu_init                    
UNDEFED   _system_post_cinit            

[135 symbols]
