******************************************************************************
                  TI ARM Linker PC v20.2.7                     
******************************************************************************
>> Linked Tue Feb  6 15:43:39 2024

OUTPUT FILE NAME:   <Lab3.out>
ENTRY POINT SYMBOL: "_c_int00_noargs"  address: 00004209


MEMORY CONFIGURATION

         name            origin    length      used     unused   attr    fill
----------------------  --------  ---------  --------  --------  ----  --------
  FLASH                 00000000   00020000  000045d1  0001ba2f  R  X
  SRAM                  20000000   00008000  00002366  00005c9a  RW X


SEGMENT ALLOCATION MAP

run origin  load origin   length   init length attrs members
----------  ----------- ---------- ----------- ----- -------
00000000    00000000    000045d8   000045d8    r-x
  00000000    00000000    0000026c   0000026c    r-- .intvecs
  0000026c    0000026c    000041e0   000041e0    r-x .text
  0000444c    0000444c    00000135   00000135    r-- .const
  00004588    00004588    00000050   00000050    r-- .cinit
20000000    20000000    0000236d   00000000    rw-
  20000000    20000000    0000026c   00000000    rw- .vtable
  20000270    20000270    00001000   00000000    rw- .stack
  20001270    20001270    00001000   00000000    rw- .sysmem
  20002270    20002270    000000bd   00000000    rw- .bss
  20002330    20002330    0000003d   00000000    rw- .data


SECTION ALLOCATION MAP

 output                                  attributes/
section   page    origin      length       input sections
--------  ----  ----------  ----------   ----------------
.intvecs   0    00000000    0000026c     
                  00000000    0000026c     tm4c123ge6pm_startup_ccs.obj (.intvecs)

.text      0    0000026c    000041e0     
                  0000026c    00000c20     open_interface.obj (.text)
                  00000e8c    00000a4e     rtsv7M4_T_le_v4SPD16_eabi.lib : _printfi.c.obj (.text:__TI_printfi)
                  000018da    00000002                                   : _lock.c.obj (.text:_nop)
                  000018dc    00000328     lcd.obj (.text)
                  00001c04    000002f0     objects_scan.obj (.text)
                  00001ef4    00000278     movement.obj (.text)
                  0000216c    00000270     rtsv7M4_T_le_v4SPD16_eabi.lib : _printfi.c.obj (.text:_pconv_a)
                  000023dc    00000260     libcybotScan.lib : cyBot_Scan.obj (.text)
                  0000263c    00000248     Timer.obj (.text)
                  00002884    000001ec     libcybotScan.lib : ping.obj (.text)
                  00002a70    000001d0     rtsv7M4_T_le_v4SPD16_eabi.lib : _printfi.c.obj (.text:_pconv_g)
                  00002c40    000001b6                                   : fd_add_t2.asm.obj (.text)
                  00002df6    00000002                                   : div0.asm.obj (.text)
                  00002df8    0000015c     libcybotUART.lib : uart.obj (.text)
                  00002f54    00000158     libcybotScan.lib : servo.obj (.text)
                  000030ac    0000013c     rtsv7M4_T_le_v4SPD16_eabi.lib : _printfi.c.obj (.text:_pconv_e)
                  000031e8    00000136                                   : fd_div_t2.asm.obj (.text)
                  0000331e    00000002     --HOLE-- [fill = 0]
                  00003320    00000124                                   : _printfi.c.obj (.text:fcvt)
                  00003444    00000118     libcybotScan.lib : ir.obj (.text)
                  0000355c    00000110     rtsv7M4_T_le_v4SPD16_eabi.lib : s_scalbn.c.obj (.text:scalbn)
                  0000366c    00000100                                   : memory.c.obj (.text:aligned_alloc)
                  0000376c    000000fc                                   : fd_mul_t2.asm.obj (.text)
                  00003868    000000e4                                   : memory.c.obj (.text:free)
                  0000394c    000000b1                                   : _printfi.c.obj (.text:_ltostr)
                  000039fd    00000001     --HOLE-- [fill = 0]
                  000039fe    0000009c                                   : memcpy_t2.asm.obj (.text)
                  00003a9a    00000096                                   : ull_div_t2.asm.obj (.text)
                  00003b30    00000086                                   : fd_cmp_t2.asm.obj (.text:__aeabi_cdcmple)
                  00003bb6    00000086                                   : fd_cmp_t2.asm.obj (.text:__aeabi_cdrcmple)
                  00003c3c    0000007a                                   : memset_t2.asm.obj (.text)
                  00003cb6    00000002     --HOLE-- [fill = 0]
                  00003cb8    00000070                                   : memory.c.obj (.text:split)
                  00003d28    0000006e                                   : _printfi.c.obj (.text:_mcpy)
                  00003d96    0000006e                                   : fd_tos_t2.asm.obj (.text)
                  00003e04    00000068                                   : copy_decompress_lzss.c.obj (.text:decompress:lzss:__TI_decompress_lzss)
                  00003e6c    00000064                                   : s_frexp.c.obj (.text:frexp)
                  00003ed0    00000056                                   : _printfi.c.obj (.text:_pconv_f)
                  00003f26    00000054                                   : _ltoa.c.obj (.text:__TI_ltoa)
                  00003f7a    00000052                                   : _printfi.c.obj (.text:_ecpy)
                  00003fcc    0000004c                                   : atoi.c.obj (.text:atoi)
                  00004018    00000048                                   : fd_toi_t2.asm.obj (.text)
                  00004060    00000044                                   : autoinit.c.obj (.text:__TI_auto_init_nobinit_nopinit:__TI_auto_init_nobinit_nopinit)
                  000040a4    00000040                                   : sprintf.c.obj (.text:sprintf)
                  000040e4    00000040                                   : vsnprintf.c.obj (.text:vsnprintf)
                  00004124    0000003e                                   : _printfi.c.obj (.text:_fcpy)
                  00004162    00000002     --HOLE-- [fill = 0]
                  00004164    00000038                                   : memory.c.obj (.text:calloc)
                  0000419c    00000038                                   : fs_tod_t2.asm.obj (.text)
                  000041d4    00000034     driverlib.lib : interrupt.obj (.text:IntRegister)
                  00004208    00000034     rtsv7M4_T_le_v4SPD16_eabi.lib : boot_cortex_m.c.obj (.text:_c_int00_noargs:_c_int00_noargs)
                  0000423c    00000030                                   : vsnprintf.c.obj (.text:_outs)
                  0000426c    0000002e                                   : i_tofd_t2.asm.obj (.text)
                  0000429a    00000002     --HOLE-- [fill = 0]
                  0000429c    00000028                                   : memory.c.obj (.text:free_list_insert)
                  000042c4    0000001c                                   : copy_zero_init.c.obj (.text:decompress:ZI:__TI_zero_init_nomemset:__TI_zero_init_nomemset)
                  000042e0    0000001c                                   : memory.c.obj (.text:free_list_remove)
                  000042fc    0000001c                                   : memccpy.c.obj (.text:memccpy)
                  00004318    0000001a                                   : s_copysign.c.obj (.text:copysign)
                  00004332    00000018                                   : vsnprintf.c.obj (.text:_outc)
                  0000434a    00000018                                   : sprintf.c.obj (.text:_outs)
                  00004362    00000018     open_interface.obj (.text:oi_parseInt)
                  0000437a    00000018     rtsv7M4_T_le_v4SPD16_eabi.lib : strcmp.c.obj (.text:strcmp)
                  00004392    00000016                                   : strchr.c.obj (.text:strchr)
                  000043a8    00000014                                   : strcpy.c.obj (.text:strcpy)
                  000043bc    00000014                                   : strlen.c.obj (.text:strlen)
                  000043d0    00000012                                   : wcslen.c.obj (.text:wcslen)
                  000043e2    00000010     driverlib.lib : interrupt.obj (.text:IntMasterEnable)
                  000043f2    00000010     lcd.obj (.text:lcd_clear)
                  00004402    0000000e     rtsv7M4_T_le_v4SPD16_eabi.lib : copy_decompress_none.c.obj (.text:decompress:none:__TI_decompress_none)
                  00004410    0000000c     driverlib.lib : cpu.obj (.text:CPUcpsie)
                  0000441c    0000000c     tm4c123ge6pm_startup_ccs.obj (.text)
                  00004428    0000000a     rtsv7M4_T_le_v4SPD16_eabi.lib : sprintf.c.obj (.text:_outc)
                  00004432    00000002     --HOLE-- [fill = 0]
                  00004434    00000008                                   : errno.c.obj (.text:__aeabi_errno_addr)
                  0000443c    00000008                                   : memory.c.obj (.text:malloc)
                  00004444    00000004                                   : pre_init.c.obj (.text:_system_pre_init)
                  00004448    00000004                                   : exit.c.obj (.text:abort:abort)

.const     0    0000444c    00000135     
                  0000444c    00000101     rtsv7M4_T_le_v4SPD16_eabi.lib : ctype.c.obj (.const:.string:_ctypes_)
                  0000454d    0000001d     objects_scan.obj (.const:.string:$P$T0$1)
                  0000456a    0000000f     open_interface.obj (.const:.string:$P$T0$3)
                  00004579    00000004     lcd.obj (.const:.string:lineAddress$1)
                  0000457d    00000004     lcd.obj (.const:.string:lineAddresses$2)

.cinit     0    00004588    00000050     
                  00004588    00000019     (.cinit..data.load) [load image, compression = lzss]
                  000045a1    00000003     --HOLE-- [fill = 0]
                  000045a4    0000000c     (__TI_handler_table)
                  000045b0    00000008     (.cinit..bss.load) [load image, compression = zero_init]
                  000045b8    00000008     (.cinit..vtable.load) [load image, compression = zero_init]
                  000045c0    00000018     (__TI_cinit_table)

.init_array 
*          0    00000000    00000000     UNINITIALIZED

.vtable    0    20000000    0000026c     UNINITIALIZED
                  20000000    0000026c     driverlib.lib : interrupt.obj (.vtable)

.stack     0    20000270    00001000     UNINITIALIZED
                  20000270    00000004     rtsv7M4_T_le_v4SPD16_eabi.lib : boot_cortex_m.c.obj (.stack)
                  20000274    00000ffc     --HOLE--

.sysmem    0    20001270    00001000     UNINITIALIZED
                  20001270    00000010     rtsv7M4_T_le_v4SPD16_eabi.lib : memory.c.obj (.sysmem)
                  20001280    00000ff0     --HOLE--

.bss       0    20002270    000000bd     UNINITIALIZED
                  20002270    00000054     lcd.obj (.bss:lastbuffer$3)
                  200022c4    00000034     (.common:isr_char_buffer)
                  200022f8    00000018     open_interface.obj (.bss:firmware$2)
                  20002310    00000004     (.common:_timeout_ticks)
                  20002314    00000004     (.common:fallingEdge)
                  20002318    00000004     (.common:isr_int_value)
                  2000231c    00000004     (.common:left_calibration_value)
                  20002320    00000004     (.common:pulseLength)
                  20002324    00000004     (.common:right_calibration_value)
                  20002328    00000004     (.common:risingEdge)
                  2000232c    00000001     (.common:isRisingEdge)

.data      0    20002330    0000003d     UNINITIALIZED
                  20002330    00000020     open_interface.obj (.data)
                  20002350    00000008     rtsv7M4_T_le_v4SPD16_eabi.lib : _lock.c.obj (.data:$O1$$)
                  20002358    00000008                                   : memory.c.obj (.data:$O1$$)
                  20002360    00000004     libcybotScan.lib : cyBot_Scan.obj (.data)
                  20002364    00000004     libcybotUART.lib : uart.obj (.data)
                  20002368    00000004     rtsv7M4_T_le_v4SPD16_eabi.lib : errno.c.obj (.data)
                  2000236c    00000001     Timer.obj (.data)

__llvm_prf_cnts 
*          0    20000000    00000000     UNINITIALIZED

MODULE SUMMARY

       Module                         code    ro data   rw data
       ------                         ----    -------   -------
    .\
       open_interface.obj             3128    15        56     
       lcd.obj                        824     8         84     
       objects_scan.obj               752     29        8      
       movement.obj                   632     0         0      
       tm4c123ge6pm_startup_ccs.obj   12      620       0      
       Timer.obj                      584     0         5      
    +--+------------------------------+-------+---------+---------+
       Total:                         5932    672       153    
                                                               
    ../libcybotScan.lib
       cyBot_Scan.obj                 608     0         4      
       ping.obj                       492     0         13     
       servo.obj                      344     0         0      
       ir.obj                         280     0         4      
    +--+------------------------------+-------+---------+---------+
       Total:                         1724    0         21     
                                                               
    ../libcybotUART.lib
       uart.obj                       348     0         56     
    +--+------------------------------+-------+---------+---------+
       Total:                         348     0         56     
                                                               
    C:/ti/TivaWare_C_Series-2.2.0.295/driverlib/ccs/Debug/driverlib.lib
       interrupt.obj                  68      0         620    
       cpu.obj                        12      0         0      
    +--+------------------------------+-------+---------+---------+
       Total:                         80      0         620    
                                                               
    C:\ti\ccs1230\ccs\tools\compiler\ti-cgt-arm_20.2.7.LTS\lib\rtsv7M4_T_le_v4SPD16_eabi.lib
       _printfi.c.obj                 4851    0         0      
       memory.c.obj                   728     0         8      
       fd_add_t2.asm.obj              438     0         0      
       fd_div_t2.asm.obj              310     0         0      
       s_scalbn.c.obj                 272     0         0      
       fd_cmp_t2.asm.obj              268     0         0      
       ctype.c.obj                    0       257       0      
       fd_mul_t2.asm.obj              252     0         0      
       memcpy_t2.asm.obj              156     0         0      
       ull_div_t2.asm.obj             150     0         0      
       vsnprintf.c.obj                136     0         0      
       memset_t2.asm.obj              122     0         0      
       fd_tos_t2.asm.obj              110     0         0      
       copy_decompress_lzss.c.obj     104     0         0      
       s_frexp.c.obj                  100     0         0      
       sprintf.c.obj                  98      0         0      
       _ltoa.c.obj                    84      0         0      
       atoi.c.obj                     76      0         0      
       fd_toi_t2.asm.obj              72      0         0      
       autoinit.c.obj                 68      0         0      
       fs_tod_t2.asm.obj              56      0         0      
       boot_cortex_m.c.obj            52      0         0      
       i_tofd_t2.asm.obj              46      0         0      
       copy_zero_init.c.obj           28      0         0      
       memccpy.c.obj                  28      0         0      
       s_copysign.c.obj               26      0         0      
       strcmp.c.obj                   24      0         0      
       strchr.c.obj                   22      0         0      
       strcpy.c.obj                   20      0         0      
       strlen.c.obj                   20      0         0      
       wcslen.c.obj                   18      0         0      
       copy_decompress_none.c.obj     14      0         0      
       errno.c.obj                    8       0         4      
       _lock.c.obj                    2       0         8      
       exit.c.obj                     4       0         0      
       pre_init.c.obj                 4       0         0      
       div0.asm.obj                   2       0         0      
    +--+------------------------------+-------+---------+---------+
       Total:                         8769    257       20     
                                                               
       Heap:                          0       0         4096   
       Stack:                         0       0         4096   
       Linker Generated:              0       77        0      
    +--+------------------------------+-------+---------+---------+
       Grand Total:                   16853   1006      9062   


LINKER GENERATED COPY TABLES

__TI_cinit_table @ 000045c0 records: 3, size/record: 8, table size: 24
	.data: load addr=00004588, load size=00000019 bytes, run addr=20002330, run size=0000003d bytes, compression=lzss
	.bss: load addr=000045b0, load size=00000008 bytes, run addr=20002270, run size=000000bd bytes, compression=zero_init
	.vtable: load addr=000045b8, load size=00000008 bytes, run addr=20000000, run size=0000026c bytes, compression=zero_init


LINKER GENERATED HANDLER TABLE

__TI_handler_table @ 000045a4 records: 3, size/record: 4, table size: 12
	index: 0, handler: __TI_zero_init
	index: 1, handler: __TI_decompress_lzss
	index: 2, handler: __TI_decompress_none


GLOBAL SYMBOLS: SORTED ALPHABETICALLY BY Name 

address   name                          
-------   ----                          
000034dd  ADC0SS0_Handler               
00004449  C$$EXIT                       
00004411  CPUcpsie                      
00000bc3  GPIOF_Handler                 
000043e3  IntMasterEnable               
000041d5  IntRegister                   
0000441d  ResetISR                      
00002975  TIMER3B_Handler               
20001270  __STACK_END                   
00001000  __STACK_SIZE                  
20000470  __STACK_TOP                   
00001000  __SYSMEM_SIZE                 
000045c0  __TI_CINIT_Base               
000045d8  __TI_CINIT_Limit              
000045a4  __TI_Handler_Table_Base       
000045b0  __TI_Handler_Table_Limit      
00004061  __TI_auto_init_nobinit_nopinit
00003e05  __TI_decompress_lzss          
00004403  __TI_decompress_none          
00003f27  __TI_ltoa                     
ffffffff  __TI_pprof_out_hndl           
00000e8d  __TI_printfi                  
ffffffff  __TI_prof_data_size           
ffffffff  __TI_prof_data_start          
00000000  __TI_static_base__            
000042c5  __TI_zero_init_nomemset       
00003b31  __aeabi_cdcmpeq               
00003b31  __aeabi_cdcmple               
00003bb7  __aeabi_cdrcmple              
00003d97  __aeabi_d2f                   
00004019  __aeabi_d2iz                  
00002c4b  __aeabi_dadd                  
000031e9  __aeabi_ddiv                  
0000376d  __aeabi_dmul                  
00002c41  __aeabi_dsub                  
00004435  __aeabi_errno_addr            
0000419d  __aeabi_f2d                   
0000426d  __aeabi_i2d                   
00002df7  __aeabi_idiv0                 
00002df7  __aeabi_ldiv0                 
00003c3d  __aeabi_memclr                
00003c3d  __aeabi_memclr4               
00003c3d  __aeabi_memclr8               
000039ff  __aeabi_memcpy                
000039ff  __aeabi_memcpy4               
000039ff  __aeabi_memcpy8               
00003c3f  __aeabi_memset                
00003c3f  __aeabi_memset4               
00003c3f  __aeabi_memset8               
00003a9b  __aeabi_uldivmod              
ffffffff  __binit__                     
ffffffff  __c_args__                    
UNDEFED   __mpu_init                    
20000270  __stack                       
20000000  __start___llvm_prf_cnts       
20000000  __stop___llvm_prf_cnts        
00004209  _c_int00_noargs               
0000444c  _ctypes_                      
20002350  _lock                         
000018db  _nop                          
2000236c  _running                      
20001270  _sys_memory                   
UNDEFED   _system_post_cinit            
00004445  _system_pre_init              
20002310  _timeout_ticks                
20002354  _unlock                       
00004449  abort                         
0000366d  aligned_alloc                 
00003fcd  atoi                          
ffffffff  binit                         
00004165  calloc                        
00004319  copysign                      
00004319  copysignl                     
000024b5  cyBOT_SERVO_cal               
00002443  cyBOT_Scan                    
000023eb  cyBOT_init_Scan               
20002360  cyBOT_scan_features           
000023dd  cyBOT_scan_version            
00002f01  cyBot_UART1_Handler           
00002ee7  cyBot_getByte                 
00002df9  cyBot_sendByte                
00002ec9  cyBot_uart_flush              
00002e37  cyBot_uart_init               
00002e1f  cyBot_uart_sendBuffer         
00002e05  cyBot_uart_sendStr            
20002368  errno                         
20002314  fallingEdge                   
00003869  free                          
00003e6d  frexp                         
00003e6d  frexpl                        
20000000  g_pfnRAMVectors               
00000000  g_pfnVectors                  
0000097f  go_charge                     
000034f3  ir_enableInterrupt            
000034d5  ir_getDistance                
000034ad  ir_getValue                   
00003445  ir_init                       
2000232c  isRisingEdge                  
200022c4  isr_char_buffer               
20002364  isr_counter                   
20002318  isr_int_value                 
000043f3  lcd_clear                     
00001ab1  lcd_gotoLine                  
00001919  lcd_init                      
00001b17  lcd_printf                    
000019d9  lcd_putc                      
00001a11  lcd_puts                      
000018dd  lcd_reverseNibble             
00001a2f  lcd_sendCommand               
00001a6d  lcd_sendNibble                
00001ad9  lcd_setCursorPos              
0000355d  ldexp                         
0000355d  ldexpl                        
2000231c  left_calibration_value        
00001c05  main                          
0000443d  malloc                        
0000366d  memalign                      
000042fd  memccpy                       
000039ff  memcpy                        
00003c45  memset                        
20002330  motor_cal_factor_L            
20002334  motor_cal_factor_R            
00002097  move_backward                 
00001ffd  move_forward                  
0000026d  oi_alloc                      
00000aa9  oi_checkFirmware              
000002c7  oi_close                      
00000279  oi_free                       
00000ded  oi_getMotorCalibrationLeft    
00000e01  oi_getMotorCalibrationRight   
000002b1  oi_init                       
00000289  oi_init_noupdate              
00000915  oi_loadSong                   
00004363  oi_parseInt                   
0000032b  oi_parsePacket                
0000096b  oi_play_song                  
0000084b  oi_setLeds                    
00000db1  oi_setMotorCalibration        
0000088f  oi_setWheels                  
00000b51  oi_shutoff_init               
0000098d  oi_uartInit                   
00000a31  oi_uartReceive                
00000a77  oi_uartSendBuff               
00000a15  oi_uartSendChar               
00000a59  oi_uartSendStr                
000002d9  oi_update                     
000029c7  ping_getDistance              
00002885  ping_init                     
0000290b  ping_trigger                  
20002320  pulseLength                   
20002324  right_calibration_value       
20002328  risingEdge                    
0000355d  scalbn                        
0000355d  scalbnl                       
00002f55  servo_init                    
00002fe5  servo_move                    
00003045  servo_setPWM                  
00002fd9  servo_stop                    
000040a5  sprintf                       
00004393  strchr                        
0000437b  strcmp                        
000043a9  strcpy                        
000043bd  strlen                        
0000275b  timer_getMicros               
00002703  timer_getMillis               
0000263d  timer_init                    
000026df  timer_pause                   
000026f1  timer_resume                  
000026b5  timer_stop                    
000027b5  timer_waitMicros              
000027e7  timer_waitMillis              
00001f79  turn_left                     
00001ef5  turn_right                    
000040e5  vsnprintf                     
000043d1  wcslen                        


GLOBAL SYMBOLS: SORTED BY Symbol Address 

address   name                          
-------   ----                          
00000000  __TI_static_base__            
00000000  g_pfnVectors                  
0000026d  oi_alloc                      
00000279  oi_free                       
00000289  oi_init_noupdate              
000002b1  oi_init                       
000002c7  oi_close                      
000002d9  oi_update                     
0000032b  oi_parsePacket                
0000084b  oi_setLeds                    
0000088f  oi_setWheels                  
00000915  oi_loadSong                   
0000096b  oi_play_song                  
0000097f  go_charge                     
0000098d  oi_uartInit                   
00000a15  oi_uartSendChar               
00000a31  oi_uartReceive                
00000a59  oi_uartSendStr                
00000a77  oi_uartSendBuff               
00000aa9  oi_checkFirmware              
00000b51  oi_shutoff_init               
00000bc3  GPIOF_Handler                 
00000db1  oi_setMotorCalibration        
00000ded  oi_getMotorCalibrationLeft    
00000e01  oi_getMotorCalibrationRight   
00000e8d  __TI_printfi                  
00001000  __STACK_SIZE                  
00001000  __SYSMEM_SIZE                 
000018db  _nop                          
000018dd  lcd_reverseNibble             
00001919  lcd_init                      
000019d9  lcd_putc                      
00001a11  lcd_puts                      
00001a2f  lcd_sendCommand               
00001a6d  lcd_sendNibble                
00001ab1  lcd_gotoLine                  
00001ad9  lcd_setCursorPos              
00001b17  lcd_printf                    
00001c05  main                          
00001ef5  turn_right                    
00001f79  turn_left                     
00001ffd  move_forward                  
00002097  move_backward                 
000023dd  cyBOT_scan_version            
000023eb  cyBOT_init_Scan               
00002443  cyBOT_Scan                    
000024b5  cyBOT_SERVO_cal               
0000263d  timer_init                    
000026b5  timer_stop                    
000026df  timer_pause                   
000026f1  timer_resume                  
00002703  timer_getMillis               
0000275b  timer_getMicros               
000027b5  timer_waitMicros              
000027e7  timer_waitMillis              
00002885  ping_init                     
0000290b  ping_trigger                  
00002975  TIMER3B_Handler               
000029c7  ping_getDistance              
00002c41  __aeabi_dsub                  
00002c4b  __aeabi_dadd                  
00002df7  __aeabi_idiv0                 
00002df7  __aeabi_ldiv0                 
00002df9  cyBot_sendByte                
00002e05  cyBot_uart_sendStr            
00002e1f  cyBot_uart_sendBuffer         
00002e37  cyBot_uart_init               
00002ec9  cyBot_uart_flush              
00002ee7  cyBot_getByte                 
00002f01  cyBot_UART1_Handler           
00002f55  servo_init                    
00002fd9  servo_stop                    
00002fe5  servo_move                    
00003045  servo_setPWM                  
000031e9  __aeabi_ddiv                  
00003445  ir_init                       
000034ad  ir_getValue                   
000034d5  ir_getDistance                
000034dd  ADC0SS0_Handler               
000034f3  ir_enableInterrupt            
0000355d  ldexp                         
0000355d  ldexpl                        
0000355d  scalbn                        
0000355d  scalbnl                       
0000366d  aligned_alloc                 
0000366d  memalign                      
0000376d  __aeabi_dmul                  
00003869  free                          
000039ff  __aeabi_memcpy                
000039ff  __aeabi_memcpy4               
000039ff  __aeabi_memcpy8               
000039ff  memcpy                        
00003a9b  __aeabi_uldivmod              
00003b31  __aeabi_cdcmpeq               
00003b31  __aeabi_cdcmple               
00003bb7  __aeabi_cdrcmple              
00003c3d  __aeabi_memclr                
00003c3d  __aeabi_memclr4               
00003c3d  __aeabi_memclr8               
00003c3f  __aeabi_memset                
00003c3f  __aeabi_memset4               
00003c3f  __aeabi_memset8               
00003c45  memset                        
00003d97  __aeabi_d2f                   
00003e05  __TI_decompress_lzss          
00003e6d  frexp                         
00003e6d  frexpl                        
00003f27  __TI_ltoa                     
00003fcd  atoi                          
00004019  __aeabi_d2iz                  
00004061  __TI_auto_init_nobinit_nopinit
000040a5  sprintf                       
000040e5  vsnprintf                     
00004165  calloc                        
0000419d  __aeabi_f2d                   
000041d5  IntRegister                   
00004209  _c_int00_noargs               
0000426d  __aeabi_i2d                   
000042c5  __TI_zero_init_nomemset       
000042fd  memccpy                       
00004319  copysign                      
00004319  copysignl                     
00004363  oi_parseInt                   
0000437b  strcmp                        
00004393  strchr                        
000043a9  strcpy                        
000043bd  strlen                        
000043d1  wcslen                        
000043e3  IntMasterEnable               
000043f3  lcd_clear                     
00004403  __TI_decompress_none          
00004411  CPUcpsie                      
0000441d  ResetISR                      
00004435  __aeabi_errno_addr            
0000443d  malloc                        
00004445  _system_pre_init              
00004449  C$$EXIT                       
00004449  abort                         
0000444c  _ctypes_                      
000045a4  __TI_Handler_Table_Base       
000045b0  __TI_Handler_Table_Limit      
000045c0  __TI_CINIT_Base               
000045d8  __TI_CINIT_Limit              
20000000  __start___llvm_prf_cnts       
20000000  __stop___llvm_prf_cnts        
20000000  g_pfnRAMVectors               
20000270  __stack                       
20000470  __STACK_TOP                   
20001270  __STACK_END                   
20001270  _sys_memory                   
200022c4  isr_char_buffer               
20002310  _timeout_ticks                
20002314  fallingEdge                   
20002318  isr_int_value                 
2000231c  left_calibration_value        
20002320  pulseLength                   
20002324  right_calibration_value       
20002328  risingEdge                    
2000232c  isRisingEdge                  
20002330  motor_cal_factor_L            
20002334  motor_cal_factor_R            
20002350  _lock                         
20002354  _unlock                       
20002360  cyBOT_scan_features           
20002364  isr_counter                   
20002368  errno                         
2000236c  _running                      
ffffffff  __TI_pprof_out_hndl           
ffffffff  __TI_prof_data_size           
ffffffff  __TI_prof_data_start          
ffffffff  __binit__                     
ffffffff  __c_args__                    
ffffffff  binit                         
UNDEFED   __mpu_init                    
UNDEFED   _system_post_cinit            

[175 symbols]
