******************************************************************************
                  TI ARM Linker PC v20.2.7                     
******************************************************************************
>> Linked Tue Jan 30 13:26:39 2024

OUTPUT FILE NAME:   <Lab2.out>
ENTRY POINT SYMBOL: "_c_int00_noargs"  address: 00003831


MEMORY CONFIGURATION

         name            origin    length      used     unused   attr    fill
----------------------  --------  ---------  --------  --------  ----  --------
  FLASH                 00000000   00020000  00003bb8  0001c448  R  X
  SRAM                  20000000   00008000  00002311  00005cef  RW X


SEGMENT ALLOCATION MAP

run origin  load origin   length   init length attrs members
----------  ----------- ---------- ----------- ----- -------
00000000    00000000    00003bb8   00003bb8    r-x
  00000000    00000000    0000026c   0000026c    r-- .intvecs
  0000026c    0000026c    000037e4   000037e4    r-x .text
  00003a50    00003a50    00000118   00000118    r-- .const
  00003b68    00003b68    00000050   00000050    r-- .cinit
20000000    20000000    00002315   00000000    rw-
  20000000    20000000    0000026c   00000000    rw- .vtable
  20000270    20000270    00001000   00000000    rw- .stack
  20001270    20001270    00001000   00000000    rw- .sysmem
  20002270    20002270    00000070   00000000    rw- .bss
  200022e0    200022e0    00000035   00000000    rw- .data


SECTION ALLOCATION MAP

 output                                  attributes/
section   page    origin      length       input sections
--------  ----  ----------  ----------   ----------------
.intvecs   0    00000000    0000026c     
                  00000000    0000026c     tm4c123ge6pm_startup_ccs.obj (.intvecs)

.text      0    0000026c    000037e4     
                  0000026c    00000c20     open_interface.obj (.text)
                  00000e8c    00000a4e     rtsv7M4_T_le_v4SPD16_eabi.lib : _printfi.c.obj (.text:__TI_printfi)
                  000018da    00000002                                   : _lock.c.obj (.text:_nop)
                  000018dc    00000328     lcd.obj (.text)
                  00001c04    00000278     movement.obj (.text)
                  00001e7c    00000270     rtsv7M4_T_le_v4SPD16_eabi.lib : _printfi.c.obj (.text:_pconv_a)
                  000020ec    00000248     Timer.obj (.text)
                  00002334    000001d0     rtsv7M4_T_le_v4SPD16_eabi.lib : _printfi.c.obj (.text:_pconv_g)
                  00002504    000001b6                                   : fd_add_t2.asm.obj (.text)
                  000026ba    00000002                                   : div0.asm.obj (.text)
                  000026bc    00000170     main.obj (.text)
                  0000282c    0000013c     rtsv7M4_T_le_v4SPD16_eabi.lib : _printfi.c.obj (.text:_pconv_e)
                  00002968    00000136                                   : fd_div_t2.asm.obj (.text)
                  00002a9e    00000002     --HOLE-- [fill = 0]
                  00002aa0    00000124                                   : _printfi.c.obj (.text:fcvt)
                  00002bc4    00000110                                   : s_scalbn.c.obj (.text:scalbn)
                  00002cd4    00000100                                   : memory.c.obj (.text:aligned_alloc)
                  00002dd4    000000fc                                   : fd_mul_t2.asm.obj (.text)
                  00002ed0    000000e4                                   : memory.c.obj (.text:free)
                  00002fb4    000000b1                                   : _printfi.c.obj (.text:_ltostr)
                  00003065    00000001     --HOLE-- [fill = 0]
                  00003066    0000009c                                   : memcpy_t2.asm.obj (.text)
                  00003102    00000096                                   : ull_div_t2.asm.obj (.text)
                  00003198    00000086                                   : fd_cmp_t2.asm.obj (.text:__aeabi_cdcmple)
                  0000321e    00000086                                   : fd_cmp_t2.asm.obj (.text:__aeabi_cdrcmple)
                  000032a4    0000007a                                   : memset_t2.asm.obj (.text)
                  0000331e    00000002     --HOLE-- [fill = 0]
                  00003320    00000070                                   : memory.c.obj (.text:split)
                  00003390    0000006e                                   : _printfi.c.obj (.text:_mcpy)
                  000033fe    0000006e                                   : fd_tos_t2.asm.obj (.text)
                  0000346c    00000068                                   : copy_decompress_lzss.c.obj (.text:decompress:lzss:__TI_decompress_lzss)
                  000034d4    00000064                                   : s_frexp.c.obj (.text:frexp)
                  00003538    00000056                                   : _printfi.c.obj (.text:_pconv_f)
                  0000358e    00000054                                   : _ltoa.c.obj (.text:__TI_ltoa)
                  000035e2    00000052                                   : _printfi.c.obj (.text:_ecpy)
                  00003634    0000004c                                   : atoi.c.obj (.text:atoi)
                  00003680    00000048                                   : fd_toi_t2.asm.obj (.text)
                  000036c8    00000044                                   : autoinit.c.obj (.text:__TI_auto_init_nobinit_nopinit:__TI_auto_init_nobinit_nopinit)
                  0000370c    00000040                                   : vsnprintf.c.obj (.text:vsnprintf)
                  0000374c    0000003e                                   : _printfi.c.obj (.text:_fcpy)
                  0000378a    00000002     --HOLE-- [fill = 0]
                  0000378c    00000038                                   : memory.c.obj (.text:calloc)
                  000037c4    00000038                                   : fs_tod_t2.asm.obj (.text)
                  000037fc    00000034     driverlib.lib : interrupt.obj (.text:IntRegister)
                  00003830    00000034     rtsv7M4_T_le_v4SPD16_eabi.lib : boot_cortex_m.c.obj (.text:_c_int00_noargs:_c_int00_noargs)
                  00003864    00000030                                   : vsnprintf.c.obj (.text:_outs)
                  00003894    0000002e                                   : i_tofd_t2.asm.obj (.text)
                  000038c2    00000002     --HOLE-- [fill = 0]
                  000038c4    00000028                                   : memory.c.obj (.text:free_list_insert)
                  000038ec    0000001c                                   : copy_zero_init.c.obj (.text:decompress:ZI:__TI_zero_init_nomemset:__TI_zero_init_nomemset)
                  00003908    0000001c                                   : memory.c.obj (.text:free_list_remove)
                  00003924    0000001c                                   : memccpy.c.obj (.text:memccpy)
                  00003940    0000001a                                   : s_copysign.c.obj (.text:copysign)
                  0000395a    00000018                                   : vsnprintf.c.obj (.text:_outc)
                  00003972    00000018     open_interface.obj (.text:oi_parseInt)
                  0000398a    00000018     rtsv7M4_T_le_v4SPD16_eabi.lib : strcmp.c.obj (.text:strcmp)
                  000039a2    00000016                                   : strchr.c.obj (.text:strchr)
                  000039b8    00000014                                   : strcpy.c.obj (.text:strcpy)
                  000039cc    00000014                                   : strlen.c.obj (.text:strlen)
                  000039e0    00000012                                   : wcslen.c.obj (.text:wcslen)
                  000039f2    00000010     driverlib.lib : interrupt.obj (.text:IntMasterEnable)
                  00003a02    00000010     lcd.obj (.text:lcd_clear)
                  00003a12    0000000e     rtsv7M4_T_le_v4SPD16_eabi.lib : copy_decompress_none.c.obj (.text:decompress:none:__TI_decompress_none)
                  00003a20    0000000c     driverlib.lib : cpu.obj (.text:CPUcpsie)
                  00003a2c    0000000c     tm4c123ge6pm_startup_ccs.obj (.text)
                  00003a38    00000008     rtsv7M4_T_le_v4SPD16_eabi.lib : errno.c.obj (.text:__aeabi_errno_addr)
                  00003a40    00000008                                   : memory.c.obj (.text:malloc)
                  00003a48    00000004                                   : pre_init.c.obj (.text:_system_pre_init)
                  00003a4c    00000004                                   : exit.c.obj (.text:abort:abort)

.const     0    00003a50    00000118     
                  00003a50    00000101     rtsv7M4_T_le_v4SPD16_eabi.lib : ctype.c.obj (.const:.string:_ctypes_)
                  00003b51    0000000f     open_interface.obj (.const:.string:$P$T0$3)
                  00003b60    00000004     lcd.obj (.const:.string:lineAddress$1)
                  00003b64    00000004     lcd.obj (.const:.string:lineAddresses$2)

.cinit     0    00003b68    00000050     
                  00003b68    00000018     (.cinit..data.load) [load image, compression = lzss]
                  00003b80    0000000c     (__TI_handler_table)
                  00003b8c    00000004     --HOLE-- [fill = 0]
                  00003b90    00000008     (.cinit..bss.load) [load image, compression = zero_init]
                  00003b98    00000008     (.cinit..vtable.load) [load image, compression = zero_init]
                  00003ba0    00000018     (__TI_cinit_table)

.init_array 
*          0    00000000    00000000     UNINITIALIZED

.vtable    0    20000000    0000026c     UNINITIALIZED
                  20000000    0000026c     driverlib.lib : interrupt.obj (.vtable)

.stack     0    20000270    00001000     UNINITIALIZED
                  20000270    00000004     rtsv7M4_T_le_v4SPD16_eabi.lib : boot_cortex_m.c.obj (.stack)
                  20000274    00000ffc     --HOLE--

.sysmem    0    20001270    00001000     UNINITIALIZED
                  20001270    00000010     rtsv7M4_T_le_v4SPD16_eabi.lib : memory.c.obj (.sysmem)
                  20001280    00000ff0     --HOLE--

.bss       0    20002270    00000070     UNINITIALIZED
                  20002270    00000054     lcd.obj (.bss:lastbuffer$3)
                  200022c4    00000018     open_interface.obj (.bss:firmware$2)
                  200022dc    00000004     (.common:_timeout_ticks)

.data      0    200022e0    00000035     UNINITIALIZED
                  200022e0    00000020     open_interface.obj (.data)
                  20002300    00000008     rtsv7M4_T_le_v4SPD16_eabi.lib : _lock.c.obj (.data:$O1$$)
                  20002308    00000008                                   : memory.c.obj (.data:$O1$$)
                  20002310    00000004                                   : errno.c.obj (.data)
                  20002314    00000001     Timer.obj (.data)

__llvm_prf_cnts 
*          0    20000000    00000000     UNINITIALIZED

MODULE SUMMARY

       Module                         code    ro data   rw data
       ------                         ----    -------   -------
    .\
       open_interface.obj             3128    15        56     
       lcd.obj                        824     8         84     
       movement.obj                   632     0         0      
       tm4c123ge6pm_startup_ccs.obj   12      620       0      
       Timer.obj                      584     0         5      
       main.obj                       368     0         0      
    +--+------------------------------+-------+---------+---------+
       Total:                         5548    643       145    
                                                               
    C:/ti/TivaWare_C_Series-2.2.0.295/driverlib/ccs/Debug/driverlib.lib
       interrupt.obj                  68      0         620    
       cpu.obj                        12      0         0      
    +--+------------------------------+-------+---------+---------+
       Total:                         80      0         620    
                                                               
    C:\ti\ccs1230\ccs\tools\compiler\ti-cgt-arm_20.2.7.LTS\lib\rtsv7M4_T_le_v4SPD16_eabi.lib
       _printfi.c.obj                 4851    0         0      
       memory.c.obj                   728     0         8      
       fd_add_t2.asm.obj              438     0         0      
       fd_div_t2.asm.obj              310     0         0      
       s_scalbn.c.obj                 272     0         0      
       fd_cmp_t2.asm.obj              268     0         0      
       ctype.c.obj                    0       257       0      
       fd_mul_t2.asm.obj              252     0         0      
       memcpy_t2.asm.obj              156     0         0      
       ull_div_t2.asm.obj             150     0         0      
       vsnprintf.c.obj                136     0         0      
       memset_t2.asm.obj              122     0         0      
       fd_tos_t2.asm.obj              110     0         0      
       copy_decompress_lzss.c.obj     104     0         0      
       s_frexp.c.obj                  100     0         0      
       _ltoa.c.obj                    84      0         0      
       atoi.c.obj                     76      0         0      
       fd_toi_t2.asm.obj              72      0         0      
       autoinit.c.obj                 68      0         0      
       fs_tod_t2.asm.obj              56      0         0      
       boot_cortex_m.c.obj            52      0         0      
       i_tofd_t2.asm.obj              46      0         0      
       copy_zero_init.c.obj           28      0         0      
       memccpy.c.obj                  28      0         0      
       s_copysign.c.obj               26      0         0      
       strcmp.c.obj                   24      0         0      
       strchr.c.obj                   22      0         0      
       strcpy.c.obj                   20      0         0      
       strlen.c.obj                   20      0         0      
       wcslen.c.obj                   18      0         0      
       copy_decompress_none.c.obj     14      0         0      
       errno.c.obj                    8       0         4      
       _lock.c.obj                    2       0         8      
       exit.c.obj                     4       0         0      
       pre_init.c.obj                 4       0         0      
       div0.asm.obj                   2       0         0      
    +--+------------------------------+-------+---------+---------+
       Total:                         8671    257       20     
                                                               
       Heap:                          0       0         4096   
       Stack:                         0       0         4096   
       Linker Generated:              0       76        0      
    +--+------------------------------+-------+---------+---------+
       Grand Total:                   14299   976       8977   


LINKER GENERATED COPY TABLES

__TI_cinit_table @ 00003ba0 records: 3, size/record: 8, table size: 24
	.data: load addr=00003b68, load size=00000018 bytes, run addr=200022e0, run size=00000035 bytes, compression=lzss
	.bss: load addr=00003b90, load size=00000008 bytes, run addr=20002270, run size=00000070 bytes, compression=zero_init
	.vtable: load addr=00003b98, load size=00000008 bytes, run addr=20000000, run size=0000026c bytes, compression=zero_init


LINKER GENERATED HANDLER TABLE

__TI_handler_table @ 00003b80 records: 3, size/record: 4, table size: 12
	index: 0, handler: __TI_zero_init
	index: 1, handler: __TI_decompress_lzss
	index: 2, handler: __TI_decompress_none


GLOBAL SYMBOLS: SORTED ALPHABETICALLY BY Name 

address   name                          
-------   ----                          
00003a4d  C$$EXIT                       
00003a21  CPUcpsie                      
00000bc3  GPIOF_Handler                 
000039f3  IntMasterEnable               
000037fd  IntRegister                   
00003a2d  ResetISR                      
20001270  __STACK_END                   
00001000  __STACK_SIZE                  
20000470  __STACK_TOP                   
00001000  __SYSMEM_SIZE                 
00003ba0  __TI_CINIT_Base               
00003bb8  __TI_CINIT_Limit              
00003b80  __TI_Handler_Table_Base       
00003b8c  __TI_Handler_Table_Limit      
000036c9  __TI_auto_init_nobinit_nopinit
0000346d  __TI_decompress_lzss          
00003a13  __TI_decompress_none          
0000358f  __TI_ltoa                     
ffffffff  __TI_pprof_out_hndl           
00000e8d  __TI_printfi                  
ffffffff  __TI_prof_data_size           
ffffffff  __TI_prof_data_start          
00000000  __TI_static_base__            
000038ed  __TI_zero_init_nomemset       
00003199  __aeabi_cdcmpeq               
00003199  __aeabi_cdcmple               
0000321f  __aeabi_cdrcmple              
000033ff  __aeabi_d2f                   
00003681  __aeabi_d2iz                  
0000250f  __aeabi_dadd                  
00002969  __aeabi_ddiv                  
00002dd5  __aeabi_dmul                  
00002505  __aeabi_dsub                  
00003a39  __aeabi_errno_addr            
000037c5  __aeabi_f2d                   
00003895  __aeabi_i2d                   
000026bb  __aeabi_idiv0                 
000026bb  __aeabi_ldiv0                 
000032a5  __aeabi_memclr                
000032a5  __aeabi_memclr4               
000032a5  __aeabi_memclr8               
00003067  __aeabi_memcpy                
00003067  __aeabi_memcpy4               
00003067  __aeabi_memcpy8               
000032a7  __aeabi_memset                
000032a7  __aeabi_memset4               
000032a7  __aeabi_memset8               
00003103  __aeabi_uldivmod              
ffffffff  __binit__                     
ffffffff  __c_args__                    
UNDEFED   __mpu_init                    
20000270  __stack                       
20000000  __start___llvm_prf_cnts       
20000000  __stop___llvm_prf_cnts        
00003831  _c_int00_noargs               
00003a50  _ctypes_                      
20002300  _lock                         
000018db  _nop                          
20002314  _running                      
20001270  _sys_memory                   
UNDEFED   _system_post_cinit            
00003a49  _system_pre_init              
200022dc  _timeout_ticks                
20002304  _unlock                       
00003a4d  abort                         
00002cd5  aligned_alloc                 
00003635  atoi                          
ffffffff  binit                         
0000378d  calloc                        
00003941  copysign                      
00003941  copysignl                     
20002310  errno                         
00002ed1  free                          
000034d5  frexp                         
000034d5  frexpl                        
20000000  g_pfnRAMVectors               
00000000  g_pfnVectors                  
0000097f  go_charge                     
00003a03  lcd_clear                     
00001ab1  lcd_gotoLine                  
00001919  lcd_init                      
00001b17  lcd_printf                    
000019d9  lcd_putc                      
00001a11  lcd_puts                      
000018dd  lcd_reverseNibble             
00001a2f  lcd_sendCommand               
00001a6d  lcd_sendNibble                
00001ad9  lcd_setCursorPos              
00002bc5  ldexp                         
00002bc5  ldexpl                        
000026bd  main                          
00003a41  malloc                        
00002cd5  memalign                      
00003925  memccpy                       
00003067  memcpy                        
000032ad  memset                        
200022e0  motor_cal_factor_L            
200022e4  motor_cal_factor_R            
00001da7  move_backward                 
00001d0d  move_forward                  
0000026d  oi_alloc                      
00000aa9  oi_checkFirmware              
000002c7  oi_close                      
00000279  oi_free                       
00000ded  oi_getMotorCalibrationLeft    
00000e01  oi_getMotorCalibrationRight   
000002b1  oi_init                       
00000289  oi_init_noupdate              
00000915  oi_loadSong                   
00003973  oi_parseInt                   
0000032b  oi_parsePacket                
0000096b  oi_play_song                  
0000084b  oi_setLeds                    
00000db1  oi_setMotorCalibration        
0000088f  oi_setWheels                  
00000b51  oi_shutoff_init               
0000098d  oi_uartInit                   
00000a31  oi_uartReceive                
00000a77  oi_uartSendBuff               
00000a15  oi_uartSendChar               
00000a59  oi_uartSendStr                
000002d9  oi_update                     
00002bc5  scalbn                        
00002bc5  scalbnl                       
000039a3  strchr                        
0000398b  strcmp                        
000039b9  strcpy                        
000039cd  strlen                        
0000220b  timer_getMicros               
000021b3  timer_getMillis               
000020ed  timer_init                    
0000218f  timer_pause                   
000021a1  timer_resume                  
00002165  timer_stop                    
00002265  timer_waitMicros              
00002297  timer_waitMillis              
00001c89  turn_left                     
00001c05  turn_right                    
0000370d  vsnprintf                     
000039e1  wcslen                        


GLOBAL SYMBOLS: SORTED BY Symbol Address 

address   name                          
-------   ----                          
00000000  __TI_static_base__            
00000000  g_pfnVectors                  
0000026d  oi_alloc                      
00000279  oi_free                       
00000289  oi_init_noupdate              
000002b1  oi_init                       
000002c7  oi_close                      
000002d9  oi_update                     
0000032b  oi_parsePacket                
0000084b  oi_setLeds                    
0000088f  oi_setWheels                  
00000915  oi_loadSong                   
0000096b  oi_play_song                  
0000097f  go_charge                     
0000098d  oi_uartInit                   
00000a15  oi_uartSendChar               
00000a31  oi_uartReceive                
00000a59  oi_uartSendStr                
00000a77  oi_uartSendBuff               
00000aa9  oi_checkFirmware              
00000b51  oi_shutoff_init               
00000bc3  GPIOF_Handler                 
00000db1  oi_setMotorCalibration        
00000ded  oi_getMotorCalibrationLeft    
00000e01  oi_getMotorCalibrationRight   
00000e8d  __TI_printfi                  
00001000  __STACK_SIZE                  
00001000  __SYSMEM_SIZE                 
000018db  _nop                          
000018dd  lcd_reverseNibble             
00001919  lcd_init                      
000019d9  lcd_putc                      
00001a11  lcd_puts                      
00001a2f  lcd_sendCommand               
00001a6d  lcd_sendNibble                
00001ab1  lcd_gotoLine                  
00001ad9  lcd_setCursorPos              
00001b17  lcd_printf                    
00001c05  turn_right                    
00001c89  turn_left                     
00001d0d  move_forward                  
00001da7  move_backward                 
000020ed  timer_init                    
00002165  timer_stop                    
0000218f  timer_pause                   
000021a1  timer_resume                  
000021b3  timer_getMillis               
0000220b  timer_getMicros               
00002265  timer_waitMicros              
00002297  timer_waitMillis              
00002505  __aeabi_dsub                  
0000250f  __aeabi_dadd                  
000026bb  __aeabi_idiv0                 
000026bb  __aeabi_ldiv0                 
000026bd  main                          
00002969  __aeabi_ddiv                  
00002bc5  ldexp                         
00002bc5  ldexpl                        
00002bc5  scalbn                        
00002bc5  scalbnl                       
00002cd5  aligned_alloc                 
00002cd5  memalign                      
00002dd5  __aeabi_dmul                  
00002ed1  free                          
00003067  __aeabi_memcpy                
00003067  __aeabi_memcpy4               
00003067  __aeabi_memcpy8               
00003067  memcpy                        
00003103  __aeabi_uldivmod              
00003199  __aeabi_cdcmpeq               
00003199  __aeabi_cdcmple               
0000321f  __aeabi_cdrcmple              
000032a5  __aeabi_memclr                
000032a5  __aeabi_memclr4               
000032a5  __aeabi_memclr8               
000032a7  __aeabi_memset                
000032a7  __aeabi_memset4               
000032a7  __aeabi_memset8               
000032ad  memset                        
000033ff  __aeabi_d2f                   
0000346d  __TI_decompress_lzss          
000034d5  frexp                         
000034d5  frexpl                        
0000358f  __TI_ltoa                     
00003635  atoi                          
00003681  __aeabi_d2iz                  
000036c9  __TI_auto_init_nobinit_nopinit
0000370d  vsnprintf                     
0000378d  calloc                        
000037c5  __aeabi_f2d                   
000037fd  IntRegister                   
00003831  _c_int00_noargs               
00003895  __aeabi_i2d                   
000038ed  __TI_zero_init_nomemset       
00003925  memccpy                       
00003941  copysign                      
00003941  copysignl                     
00003973  oi_parseInt                   
0000398b  strcmp                        
000039a3  strchr                        
000039b9  strcpy                        
000039cd  strlen                        
000039e1  wcslen                        
000039f3  IntMasterEnable               
00003a03  lcd_clear                     
00003a13  __TI_decompress_none          
00003a21  CPUcpsie                      
00003a2d  ResetISR                      
00003a39  __aeabi_errno_addr            
00003a41  malloc                        
00003a49  _system_pre_init              
00003a4d  C$$EXIT                       
00003a4d  abort                         
00003a50  _ctypes_                      
00003b80  __TI_Handler_Table_Base       
00003b8c  __TI_Handler_Table_Limit      
00003ba0  __TI_CINIT_Base               
00003bb8  __TI_CINIT_Limit              
20000000  __start___llvm_prf_cnts       
20000000  __stop___llvm_prf_cnts        
20000000  g_pfnRAMVectors               
20000270  __stack                       
20000470  __STACK_TOP                   
20001270  __STACK_END                   
20001270  _sys_memory                   
200022dc  _timeout_ticks                
200022e0  motor_cal_factor_L            
200022e4  motor_cal_factor_R            
20002300  _lock                         
20002304  _unlock                       
20002310  errno                         
20002314  _running                      
ffffffff  __TI_pprof_out_hndl           
ffffffff  __TI_prof_data_size           
ffffffff  __TI_prof_data_start          
ffffffff  __binit__                     
ffffffff  __c_args__                    
ffffffff  binit                         
UNDEFED   __mpu_init                    
UNDEFED   _system_post_cinit            

[140 symbols]
