******************************************************************************
                  TI ARM Linker PC v20.2.7                     
******************************************************************************
>> Linked Thu Mar  7 19:15:24 2024

OUTPUT FILE NAME:   <Lab7.out>
ENTRY POINT SYMBOL: "_c_int00_noargs"  address: 00006e35


MEMORY CONFIGURATION

         name            origin    length      used     unused   attr    fill
----------------------  --------  ---------  --------  --------  ----  --------
  FLASH                 00000000   00020000  000073be  00018c42  R  X
  SRAM                  20000000   00008000  00002336  00005cca  RW X


SEGMENT ALLOCATION MAP

run origin  load origin   length   init length attrs members
----------  ----------- ---------- ----------- ----- -------
00000000    00000000    000073c0   000073c0    r-x
  00000000    00000000    0000026c   0000026c    r-- .intvecs
  0000026c    0000026c    00006e0c   00006e0c    r-x .text
  00007078    00007078    000002ee   000002ee    r-- .const
  00007368    00007368    00000058   00000058    r-- .cinit
20000000    20000000    0000233d   00000000    rw-
  20000000    20000000    0000026c   00000000    rw- .vtable
  20000270    20000270    00001000   00000000    rw- .stack
  20001270    20001270    00001000   00000000    rw- .sysmem
  20002270    20002270    00000089   00000000    rw- .bss
  200022fc    200022fc    00000041   00000000    rw- .data


SECTION ALLOCATION MAP

 output                                  attributes/
section   page    origin      length       input sections
--------  ----  ----------  ----------   ----------------
.intvecs   0    00000000    0000026c     
                  00000000    0000026c     tm4c123ge6pm_startup_ccs.obj (.intvecs)

.text      0    0000026c    00006e0c     
                  0000026c    00000c20     open_interface.obj (.text)
                  00000e8c    00000a4e     rtsv7M4_T_le_v4SPD16_eabi.lib : _printfi.c.obj (.text:__TI_printfi)
                  000018da    00000002                                   : _lock.c.obj (.text:_nop)
                  000018dc    000009d0                                   : e_pow.c.obj (.text:pow)
                  000022ac    00000738                                   : k_rem_pio2.c.obj (.text:__kernel_rem_pio2)
                  000029e4    000005e0                                   : s_sin.c.obj (.text:sin)
                  00002fc4    000005dc                                   : s_cos.c.obj (.text:cos)
                  000035a0    000005c8     main.obj (.text)
                  00003b68    000003d4     rtsv7M4_T_le_v4SPD16_eabi.lib : e_asin.c.obj (.text:asin)
                  00003f3c    00000328                                   : e_exp.c.obj (.text:exp)
                  00004264    00000328     lcd.obj (.text)
                  0000458c    00000278     movement.obj (.text)
                  00004804    00000270     rtsv7M4_T_le_v4SPD16_eabi.lib : _printfi.c.obj (.text:_pconv_a)
                  00004a74    00000260     libcybotScan.lib : cyBot_Scan.obj (.text)
                  00004cd4    00000248     Timer.obj (.text)
                  00004f1c    000001ec     libcybotScan.lib : ping.obj (.text)
                  00005108    000001d0     rtsv7M4_T_le_v4SPD16_eabi.lib : _printfi.c.obj (.text:_pconv_g)
                  000052d8    000001bc     uart-interrupt.obj (.text)
                  00005494    000001b6     rtsv7M4_T_le_v4SPD16_eabi.lib : fd_add_t2.asm.obj (.text)
                  0000564a    00000002                                   : div0.asm.obj (.text)
                  0000564c    00000174                                   : k_sin.c.obj (.text:__kernel_sin)
                  000057c0    00000170                                   : k_cos.c.obj (.text:__kernel_cos)
                  00005930    00000158     libcybotScan.lib : servo.obj (.text)
                  00005a88    00000158     rtsv7M4_T_le_v4SPD16_eabi.lib : e_sqrt.c.obj (.text:sqrt)
                  00005be0    0000013c                                   : _printfi.c.obj (.text:_pconv_e)
                  00005d1c    00000136                                   : fd_div_t2.asm.obj (.text)
                  00005e52    00000002     --HOLE-- [fill = 0]
                  00005e54    00000124                                   : _printfi.c.obj (.text:fcvt)
                  00005f78    00000118     libcybotScan.lib : ir.obj (.text)
                  00006090    00000110     rtsv7M4_T_le_v4SPD16_eabi.lib : s_scalbn.c.obj (.text:scalbn)
                  000061a0    00000100                                   : memory.c.obj (.text:aligned_alloc)
                  000062a0    000000fc                                   : fd_mul_t2.asm.obj (.text)
                  0000639c    000000f8                                   : s_floor.c.obj (.text:floor)
                  00006494    000000e4                                   : memory.c.obj (.text:free)
                  00006578    000000b1                                   : _printfi.c.obj (.text:_ltostr)
                  00006629    00000001     --HOLE-- [fill = 0]
                  0000662a    0000009c                                   : memcpy_t2.asm.obj (.text)
                  000066c6    00000096                                   : ull_div_t2.asm.obj (.text)
                  0000675c    00000086                                   : fd_cmp_t2.asm.obj (.text:__aeabi_cdcmple)
                  000067e2    00000086                                   : fd_cmp_t2.asm.obj (.text:__aeabi_cdrcmple)
                  00006868    0000007a                                   : memset_t2.asm.obj (.text)
                  000068e2    00000002     --HOLE-- [fill = 0]
                  000068e4    00000070                                   : memory.c.obj (.text:split)
                  00006954    0000006e                                   : _printfi.c.obj (.text:_mcpy)
                  000069c2    0000006e                                   : fd_tos_t2.asm.obj (.text)
                  00006a30    00000068                                   : copy_decompress_lzss.c.obj (.text:decompress:lzss:__TI_decompress_lzss)
                  00006a98    00000064                                   : s_frexp.c.obj (.text:frexp)
                  00006afc    00000056                                   : _printfi.c.obj (.text:_pconv_f)
                  00006b52    00000054                                   : _ltoa.c.obj (.text:__TI_ltoa)
                  00006ba6    00000052                                   : _printfi.c.obj (.text:_ecpy)
                  00006bf8    0000004c                                   : atoi.c.obj (.text:atoi)
                  00006c44    00000048                                   : fd_toi_t2.asm.obj (.text)
                  00006c8c    00000044                                   : autoinit.c.obj (.text:__TI_auto_init_nobinit_nopinit:__TI_auto_init_nobinit_nopinit)
                  00006cd0    00000040                                   : sprintf.c.obj (.text:sprintf)
                  00006d10    00000040                                   : vsnprintf.c.obj (.text:vsnprintf)
                  00006d50    0000003e                                   : _printfi.c.obj (.text:_fcpy)
                  00006d8e    00000002     --HOLE-- [fill = 0]
                  00006d90    00000038                                   : memory.c.obj (.text:calloc)
                  00006dc8    00000038                                   : fs_tod_t2.asm.obj (.text)
                  00006e00    00000034     driverlib.lib : interrupt.obj (.text:IntRegister)
                  00006e34    00000034     rtsv7M4_T_le_v4SPD16_eabi.lib : boot_cortex_m.c.obj (.text:_c_int00_noargs:_c_int00_noargs)
                  00006e68    00000030                                   : vsnprintf.c.obj (.text:_outs)
                  00006e98    0000002e                                   : i_tofd_t2.asm.obj (.text)
                  00006ec6    00000002     --HOLE-- [fill = 0]
                  00006ec8    00000028                                   : memory.c.obj (.text:free_list_insert)
                  00006ef0    0000001c                                   : copy_zero_init.c.obj (.text:decompress:ZI:__TI_zero_init_nomemset:__TI_zero_init_nomemset)
                  00006f0c    0000001c                                   : memory.c.obj (.text:free_list_remove)
                  00006f28    0000001c                                   : memccpy.c.obj (.text:memccpy)
                  00006f44    0000001a                                   : s_copysign.c.obj (.text:copysign)
                  00006f5e    00000018                                   : vsnprintf.c.obj (.text:_outc)
                  00006f76    00000018                                   : sprintf.c.obj (.text:_outs)
                  00006f8e    00000018     open_interface.obj (.text:oi_parseInt)
                  00006fa6    00000018     rtsv7M4_T_le_v4SPD16_eabi.lib : strcmp.c.obj (.text:strcmp)
                  00006fbe    00000016                                   : strchr.c.obj (.text:strchr)
                  00006fd4    00000014                                   : strcpy.c.obj (.text:strcpy)
                  00006fe8    00000014                                   : strlen.c.obj (.text:strlen)
                  00006ffc    00000012                                   : wcslen.c.obj (.text:wcslen)
                  0000700e    00000010     driverlib.lib : interrupt.obj (.text:IntMasterEnable)
                  0000701e    00000010     lcd.obj (.text:lcd_clear)
                  0000702e    0000000e     rtsv7M4_T_le_v4SPD16_eabi.lib : copy_decompress_none.c.obj (.text:decompress:none:__TI_decompress_none)
                  0000703c    0000000c     driverlib.lib : cpu.obj (.text:CPUcpsie)
                  00007048    0000000c     tm4c123ge6pm_startup_ccs.obj (.text)
                  00007054    0000000a     rtsv7M4_T_le_v4SPD16_eabi.lib : sprintf.c.obj (.text:_outc)
                  0000705e    00000002     --HOLE-- [fill = 0]
                  00007060    00000008                                   : errno.c.obj (.text:__aeabi_errno_addr)
                  00007068    00000008                                   : memory.c.obj (.text:malloc)
                  00007070    00000004                                   : pre_init.c.obj (.text:_system_pre_init)
                  00007074    00000004                                   : exit.c.obj (.text:abort:abort)

.const     0    00007078    000002ee     
                  00007078    00000158     rtsv7M4_T_le_v4SPD16_eabi.lib : k_rem_pio2.c.obj (.const:$O1$$)
                  000071d0    00000101                                   : ctype.c.obj (.const:.string:_ctypes_)
                  000072d1    00000004     lcd.obj (.const:.string:lineAddress$1)
                  000072d5    00000003     --HOLE-- [fill = 0]
                  000072d8    00000030     rtsv7M4_T_le_v4SPD16_eabi.lib : e_exp.c.obj (.const:$O1$$)
                  00007308    00000030                                   : e_pow.c.obj (.const:$O1$$)
                  00007338    0000001b     main.obj (.const:.string:$P$T0$1)
                  00007353    0000000f     open_interface.obj (.const:.string:$P$T0$3)
                  00007362    00000004     lcd.obj (.const:.string:lineAddresses$2)

.cinit     0    00007368    00000058     
                  00007368    0000001f     (.cinit..data.load) [load image, compression = lzss]
                  00007387    00000001     --HOLE-- [fill = 0]
                  00007388    0000000c     (__TI_handler_table)
                  00007394    00000004     --HOLE-- [fill = 0]
                  00007398    00000008     (.cinit..bss.load) [load image, compression = zero_init]
                  000073a0    00000008     (.cinit..vtable.load) [load image, compression = zero_init]
                  000073a8    00000018     (__TI_cinit_table)

.init_array 
*          0    00000000    00000000     UNINITIALIZED

.vtable    0    20000000    0000026c     UNINITIALIZED
                  20000000    0000026c     driverlib.lib : interrupt.obj (.vtable)

.stack     0    20000270    00001000     UNINITIALIZED
                  20000270    00000004     rtsv7M4_T_le_v4SPD16_eabi.lib : boot_cortex_m.c.obj (.stack)
                  20000274    00000ffc     --HOLE--

.sysmem    0    20001270    00001000     UNINITIALIZED
                  20001270    00000010     rtsv7M4_T_le_v4SPD16_eabi.lib : memory.c.obj (.sysmem)
                  20001280    00000ff0     --HOLE--

.bss       0    20002270    00000089     UNINITIALIZED
                  20002270    00000054     lcd.obj (.bss:lastbuffer$3)
                  200022c4    00000018     open_interface.obj (.bss:firmware$2)
                  200022dc    00000004     (.common:_timeout_ticks)
                  200022e0    00000004     (.common:fallingEdge)
                  200022e4    00000004     (.common:isr_int_value)
                  200022e8    00000004     (.common:left_calibration_value)
                  200022ec    00000004     (.common:pulseLength)
                  200022f0    00000004     (.common:right_calibration_value)
                  200022f4    00000004     (.common:risingEdge)
                  200022f8    00000001     (.common:isRisingEdge)

.data      0    200022fc    00000041     UNINITIALIZED
                  200022fc    00000020     open_interface.obj (.data)
                  2000231c    00000008     rtsv7M4_T_le_v4SPD16_eabi.lib : _lock.c.obj (.data:$O1$$)
                  20002324    00000008                                   : memory.c.obj (.data:$O1$$)
                  2000232c    00000008     uart-interrupt.obj (.data)
                  20002334    00000004     libcybotScan.lib : cyBot_Scan.obj (.data)
                  20002338    00000004     rtsv7M4_T_le_v4SPD16_eabi.lib : errno.c.obj (.data)
                  2000233c    00000001     Timer.obj (.data)

__llvm_prf_cnts 
*          0    20000000    00000000     UNINITIALIZED

MODULE SUMMARY

       Module                         code    ro data   rw data
       ------                         ----    -------   -------
    .\
       open_interface.obj             3128    15        56     
       main.obj                       1480    27        8      
       lcd.obj                        824     8         84     
       movement.obj                   632     0         0      
       tm4c123ge6pm_startup_ccs.obj   12      620       0      
       Timer.obj                      584     0         5      
       uart-interrupt.obj             444     0         8      
    +--+------------------------------+-------+---------+---------+
       Total:                         7104    670       161    
                                                               
    ../libcybotScan.lib
       cyBot_Scan.obj                 608     0         4      
       ping.obj                       492     0         13     
       servo.obj                      344     0         0      
       ir.obj                         280     0         4      
    +--+------------------------------+-------+---------+---------+
       Total:                         1724    0         21     
                                                               
    C:/ti/TivaWare_C_Series-2.2.0.295/driverlib/ccs/Debug/driverlib.lib
       interrupt.obj                  68      0         620    
       cpu.obj                        12      0         0      
    +--+------------------------------+-------+---------+---------+
       Total:                         80      0         620    
                                                               
    C:\ti\ccs1230\ccs\tools\compiler\ti-cgt-arm_20.2.7.LTS\lib\rtsv7M4_T_le_v4SPD16_eabi.lib
       _printfi.c.obj                 4851    0         0      
       e_pow.c.obj                    2512    48        0      
       k_rem_pio2.c.obj               1848    344       0      
       s_sin.c.obj                    1504    0         0      
       s_cos.c.obj                    1500    0         0      
       e_asin.c.obj                   980     0         0      
       e_exp.c.obj                    808     48        0      
       memory.c.obj                   728     0         8      
       fd_add_t2.asm.obj              438     0         0      
       k_sin.c.obj                    372     0         0      
       k_cos.c.obj                    368     0         0      
       e_sqrt.c.obj                   344     0         0      
       fd_div_t2.asm.obj              310     0         0      
       s_scalbn.c.obj                 272     0         0      
       fd_cmp_t2.asm.obj              268     0         0      
       ctype.c.obj                    0       257       0      
       fd_mul_t2.asm.obj              252     0         0      
       s_floor.c.obj                  248     0         0      
       memcpy_t2.asm.obj              156     0         0      
       ull_div_t2.asm.obj             150     0         0      
       vsnprintf.c.obj                136     0         0      
       memset_t2.asm.obj              122     0         0      
       fd_tos_t2.asm.obj              110     0         0      
       copy_decompress_lzss.c.obj     104     0         0      
       s_frexp.c.obj                  100     0         0      
       sprintf.c.obj                  98      0         0      
       _ltoa.c.obj                    84      0         0      
       atoi.c.obj                     76      0         0      
       fd_toi_t2.asm.obj              72      0         0      
       autoinit.c.obj                 68      0         0      
       fs_tod_t2.asm.obj              56      0         0      
       boot_cortex_m.c.obj            52      0         0      
       i_tofd_t2.asm.obj              46      0         0      
       copy_zero_init.c.obj           28      0         0      
       memccpy.c.obj                  28      0         0      
       s_copysign.c.obj               26      0         0      
       strcmp.c.obj                   24      0         0      
       strchr.c.obj                   22      0         0      
       strcpy.c.obj                   20      0         0      
       strlen.c.obj                   20      0         0      
       wcslen.c.obj                   18      0         0      
       copy_decompress_none.c.obj     14      0         0      
       errno.c.obj                    8       0         4      
       _lock.c.obj                    2       0         8      
       exit.c.obj                     4       0         0      
       pre_init.c.obj                 4       0         0      
       div0.asm.obj                   2       0         0      
    +--+------------------------------+-------+---------+---------+
       Total:                         19253   697       20     
                                                               
       Heap:                          0       0         4096   
       Stack:                         0       0         4096   
       Linker Generated:              0       83        0      
    +--+------------------------------+-------+---------+---------+
       Grand Total:                   28161   1450      9014   


LINKER GENERATED COPY TABLES

__TI_cinit_table @ 000073a8 records: 3, size/record: 8, table size: 24
	.data: load addr=00007368, load size=0000001f bytes, run addr=200022fc, run size=00000041 bytes, compression=lzss
	.bss: load addr=00007398, load size=00000008 bytes, run addr=20002270, run size=00000089 bytes, compression=zero_init
	.vtable: load addr=000073a0, load size=00000008 bytes, run addr=20000000, run size=0000026c bytes, compression=zero_init


LINKER GENERATED HANDLER TABLE

__TI_handler_table @ 00007388 records: 3, size/record: 4, table size: 12
	index: 0, handler: __TI_zero_init
	index: 1, handler: __TI_decompress_lzss
	index: 2, handler: __TI_decompress_none


GLOBAL SYMBOLS: SORTED ALPHABETICALLY BY Name 

address   name                          
-------   ----                          
00006011  ADC0SS0_Handler               
00007075  C$$EXIT                       
0000703d  CPUcpsie                      
00000bc3  GPIOF_Handler                 
0000700f  IntMasterEnable               
00006e01  IntRegister                   
00007049  ResetISR                      
0000500d  TIMER3B_Handler               
000053f7  UART1_Handler                 
20001270  __STACK_END                   
00001000  __STACK_SIZE                  
20000470  __STACK_TOP                   
00001000  __SYSMEM_SIZE                 
000073a8  __TI_CINIT_Base               
000073c0  __TI_CINIT_Limit              
00007388  __TI_Handler_Table_Base       
00007394  __TI_Handler_Table_Limit      
00006c8d  __TI_auto_init_nobinit_nopinit
00006a31  __TI_decompress_lzss          
0000702f  __TI_decompress_none          
00006b53  __TI_ltoa                     
ffffffff  __TI_pprof_out_hndl           
00000e8d  __TI_printfi                  
ffffffff  __TI_prof_data_size           
ffffffff  __TI_prof_data_start          
00000000  __TI_static_base__            
00006ef1  __TI_zero_init_nomemset       
0000675d  __aeabi_cdcmpeq               
0000675d  __aeabi_cdcmple               
000067e3  __aeabi_cdrcmple              
000069c3  __aeabi_d2f                   
00006c45  __aeabi_d2iz                  
0000549f  __aeabi_dadd                  
00005d1d  __aeabi_ddiv                  
000062a1  __aeabi_dmul                  
00005495  __aeabi_dsub                  
00007061  __aeabi_errno_addr            
00006dc9  __aeabi_f2d                   
00006e99  __aeabi_i2d                   
0000564b  __aeabi_idiv0                 
0000564b  __aeabi_ldiv0                 
00006869  __aeabi_memclr                
00006869  __aeabi_memclr4               
00006869  __aeabi_memclr8               
0000662b  __aeabi_memcpy                
0000662b  __aeabi_memcpy4               
0000662b  __aeabi_memcpy8               
0000686b  __aeabi_memset                
0000686b  __aeabi_memset4               
0000686b  __aeabi_memset8               
000066c7  __aeabi_uldivmod              
ffffffff  __binit__                     
ffffffff  __c_args__                    
000057c1  __kernel_cos                  
000022ad  __kernel_rem_pio2             
0000564d  __kernel_sin                  
UNDEFED   __mpu_init                    
20000270  __stack                       
20000000  __start___llvm_prf_cnts       
20000000  __stop___llvm_prf_cnts        
00006e35  _c_int00_noargs               
000071d0  _ctypes_                      
2000231c  _lock                         
000018db  _nop                          
2000233c  _running                      
20001270  _sys_memory                   
UNDEFED   _system_post_cinit            
00007071  _system_pre_init              
200022dc  _timeout_ticks                
20002320  _unlock                       
00007075  abort                         
000061a1  aligned_alloc                 
00003b69  asin                          
00003b69  asinl                         
00006bf9  atoi                          
ffffffff  binit                         
00006d91  calloc                        
2000232c  command_byte                  
20002330  command_flag                  
00006f45  copysign                      
00006f45  copysignl                     
00002fc5  cos                           
00002fc5  cosl                          
00004b4d  cyBOT_SERVO_cal               
00004adb  cyBOT_Scan                    
00004a83  cyBOT_init_Scan               
20002334  cyBOT_scan_features           
00004a75  cyBOT_scan_version            
20002338  errno                         
00003f3d  exp                           
00003f3d  expl                          
200022e0  fallingEdge                   
0000639d  floor                         
0000639d  floorl                        
00006495  free                          
00006a99  frexp                         
00006a99  frexpl                        
20000000  g_pfnRAMVectors               
00000000  g_pfnVectors                  
0000097f  go_charge                     
00006027  ir_enableInterrupt            
00006009  ir_getDistance                
00005fe1  ir_getValue                   
00005f79  ir_init                       
200022f8  isRisingEdge                  
200022e4  isr_int_value                 
0000701f  lcd_clear                     
00004439  lcd_gotoLine                  
000042a1  lcd_init                      
0000449f  lcd_printf                    
00004361  lcd_putc                      
00004399  lcd_puts                      
00004265  lcd_reverseNibble             
000043b7  lcd_sendCommand               
000043f5  lcd_sendNibble                
00004461  lcd_setCursorPos              
00006091  ldexp                         
00006091  ldexpl                        
200022e8  left_calibration_value        
000035a1  main                          
00007069  malloc                        
000061a1  memalign                      
00006f29  memccpy                       
0000662b  memcpy                        
00006871  memset                        
200022fc  motor_cal_factor_L            
20002300  motor_cal_factor_R            
0000472f  move_backward                 
00004695  move_forward                  
0000026d  oi_alloc                      
00000aa9  oi_checkFirmware              
000002c7  oi_close                      
00000279  oi_free                       
00000ded  oi_getMotorCalibrationLeft    
00000e01  oi_getMotorCalibrationRight   
000002b1  oi_init                       
00000289  oi_init_noupdate              
00000915  oi_loadSong                   
00006f8f  oi_parseInt                   
0000032b  oi_parsePacket                
0000096b  oi_play_song                  
0000084b  oi_setLeds                    
00000db1  oi_setMotorCalibration        
0000088f  oi_setWheels                  
00000b51  oi_shutoff_init               
0000098d  oi_uartInit                   
00000a31  oi_uartReceive                
00000a77  oi_uartSendBuff               
00000a15  oi_uartSendChar               
00000a59  oi_uartSendStr                
000002d9  oi_update                     
0000505f  ping_getDistance              
00004f1d  ping_init                     
00004fa3  ping_trigger                  
000018dd  pow                           
000018dd  powl                          
200022ec  pulseLength                   
200022f0  right_calibration_value       
200022f4  risingEdge                    
00006091  scalbn                        
00006091  scalbnl                       
00005931  servo_init                    
000059c1  servo_move                    
00005a21  servo_setPWM                  
000059b5  servo_stop                    
000029e5  sin                           
000029e5  sinl                          
00006cd1  sprintf                       
00005a89  sqrt                          
00005a89  sqrtl                         
00006fbf  strchr                        
00006fa7  strcmp                        
00006fd5  strcpy                        
00006fe9  strlen                        
00004df3  timer_getMicros               
00004d9b  timer_getMillis               
00004cd5  timer_init                    
00004d77  timer_pause                   
00004d89  timer_resume                  
00004d4d  timer_stop                    
00004e4d  timer_waitMicros              
00004e7f  timer_waitMillis              
00004611  turn_left                     
0000458d  turn_right                    
000052d9  uart_interrupt_init           
000053a9  uart_receive                  
0000538d  uart_sendChar                 
000053cf  uart_sendStr                  
00006d11  vsnprintf                     
00006ffd  wcslen                        


GLOBAL SYMBOLS: SORTED BY Symbol Address 

address   name                          
-------   ----                          
00000000  __TI_static_base__            
00000000  g_pfnVectors                  
0000026d  oi_alloc                      
00000279  oi_free                       
00000289  oi_init_noupdate              
000002b1  oi_init                       
000002c7  oi_close                      
000002d9  oi_update                     
0000032b  oi_parsePacket                
0000084b  oi_setLeds                    
0000088f  oi_setWheels                  
00000915  oi_loadSong                   
0000096b  oi_play_song                  
0000097f  go_charge                     
0000098d  oi_uartInit                   
00000a15  oi_uartSendChar               
00000a31  oi_uartReceive                
00000a59  oi_uartSendStr                
00000a77  oi_uartSendBuff               
00000aa9  oi_checkFirmware              
00000b51  oi_shutoff_init               
00000bc3  GPIOF_Handler                 
00000db1  oi_setMotorCalibration        
00000ded  oi_getMotorCalibrationLeft    
00000e01  oi_getMotorCalibrationRight   
00000e8d  __TI_printfi                  
00001000  __STACK_SIZE                  
00001000  __SYSMEM_SIZE                 
000018db  _nop                          
000018dd  pow                           
000018dd  powl                          
000022ad  __kernel_rem_pio2             
000029e5  sin                           
000029e5  sinl                          
00002fc5  cos                           
00002fc5  cosl                          
000035a1  main                          
00003b69  asin                          
00003b69  asinl                         
00003f3d  exp                           
00003f3d  expl                          
00004265  lcd_reverseNibble             
000042a1  lcd_init                      
00004361  lcd_putc                      
00004399  lcd_puts                      
000043b7  lcd_sendCommand               
000043f5  lcd_sendNibble                
00004439  lcd_gotoLine                  
00004461  lcd_setCursorPos              
0000449f  lcd_printf                    
0000458d  turn_right                    
00004611  turn_left                     
00004695  move_forward                  
0000472f  move_backward                 
00004a75  cyBOT_scan_version            
00004a83  cyBOT_init_Scan               
00004adb  cyBOT_Scan                    
00004b4d  cyBOT_SERVO_cal               
00004cd5  timer_init                    
00004d4d  timer_stop                    
00004d77  timer_pause                   
00004d89  timer_resume                  
00004d9b  timer_getMillis               
00004df3  timer_getMicros               
00004e4d  timer_waitMicros              
00004e7f  timer_waitMillis              
00004f1d  ping_init                     
00004fa3  ping_trigger                  
0000500d  TIMER3B_Handler               
0000505f  ping_getDistance              
000052d9  uart_interrupt_init           
0000538d  uart_sendChar                 
000053a9  uart_receive                  
000053cf  uart_sendStr                  
000053f7  UART1_Handler                 
00005495  __aeabi_dsub                  
0000549f  __aeabi_dadd                  
0000564b  __aeabi_idiv0                 
0000564b  __aeabi_ldiv0                 
0000564d  __kernel_sin                  
000057c1  __kernel_cos                  
00005931  servo_init                    
000059b5  servo_stop                    
000059c1  servo_move                    
00005a21  servo_setPWM                  
00005a89  sqrt                          
00005a89  sqrtl                         
00005d1d  __aeabi_ddiv                  
00005f79  ir_init                       
00005fe1  ir_getValue                   
00006009  ir_getDistance                
00006011  ADC0SS0_Handler               
00006027  ir_enableInterrupt            
00006091  ldexp                         
00006091  ldexpl                        
00006091  scalbn                        
00006091  scalbnl                       
000061a1  aligned_alloc                 
000061a1  memalign                      
000062a1  __aeabi_dmul                  
0000639d  floor                         
0000639d  floorl                        
00006495  free                          
0000662b  __aeabi_memcpy                
0000662b  __aeabi_memcpy4               
0000662b  __aeabi_memcpy8               
0000662b  memcpy                        
000066c7  __aeabi_uldivmod              
0000675d  __aeabi_cdcmpeq               
0000675d  __aeabi_cdcmple               
000067e3  __aeabi_cdrcmple              
00006869  __aeabi_memclr                
00006869  __aeabi_memclr4               
00006869  __aeabi_memclr8               
0000686b  __aeabi_memset                
0000686b  __aeabi_memset4               
0000686b  __aeabi_memset8               
00006871  memset                        
000069c3  __aeabi_d2f                   
00006a31  __TI_decompress_lzss          
00006a99  frexp                         
00006a99  frexpl                        
00006b53  __TI_ltoa                     
00006bf9  atoi                          
00006c45  __aeabi_d2iz                  
00006c8d  __TI_auto_init_nobinit_nopinit
00006cd1  sprintf                       
00006d11  vsnprintf                     
00006d91  calloc                        
00006dc9  __aeabi_f2d                   
00006e01  IntRegister                   
00006e35  _c_int00_noargs               
00006e99  __aeabi_i2d                   
00006ef1  __TI_zero_init_nomemset       
00006f29  memccpy                       
00006f45  copysign                      
00006f45  copysignl                     
00006f8f  oi_parseInt                   
00006fa7  strcmp                        
00006fbf  strchr                        
00006fd5  strcpy                        
00006fe9  strlen                        
00006ffd  wcslen                        
0000700f  IntMasterEnable               
0000701f  lcd_clear                     
0000702f  __TI_decompress_none          
0000703d  CPUcpsie                      
00007049  ResetISR                      
00007061  __aeabi_errno_addr            
00007069  malloc                        
00007071  _system_pre_init              
00007075  C$$EXIT                       
00007075  abort                         
000071d0  _ctypes_                      
00007388  __TI_Handler_Table_Base       
00007394  __TI_Handler_Table_Limit      
000073a8  __TI_CINIT_Base               
000073c0  __TI_CINIT_Limit              
20000000  __start___llvm_prf_cnts       
20000000  __stop___llvm_prf_cnts        
20000000  g_pfnRAMVectors               
20000270  __stack                       
20000470  __STACK_TOP                   
20001270  __STACK_END                   
20001270  _sys_memory                   
200022dc  _timeout_ticks                
200022e0  fallingEdge                   
200022e4  isr_int_value                 
200022e8  left_calibration_value        
200022ec  pulseLength                   
200022f0  right_calibration_value       
200022f4  risingEdge                    
200022f8  isRisingEdge                  
200022fc  motor_cal_factor_L            
20002300  motor_cal_factor_R            
2000231c  _lock                         
20002320  _unlock                       
2000232c  command_byte                  
20002330  command_flag                  
20002334  cyBOT_scan_features           
20002338  errno                         
2000233c  _running                      
ffffffff  __TI_pprof_out_hndl           
ffffffff  __TI_prof_data_size           
ffffffff  __TI_prof_data_start          
ffffffff  __binit__                     
ffffffff  __c_args__                    
ffffffff  binit                         
UNDEFED   __mpu_init                    
UNDEFED   _system_post_cinit            

[190 symbols]
