******************************************************************************
                  TI ARM Linker PC v20.2.7                     
******************************************************************************
>> Linked Tue Mar 19 12:54:02 2024

OUTPUT FILE NAME:   <Lab8.out>
ENTRY POINT SYMBOL: "_c_int00_noargs"  address: 000029c9


MEMORY CONFIGURATION

         name            origin    length      used     unused   attr    fill
----------------------  --------  ---------  --------  --------  ----  --------
  FLASH                 00000000   00020000  00002d04  0001d2fc  R  X
  SRAM                  20000000   00008000  000022c9  00005d37  RW X


SEGMENT ALLOCATION MAP

run origin  load origin   length   init length attrs members
----------  ----------- ---------- ----------- ----- -------
00000000    00000000    00002d08   00002d08    r-x
  00000000    00000000    0000026c   0000026c    r-- .intvecs
  0000026c    0000026c    0000291c   0000291c    r-x .text
  00002b88    00002b88    0000013c   0000013c    r-- .const
  00002cc8    00002cc8    00000040   00000040    r-- .cinit
20000000    20000000    000022cd   00000000    rw-
  20000000    20000000    0000026c   00000000    rw- .vtable
  20000270    20000270    00001000   00000000    rw- .stack
  20001270    20001270    00001000   00000000    rw- .sysmem
  20002270    20002270    00000058   00000000    rw- .bss
  200022c8    200022c8    00000005   00000000    rw- .data


SECTION ALLOCATION MAP

 output                                  attributes/
section   page    origin      length       input sections
--------  ----  ----------  ----------   ----------------
.intvecs   0    00000000    0000026c     
                  00000000    0000026c     tm4c123ge6pm_startup_ccs.obj (.intvecs)

.text      0    0000026c    0000291c     
                  0000026c    00000a4e     rtsv7M4_T_le_v4SPD16_eabi.lib : _printfi.c.obj (.text:__TI_printfi)
                  00000cba    00000002                                   : div0.asm.obj (.text)
                  00000cbc    00000328                                   : e_exp.c.obj (.text:exp)
                  00000fe4    00000328     lcd.obj (.text)
                  0000130c    00000270     rtsv7M4_T_le_v4SPD16_eabi.lib : _printfi.c.obj (.text:_pconv_a)
                  0000157c    00000248     Timer.obj (.text)
                  000017c4    000001d0     rtsv7M4_T_le_v4SPD16_eabi.lib : _printfi.c.obj (.text:_pconv_g)
                  00001994    000001b6                                   : fd_add_t2.asm.obj (.text)
                  00001b4a    00000002     --HOLE-- [fill = 0]
                  00001b4c    0000013c                                   : _printfi.c.obj (.text:_pconv_e)
                  00001c88    00000136                                   : fd_div_t2.asm.obj (.text)
                  00001dbe    00000002     --HOLE-- [fill = 0]
                  00001dc0    00000124                                   : _printfi.c.obj (.text:fcvt)
                  00001ee4    00000118     adc.obj (.text)
                  00001ffc    00000110     rtsv7M4_T_le_v4SPD16_eabi.lib : s_scalbn.c.obj (.text:scalbn)
                  0000210c    000000fc                                   : fd_mul_t2.asm.obj (.text)
                  00002208    000000b1                                   : _printfi.c.obj (.text:_ltostr)
                  000022b9    00000001     --HOLE-- [fill = 0]
                  000022ba    0000009c                                   : memcpy_t2.asm.obj (.text)
                  00002356    00000096                                   : ull_div_t2.asm.obj (.text)
                  000023ec    00000094     main.obj (.text)
                  00002480    00000086     rtsv7M4_T_le_v4SPD16_eabi.lib : fd_cmp_t2.asm.obj (.text:__aeabi_cdcmple)
                  00002506    00000086                                   : fd_cmp_t2.asm.obj (.text:__aeabi_cdrcmple)
                  0000258c    0000007a                                   : memset_t2.asm.obj (.text)
                  00002606    0000006e                                   : _printfi.c.obj (.text:_mcpy)
                  00002674    00000068                                   : copy_decompress_lzss.c.obj (.text:decompress:lzss:__TI_decompress_lzss)
                  000026dc    00000064                                   : s_frexp.c.obj (.text:frexp)
                  00002740    00000056                                   : _printfi.c.obj (.text:_pconv_f)
                  00002796    00000054                                   : _ltoa.c.obj (.text:__TI_ltoa)
                  000027ea    00000052                                   : _printfi.c.obj (.text:_ecpy)
                  0000283c    0000004c                                   : atoi.c.obj (.text:atoi)
                  00002888    00000048                                   : fd_toi_t2.asm.obj (.text)
                  000028d0    00000044                                   : autoinit.c.obj (.text:__TI_auto_init_nobinit_nopinit:__TI_auto_init_nobinit_nopinit)
                  00002914    00000040                                   : vsnprintf.c.obj (.text:vsnprintf)
                  00002954    0000003e                                   : _printfi.c.obj (.text:_fcpy)
                  00002992    00000002     --HOLE-- [fill = 0]
                  00002994    00000034     driverlib.lib : interrupt.obj (.text:IntRegister)
                  000029c8    00000034     rtsv7M4_T_le_v4SPD16_eabi.lib : boot_cortex_m.c.obj (.text:_c_int00_noargs:_c_int00_noargs)
                  000029fc    00000030                                   : vsnprintf.c.obj (.text:_outs)
                  00002a2c    0000002e                                   : i_tofd_t2.asm.obj (.text)
                  00002a5a    00000020                                   : u_tofd_t2.asm.obj (.text)
                  00002a7a    0000001c                                   : copy_zero_init.c.obj (.text:decompress:ZI:__TI_zero_init_nomemset:__TI_zero_init_nomemset)
                  00002a96    0000001c                                   : memccpy.c.obj (.text:memccpy)
                  00002ab2    0000001a                                   : s_copysign.c.obj (.text:copysign)
                  00002acc    00000018                                   : vsnprintf.c.obj (.text:_outc)
                  00002ae4    00000018                                   : strcmp.c.obj (.text:strcmp)
                  00002afc    00000016                                   : strchr.c.obj (.text:strchr)
                  00002b12    00000014                                   : strcpy.c.obj (.text:strcpy)
                  00002b26    00000014                                   : strlen.c.obj (.text:strlen)
                  00002b3a    00000012                                   : wcslen.c.obj (.text:wcslen)
                  00002b4c    00000010     lcd.obj (.text:lcd_clear)
                  00002b5c    0000000e     rtsv7M4_T_le_v4SPD16_eabi.lib : copy_decompress_none.c.obj (.text:decompress:none:__TI_decompress_none)
                  00002b6a    0000000c     tm4c123ge6pm_startup_ccs.obj (.text)
                  00002b76    00000002     --HOLE-- [fill = 0]
                  00002b78    00000008     rtsv7M4_T_le_v4SPD16_eabi.lib : errno.c.obj (.text:__aeabi_errno_addr)
                  00002b80    00000004                                   : pre_init.c.obj (.text:_system_pre_init)
                  00002b84    00000004                                   : exit.c.obj (.text:abort:abort)

.const     0    00002b88    0000013c     
                  00002b88    00000101     rtsv7M4_T_le_v4SPD16_eabi.lib : ctype.c.obj (.const:.string:_ctypes_)
                  00002c89    00000004     lcd.obj (.const:.string:lineAddress$1)
                  00002c8d    00000003     --HOLE-- [fill = 0]
                  00002c90    00000030     rtsv7M4_T_le_v4SPD16_eabi.lib : e_exp.c.obj (.const:$O1$$)
                  00002cc0    00000004     lcd.obj (.const:.string:lineAddresses$2)

.cinit     0    00002cc8    00000040     
                  00002cc8    0000000c     (__TI_handler_table)
                  00002cd4    00000004     --HOLE-- [fill = 0]
                  00002cd8    00000008     (.cinit..bss.load) [load image, compression = zero_init]
                  00002ce0    00000008     (.cinit..vtable.load) [load image, compression = zero_init]
                  00002ce8    00000007     (.cinit..data.load) [load image, compression = lzss]
                  00002cef    00000001     --HOLE-- [fill = 0]
                  00002cf0    00000018     (__TI_cinit_table)

.init_array 
*          0    00000000    00000000     UNINITIALIZED

.vtable    0    20000000    0000026c     UNINITIALIZED
                  20000000    0000026c     driverlib.lib : interrupt.obj (.vtable)

.stack     0    20000270    00001000     UNINITIALIZED
                  20000270    00000004     rtsv7M4_T_le_v4SPD16_eabi.lib : boot_cortex_m.c.obj (.stack)
                  20000274    00000ffc     --HOLE--

.sysmem    0    20001270    00001000     UNINITIALIZED
                  20001270    00000010     rtsv7M4_T_le_v4SPD16_eabi.lib : memory.c.obj (.sysmem)
                  20001280    00000ff0     --HOLE--

.bss       0    20002270    00000058     UNINITIALIZED
                  20002270    00000054     lcd.obj (.bss:lastbuffer$3)
                  200022c4    00000004     (.common:_timeout_ticks)

.data      0    200022c8    00000005     UNINITIALIZED
                  200022c8    00000004     rtsv7M4_T_le_v4SPD16_eabi.lib : errno.c.obj (.data)
                  200022cc    00000001     Timer.obj (.data)

__llvm_prf_cnts 
*          0    20000000    00000000     UNINITIALIZED

MODULE SUMMARY

       Module                         code    ro data   rw data
       ------                         ----    -------   -------
    .\
       lcd.obj                        824     8         84     
       tm4c123ge6pm_startup_ccs.obj   12      620       0      
       Timer.obj                      584     0         5      
       adc.obj                        280     0         0      
       main.obj                       148     0         0      
    +--+------------------------------+-------+---------+---------+
       Total:                         1848    628       89     
                                                               
    C:/ti/TivaWare_C_Series-2.2.0.295/driverlib/ccs/Debug/driverlib.lib
       interrupt.obj                  52      0         620    
    +--+------------------------------+-------+---------+---------+
       Total:                         52      0         620    
                                                               
    C:\ti\ccs1230\ccs\tools\compiler\ti-cgt-arm_20.2.7.LTS\lib\rtsv7M4_T_le_v4SPD16_eabi.lib
       _printfi.c.obj                 4851    0         0      
       e_exp.c.obj                    808     48        0      
       fd_add_t2.asm.obj              438     0         0      
       fd_div_t2.asm.obj              310     0         0      
       s_scalbn.c.obj                 272     0         0      
       fd_cmp_t2.asm.obj              268     0         0      
       ctype.c.obj                    0       257       0      
       fd_mul_t2.asm.obj              252     0         0      
       memcpy_t2.asm.obj              156     0         0      
       ull_div_t2.asm.obj             150     0         0      
       vsnprintf.c.obj                136     0         0      
       memset_t2.asm.obj              122     0         0      
       copy_decompress_lzss.c.obj     104     0         0      
       s_frexp.c.obj                  100     0         0      
       _ltoa.c.obj                    84      0         0      
       atoi.c.obj                     76      0         0      
       fd_toi_t2.asm.obj              72      0         0      
       autoinit.c.obj                 68      0         0      
       boot_cortex_m.c.obj            52      0         0      
       i_tofd_t2.asm.obj              46      0         0      
       u_tofd_t2.asm.obj              32      0         0      
       copy_zero_init.c.obj           28      0         0      
       memccpy.c.obj                  28      0         0      
       s_copysign.c.obj               26      0         0      
       strcmp.c.obj                   24      0         0      
       strchr.c.obj                   22      0         0      
       strcpy.c.obj                   20      0         0      
       strlen.c.obj                   20      0         0      
       wcslen.c.obj                   18      0         0      
       copy_decompress_none.c.obj     14      0         0      
       errno.c.obj                    8       0         4      
       exit.c.obj                     4       0         0      
       pre_init.c.obj                 4       0         0      
       div0.asm.obj                   2       0         0      
    +--+------------------------------+-------+---------+---------+
       Total:                         8615    305       4      
                                                               
       Heap:                          0       0         4096   
       Stack:                         0       0         4096   
       Linker Generated:              0       59        0      
    +--+------------------------------+-------+---------+---------+
       Grand Total:                   10515   992       8905   


LINKER GENERATED COPY TABLES

__TI_cinit_table @ 00002cf0 records: 3, size/record: 8, table size: 24
	.bss: load addr=00002cd8, load size=00000008 bytes, run addr=20002270, run size=00000058 bytes, compression=zero_init
	.vtable: load addr=00002ce0, load size=00000008 bytes, run addr=20000000, run size=0000026c bytes, compression=zero_init
	.data: load addr=00002ce8, load size=00000007 bytes, run addr=200022c8, run size=00000005 bytes, compression=lzss


LINKER GENERATED HANDLER TABLE

__TI_handler_table @ 00002cc8 records: 3, size/record: 4, table size: 12
	index: 0, handler: __TI_zero_init
	index: 1, handler: __TI_decompress_lzss
	index: 2, handler: __TI_decompress_none


GLOBAL SYMBOLS: SORTED ALPHABETICALLY BY Name 

address   name                          
-------   ----                          
00002b85  C$$EXIT                       
00002995  IntRegister                   
00002b6b  ResetISR                      
20001270  __STACK_END                   
00001000  __STACK_SIZE                  
20000470  __STACK_TOP                   
00001000  __SYSMEM_SIZE                 
00002cf0  __TI_CINIT_Base               
00002d08  __TI_CINIT_Limit              
00002cc8  __TI_Handler_Table_Base       
00002cd4  __TI_Handler_Table_Limit      
000028d1  __TI_auto_init_nobinit_nopinit
00002675  __TI_decompress_lzss          
00002b5d  __TI_decompress_none          
00002797  __TI_ltoa                     
ffffffff  __TI_pprof_out_hndl           
0000026d  __TI_printfi                  
ffffffff  __TI_prof_data_size           
ffffffff  __TI_prof_data_start          
00000000  __TI_static_base__            
00002a7b  __TI_zero_init_nomemset       
00002481  __aeabi_cdcmpeq               
00002481  __aeabi_cdcmple               
00002507  __aeabi_cdrcmple              
00002889  __aeabi_d2iz                  
0000199f  __aeabi_dadd                  
00001c89  __aeabi_ddiv                  
0000210d  __aeabi_dmul                  
00001995  __aeabi_dsub                  
00002b79  __aeabi_errno_addr            
00002a2d  __aeabi_i2d                   
00000cbb  __aeabi_idiv0                 
00000cbb  __aeabi_ldiv0                 
0000258d  __aeabi_memclr                
0000258d  __aeabi_memclr4               
0000258d  __aeabi_memclr8               
000022bb  __aeabi_memcpy                
000022bb  __aeabi_memcpy4               
000022bb  __aeabi_memcpy8               
0000258f  __aeabi_memset                
0000258f  __aeabi_memset4               
0000258f  __aeabi_memset8               
00002a5b  __aeabi_ui2d                  
00002357  __aeabi_uldivmod              
ffffffff  __binit__                     
ffffffff  __c_args__                    
UNDEFED   __mpu_init                    
20000270  __stack                       
20000000  __start___llvm_prf_cnts       
20000000  __stop___llvm_prf_cnts        
000029c9  _c_int00_noargs               
00002b88  _ctypes_                      
200022cc  _running                      
20001270  _sys_memory                   
UNDEFED   _system_post_cinit            
00002b81  _system_pre_init              
200022c4  _timeout_ticks                
00002b85  abort                         
00001ee5  adc_init                      
00001f87  adc_read                      
0000283d  atoi                          
ffffffff  binit                         
00002ab3  copysign                      
00002ab3  copysignl                     
200022c8  errno                         
00000cbd  exp                           
00000cbd  expl                          
000026dd  frexp                         
000026dd  frexpl                        
20000000  g_pfnRAMVectors               
00000000  g_pfnVectors                  
00002b4d  lcd_clear                     
000011b9  lcd_gotoLine                  
00001021  lcd_init                      
0000121f  lcd_printf                    
000010e1  lcd_putc                      
00001119  lcd_puts                      
00000fe5  lcd_reverseNibble             
00001137  lcd_sendCommand               
00001175  lcd_sendNibble                
000011e1  lcd_setCursorPos              
00001ffd  ldexp                         
00001ffd  ldexpl                        
000023ed  main                          
00002a97  memccpy                       
000022bb  memcpy                        
00002595  memset                        
00001ffd  scalbn                        
00001ffd  scalbnl                       
00002afd  strchr                        
00002ae5  strcmp                        
00002b13  strcpy                        
00002b27  strlen                        
0000169b  timer_getMicros               
00001643  timer_getMillis               
0000157d  timer_init                    
0000161f  timer_pause                   
00001631  timer_resume                  
000015f5  timer_stop                    
000016f5  timer_waitMicros              
00001727  timer_waitMillis              
00002915  vsnprintf                     
00002b3b  wcslen                        


GLOBAL SYMBOLS: SORTED BY Symbol Address 

address   name                          
-------   ----                          
00000000  __TI_static_base__            
00000000  g_pfnVectors                  
0000026d  __TI_printfi                  
00000cbb  __aeabi_idiv0                 
00000cbb  __aeabi_ldiv0                 
00000cbd  exp                           
00000cbd  expl                          
00000fe5  lcd_reverseNibble             
00001000  __STACK_SIZE                  
00001000  __SYSMEM_SIZE                 
00001021  lcd_init                      
000010e1  lcd_putc                      
00001119  lcd_puts                      
00001137  lcd_sendCommand               
00001175  lcd_sendNibble                
000011b9  lcd_gotoLine                  
000011e1  lcd_setCursorPos              
0000121f  lcd_printf                    
0000157d  timer_init                    
000015f5  timer_stop                    
0000161f  timer_pause                   
00001631  timer_resume                  
00001643  timer_getMillis               
0000169b  timer_getMicros               
000016f5  timer_waitMicros              
00001727  timer_waitMillis              
00001995  __aeabi_dsub                  
0000199f  __aeabi_dadd                  
00001c89  __aeabi_ddiv                  
00001ee5  adc_init                      
00001f87  adc_read                      
00001ffd  ldexp                         
00001ffd  ldexpl                        
00001ffd  scalbn                        
00001ffd  scalbnl                       
0000210d  __aeabi_dmul                  
000022bb  __aeabi_memcpy                
000022bb  __aeabi_memcpy4               
000022bb  __aeabi_memcpy8               
000022bb  memcpy                        
00002357  __aeabi_uldivmod              
000023ed  main                          
00002481  __aeabi_cdcmpeq               
00002481  __aeabi_cdcmple               
00002507  __aeabi_cdrcmple              
0000258d  __aeabi_memclr                
0000258d  __aeabi_memclr4               
0000258d  __aeabi_memclr8               
0000258f  __aeabi_memset                
0000258f  __aeabi_memset4               
0000258f  __aeabi_memset8               
00002595  memset                        
00002675  __TI_decompress_lzss          
000026dd  frexp                         
000026dd  frexpl                        
00002797  __TI_ltoa                     
0000283d  atoi                          
00002889  __aeabi_d2iz                  
000028d1  __TI_auto_init_nobinit_nopinit
00002915  vsnprintf                     
00002995  IntRegister                   
000029c9  _c_int00_noargs               
00002a2d  __aeabi_i2d                   
00002a5b  __aeabi_ui2d                  
00002a7b  __TI_zero_init_nomemset       
00002a97  memccpy                       
00002ab3  copysign                      
00002ab3  copysignl                     
00002ae5  strcmp                        
00002afd  strchr                        
00002b13  strcpy                        
00002b27  strlen                        
00002b3b  wcslen                        
00002b4d  lcd_clear                     
00002b5d  __TI_decompress_none          
00002b6b  ResetISR                      
00002b79  __aeabi_errno_addr            
00002b81  _system_pre_init              
00002b85  C$$EXIT                       
00002b85  abort                         
00002b88  _ctypes_                      
00002cc8  __TI_Handler_Table_Base       
00002cd4  __TI_Handler_Table_Limit      
00002cf0  __TI_CINIT_Base               
00002d08  __TI_CINIT_Limit              
20000000  __start___llvm_prf_cnts       
20000000  __stop___llvm_prf_cnts        
20000000  g_pfnRAMVectors               
20000270  __stack                       
20000470  __STACK_TOP                   
20001270  __STACK_END                   
20001270  _sys_memory                   
200022c4  _timeout_ticks                
200022c8  errno                         
200022cc  _running                      
ffffffff  __TI_pprof_out_hndl           
ffffffff  __TI_prof_data_size           
ffffffff  __TI_prof_data_start          
ffffffff  __binit__                     
ffffffff  __c_args__                    
ffffffff  binit                         
UNDEFED   __mpu_init                    
UNDEFED   _system_post_cinit            

[103 symbols]
