******************************************************************************
                  TI ARM Linker PC v20.2.7                     
******************************************************************************
>> Linked Tue Feb 27 13:24:30 2024

OUTPUT FILE NAME:   <Lab6.out>
ENTRY POINT SYMBOL: "_c_int00_noargs"  address: 00002ec1


MEMORY CONFIGURATION

         name            origin    length      used     unused   attr    fill
----------------------  --------  ---------  --------  --------  ----  --------
  FLASH                 00000000   00020000  00003202  0001cdfe  R  X
  SRAM                  20000000   00008000  000012ee  00006d12  RW X


SEGMENT ALLOCATION MAP

run origin  load origin   length   init length attrs members
----------  ----------- ---------- ----------- ----- -------
00000000    00000000    00003208   00003208    r-x
  00000000    00000000    0000026c   0000026c    r-- .intvecs
  0000026c    0000026c    00002e30   00002e30    r-x .text
  0000309c    0000309c    00000126   00000126    r-- .const
  000031c8    000031c8    00000040   00000040    r-- .cinit
20000000    20000000    000012f5   00000000    rw-
  20000000    20000000    0000026c   00000000    rw- .vtable
  20000270    20000270    00001000   00000000    rw- .stack
  20001270    20001270    00000071   00000000    rw- .bss
  200012e4    200012e4    00000011   00000000    rw- .data


SECTION ALLOCATION MAP

 output                                  attributes/
section   page    origin      length       input sections
--------  ----  ----------  ----------   ----------------
.intvecs   0    00000000    0000026c     
                  00000000    0000026c     tm4c123ge6pm_startup_ccs.obj (.intvecs)

.text      0    0000026c    00002e30     
                  0000026c    00000a4e     rtsv7M4_T_le_v4SPD16_eabi.lib : _printfi.c.obj (.text:__TI_printfi)
                  00000cba    00000002                                   : div0.asm.obj (.text)
                  00000cbc    00000328     lcd.obj (.text)
                  00000fe4    00000270     rtsv7M4_T_le_v4SPD16_eabi.lib : _printfi.c.obj (.text:_pconv_a)
                  00001254    00000260     libcybotScan.lib : cyBot_Scan.obj (.text)
                  000014b4    00000248     Timer.obj (.text)
                  000016fc    000001ec     libcybotScan.lib : ping.obj (.text)
                  000018e8    000001d0     rtsv7M4_T_le_v4SPD16_eabi.lib : _printfi.c.obj (.text:_pconv_g)
                  00001ab8    000001c8     uart-interrupt.obj (.text)
                  00001c80    000001b6     rtsv7M4_T_le_v4SPD16_eabi.lib : fd_add_t2.asm.obj (.text)
                  00001e36    00000002     --HOLE-- [fill = 0]
                  00001e38    00000158     libcybotScan.lib : servo.obj (.text)
                  00001f90    0000013c     rtsv7M4_T_le_v4SPD16_eabi.lib : _printfi.c.obj (.text:_pconv_e)
                  000020cc    00000136                                   : fd_div_t2.asm.obj (.text)
                  00002202    00000002     --HOLE-- [fill = 0]
                  00002204    00000124                                   : _printfi.c.obj (.text:fcvt)
                  00002328    00000118     libcybotScan.lib : ir.obj (.text)
                  00002440    00000110     rtsv7M4_T_le_v4SPD16_eabi.lib : s_scalbn.c.obj (.text:scalbn)
                  00002550    000000fc                                   : fd_mul_t2.asm.obj (.text)
                  0000264c    000000d0     lab6_template.obj (.text)
                  0000271c    000000b1     rtsv7M4_T_le_v4SPD16_eabi.lib : _printfi.c.obj (.text:_ltostr)
                  000027cd    00000001     --HOLE-- [fill = 0]
                  000027ce    0000009c                                   : memcpy_t2.asm.obj (.text)
                  0000286a    00000096                                   : ull_div_t2.asm.obj (.text)
                  00002900    00000086                                   : fd_cmp_t2.asm.obj (.text:__aeabi_cdcmple)
                  00002986    00000086                                   : fd_cmp_t2.asm.obj (.text:__aeabi_cdrcmple)
                  00002a0c    0000007a                                   : memset_t2.asm.obj (.text)
                  00002a86    0000006e                                   : _printfi.c.obj (.text:_mcpy)
                  00002af4    00000068                                   : copy_decompress_lzss.c.obj (.text:decompress:lzss:__TI_decompress_lzss)
                  00002b5c    00000064                                   : s_frexp.c.obj (.text:frexp)
                  00002bc0    00000056                                   : _printfi.c.obj (.text:_pconv_f)
                  00002c16    00000054                                   : _ltoa.c.obj (.text:__TI_ltoa)
                  00002c6a    00000052                                   : _printfi.c.obj (.text:_ecpy)
                  00002cbc    0000004c                                   : atoi.c.obj (.text:atoi)
                  00002d08    00000048                                   : fd_toi_t2.asm.obj (.text)
                  00002d50    00000044                                   : autoinit.c.obj (.text:__TI_auto_init_nobinit_nopinit:__TI_auto_init_nobinit_nopinit)
                  00002d94    00000040                                   : sprintf.c.obj (.text:sprintf)
                  00002dd4    00000040                                   : vsnprintf.c.obj (.text:vsnprintf)
                  00002e14    0000003e                                   : _printfi.c.obj (.text:_fcpy)
                  00002e52    00000038                                   : fs_tod_t2.asm.obj (.text)
                  00002e8a    00000002     --HOLE-- [fill = 0]
                  00002e8c    00000034     driverlib.lib : interrupt.obj (.text:IntRegister)
                  00002ec0    00000034     rtsv7M4_T_le_v4SPD16_eabi.lib : boot_cortex_m.c.obj (.text:_c_int00_noargs:_c_int00_noargs)
                  00002ef4    00000030                                   : vsnprintf.c.obj (.text:_outs)
                  00002f24    0000002e                                   : i_tofd_t2.asm.obj (.text)
                  00002f52    0000001c                                   : copy_zero_init.c.obj (.text:decompress:ZI:__TI_zero_init_nomemset:__TI_zero_init_nomemset)
                  00002f6e    0000001c                                   : memccpy.c.obj (.text:memccpy)
                  00002f8a    0000001a                                   : s_copysign.c.obj (.text:copysign)
                  00002fa4    00000018                                   : vsnprintf.c.obj (.text:_outc)
                  00002fbc    00000018                                   : sprintf.c.obj (.text:_outs)
                  00002fd4    00000018                                   : strcmp.c.obj (.text:strcmp)
                  00002fec    00000016                                   : strchr.c.obj (.text:strchr)
                  00003002    00000014                                   : strcpy.c.obj (.text:strcpy)
                  00003016    00000014                                   : strlen.c.obj (.text:strlen)
                  0000302a    00000012                                   : wcslen.c.obj (.text:wcslen)
                  0000303c    00000010     driverlib.lib : interrupt.obj (.text:IntMasterEnable)
                  0000304c    00000010     lcd.obj (.text:lcd_clear)
                  0000305c    0000000e     rtsv7M4_T_le_v4SPD16_eabi.lib : copy_decompress_none.c.obj (.text:decompress:none:__TI_decompress_none)
                  0000306a    0000000c     driverlib.lib : cpu.obj (.text:CPUcpsie)
                  00003076    0000000c     tm4c123ge6pm_startup_ccs.obj (.text)
                  00003082    0000000a     rtsv7M4_T_le_v4SPD16_eabi.lib : sprintf.c.obj (.text:_outc)
                  0000308c    00000008                                   : errno.c.obj (.text:__aeabi_errno_addr)
                  00003094    00000004                                   : pre_init.c.obj (.text:_system_pre_init)
                  00003098    00000004                                   : exit.c.obj (.text:abort:abort)

.const     0    0000309c    00000126     
                  0000309c    00000101     rtsv7M4_T_le_v4SPD16_eabi.lib : ctype.c.obj (.const:.string:_ctypes_)
                  0000319d    0000001d     lab6_template.obj (.const:.string:$P$T0$1)
                  000031ba    00000004     lcd.obj (.const:.string:lineAddress$1)
                  000031be    00000004     lcd.obj (.const:.string:lineAddresses$2)

.cinit     0    000031c8    00000040     
                  000031c8    0000000c     (__TI_handler_table)
                  000031d4    0000000b     (.cinit..data.load) [load image, compression = lzss]
                  000031df    00000001     --HOLE-- [fill = 0]
                  000031e0    00000008     (.cinit..bss.load) [load image, compression = zero_init]
                  000031e8    00000008     (.cinit..vtable.load) [load image, compression = zero_init]
                  000031f0    00000018     (__TI_cinit_table)

.init_array 
*          0    00000000    00000000     UNINITIALIZED

.vtable    0    20000000    0000026c     UNINITIALIZED
                  20000000    0000026c     driverlib.lib : interrupt.obj (.vtable)

.bss       0    20001270    00000071     UNINITIALIZED
                  20001270    00000054     lcd.obj (.bss:lastbuffer$3)
                  200012c4    00000004     (.common:_timeout_ticks)
                  200012c8    00000004     (.common:fallingEdge)
                  200012cc    00000004     (.common:isr_int_value)
                  200012d0    00000004     (.common:left_calibration_value)
                  200012d4    00000004     (.common:pulseLength)
                  200012d8    00000004     (.common:right_calibration_value)
                  200012dc    00000004     (.common:risingEdge)
                  200012e0    00000001     (.common:isRisingEdge)

.data      0    200012e4    00000011     UNINITIALIZED
                  200012e4    00000008     uart-interrupt.obj (.data)
                  200012ec    00000004     libcybotScan.lib : cyBot_Scan.obj (.data)
                  200012f0    00000004     rtsv7M4_T_le_v4SPD16_eabi.lib : errno.c.obj (.data)
                  200012f4    00000001     Timer.obj (.data)

.stack     0    20000270    00001000     UNINITIALIZED
                  20000270    00000004     rtsv7M4_T_le_v4SPD16_eabi.lib : boot_cortex_m.c.obj (.stack)
                  20000274    00000ffc     --HOLE--

__llvm_prf_cnts 
*          0    20000000    00000000     UNINITIALIZED

MODULE SUMMARY

       Module                         code    ro data   rw data
       ------                         ----    -------   -------
    .\
       lcd.obj                        824     8         84     
       tm4c123ge6pm_startup_ccs.obj   12      620       0      
       Timer.obj                      584     0         5      
       uart-interrupt.obj             456     0         8      
       lab6_template.obj              208     29        8      
    +--+------------------------------+-------+---------+---------+
       Total:                         2084    657       105    
                                                               
    ../libcybotScan.lib
       cyBot_Scan.obj                 608     0         4      
       ping.obj                       492     0         13     
       servo.obj                      344     0         0      
       ir.obj                         280     0         4      
    +--+------------------------------+-------+---------+---------+
       Total:                         1724    0         21     
                                                               
    C:/ti/TivaWare_C_Series-2.2.0.295/driverlib/ccs/Debug/driverlib.lib
       interrupt.obj                  68      0         620    
       cpu.obj                        12      0         0      
    +--+------------------------------+-------+---------+---------+
       Total:                         80      0         620    
                                                               
    C:\ti\ccs1230\ccs\tools\compiler\ti-cgt-arm_20.2.7.LTS\lib\rtsv7M4_T_le_v4SPD16_eabi.lib
       _printfi.c.obj                 4851    0         0      
       fd_add_t2.asm.obj              438     0         0      
       fd_div_t2.asm.obj              310     0         0      
       s_scalbn.c.obj                 272     0         0      
       fd_cmp_t2.asm.obj              268     0         0      
       ctype.c.obj                    0       257       0      
       fd_mul_t2.asm.obj              252     0         0      
       memcpy_t2.asm.obj              156     0         0      
       ull_div_t2.asm.obj             150     0         0      
       vsnprintf.c.obj                136     0         0      
       memset_t2.asm.obj              122     0         0      
       copy_decompress_lzss.c.obj     104     0         0      
       s_frexp.c.obj                  100     0         0      
       sprintf.c.obj                  98      0         0      
       _ltoa.c.obj                    84      0         0      
       atoi.c.obj                     76      0         0      
       fd_toi_t2.asm.obj              72      0         0      
       autoinit.c.obj                 68      0         0      
       fs_tod_t2.asm.obj              56      0         0      
       boot_cortex_m.c.obj            52      0         0      
       i_tofd_t2.asm.obj              46      0         0      
       copy_zero_init.c.obj           28      0         0      
       memccpy.c.obj                  28      0         0      
       s_copysign.c.obj               26      0         0      
       strcmp.c.obj                   24      0         0      
       strchr.c.obj                   22      0         0      
       strcpy.c.obj                   20      0         0      
       strlen.c.obj                   20      0         0      
       wcslen.c.obj                   18      0         0      
       copy_decompress_none.c.obj     14      0         0      
       errno.c.obj                    8       0         4      
       exit.c.obj                     4       0         0      
       pre_init.c.obj                 4       0         0      
       div0.asm.obj                   2       0         0      
    +--+------------------------------+-------+---------+---------+
       Total:                         7929    257       4      
                                                               
       Stack:                         0       0         4096   
       Linker Generated:              0       63        0      
    +--+------------------------------+-------+---------+---------+
       Grand Total:                   11817   977       4846   


LINKER GENERATED COPY TABLES

__TI_cinit_table @ 000031f0 records: 3, size/record: 8, table size: 24
	.data: load addr=000031d4, load size=0000000b bytes, run addr=200012e4, run size=00000011 bytes, compression=lzss
	.bss: load addr=000031e0, load size=00000008 bytes, run addr=20001270, run size=00000071 bytes, compression=zero_init
	.vtable: load addr=000031e8, load size=00000008 bytes, run addr=20000000, run size=0000026c bytes, compression=zero_init


LINKER GENERATED HANDLER TABLE

__TI_handler_table @ 000031c8 records: 3, size/record: 4, table size: 12
	index: 0, handler: __TI_zero_init
	index: 1, handler: __TI_decompress_lzss
	index: 2, handler: __TI_decompress_none


GLOBAL SYMBOLS: SORTED ALPHABETICALLY BY Name 

address   name                          
-------   ----                          
000023c1  ADC0SS0_Handler               
00003099  C$$EXIT                       
0000306b  CPUcpsie                      
0000303d  IntMasterEnable               
00002e8d  IntRegister                   
00003077  ResetISR                      
000017ed  TIMER3B_Handler               
00001bd7  UART1_Handler                 
20001270  __STACK_END                   
00001000  __STACK_SIZE                  
20000470  __STACK_TOP                   
000031f0  __TI_CINIT_Base               
00003208  __TI_CINIT_Limit              
000031c8  __TI_Handler_Table_Base       
000031d4  __TI_Handler_Table_Limit      
00002d51  __TI_auto_init_nobinit_nopinit
00002af5  __TI_decompress_lzss          
0000305d  __TI_decompress_none          
00002c17  __TI_ltoa                     
ffffffff  __TI_pprof_out_hndl           
0000026d  __TI_printfi                  
ffffffff  __TI_prof_data_size           
ffffffff  __TI_prof_data_start          
00000000  __TI_static_base__            
00002f53  __TI_zero_init_nomemset       
00002901  __aeabi_cdcmpeq               
00002901  __aeabi_cdcmple               
00002987  __aeabi_cdrcmple              
00002d09  __aeabi_d2iz                  
00001c8b  __aeabi_dadd                  
000020cd  __aeabi_ddiv                  
00002551  __aeabi_dmul                  
00001c81  __aeabi_dsub                  
0000308d  __aeabi_errno_addr            
00002e53  __aeabi_f2d                   
00002f25  __aeabi_i2d                   
00000cbb  __aeabi_idiv0                 
00000cbb  __aeabi_ldiv0                 
00002a0d  __aeabi_memclr                
00002a0d  __aeabi_memclr4               
00002a0d  __aeabi_memclr8               
000027cf  __aeabi_memcpy                
000027cf  __aeabi_memcpy4               
000027cf  __aeabi_memcpy8               
00002a0f  __aeabi_memset                
00002a0f  __aeabi_memset4               
00002a0f  __aeabi_memset8               
0000286b  __aeabi_uldivmod              
ffffffff  __binit__                     
ffffffff  __c_args__                    
UNDEFED   __mpu_init                    
20000270  __stack                       
20000000  __start___llvm_prf_cnts       
20000000  __stop___llvm_prf_cnts        
00002ec1  _c_int00_noargs               
0000309c  _ctypes_                      
200012f4  _running                      
UNDEFED   _system_post_cinit            
00003095  _system_pre_init              
200012c4  _timeout_ticks                
00003099  abort                         
00002cbd  atoi                          
ffffffff  binit                         
200012e4  command_byte                  
200012e8  command_flag                  
00002f8b  copysign                      
00002f8b  copysignl                     
0000132d  cyBOT_SERVO_cal               
000012bb  cyBOT_Scan                    
00001263  cyBOT_init_Scan               
200012ec  cyBOT_scan_features           
00001255  cyBOT_scan_version            
200012f0  errno                         
200012c8  fallingEdge                   
00002b5d  frexp                         
00002b5d  frexpl                        
20000000  g_pfnRAMVectors               
00000000  g_pfnVectors                  
000023d7  ir_enableInterrupt            
000023b9  ir_getDistance                
00002391  ir_getValue                   
00002329  ir_init                       
200012e0  isRisingEdge                  
200012cc  isr_int_value                 
0000304d  lcd_clear                     
00000e91  lcd_gotoLine                  
00000cf9  lcd_init                      
00000ef7  lcd_printf                    
00000db9  lcd_putc                      
00000df1  lcd_puts                      
00000cbd  lcd_reverseNibble             
00000e0f  lcd_sendCommand               
00000e4d  lcd_sendNibble                
00000eb9  lcd_setCursorPos              
00002441  ldexp                         
00002441  ldexpl                        
200012d0  left_calibration_value        
0000264d  main                          
00002f6f  memccpy                       
000027cf  memcpy                        
00002a15  memset                        
0000183f  ping_getDistance              
000016fd  ping_init                     
00001783  ping_trigger                  
200012d4  pulseLength                   
200012d8  right_calibration_value       
200012dc  risingEdge                    
00002441  scalbn                        
00002441  scalbnl                       
00001e39  servo_init                    
00001ec9  servo_move                    
00001f29  servo_setPWM                  
00001ebd  servo_stop                    
00002d95  sprintf                       
00002fed  strchr                        
00002fd5  strcmp                        
00003003  strcpy                        
00003017  strlen                        
000015d3  timer_getMicros               
0000157b  timer_getMillis               
000014b5  timer_init                    
00001557  timer_pause                   
00001569  timer_resume                  
0000152d  timer_stop                    
0000162d  timer_waitMicros              
0000165f  timer_waitMillis              
00001ab9  uart_interrupt_init           
00001b89  uart_receive                  
00001b6d  uart_sendChar                 
00001baf  uart_sendStr                  
00002dd5  vsnprintf                     
0000302b  wcslen                        


GLOBAL SYMBOLS: SORTED BY Symbol Address 

address   name                          
-------   ----                          
00000000  __TI_static_base__            
00000000  g_pfnVectors                  
0000026d  __TI_printfi                  
00000cbb  __aeabi_idiv0                 
00000cbb  __aeabi_ldiv0                 
00000cbd  lcd_reverseNibble             
00000cf9  lcd_init                      
00000db9  lcd_putc                      
00000df1  lcd_puts                      
00000e0f  lcd_sendCommand               
00000e4d  lcd_sendNibble                
00000e91  lcd_gotoLine                  
00000eb9  lcd_setCursorPos              
00000ef7  lcd_printf                    
00001000  __STACK_SIZE                  
00001255  cyBOT_scan_version            
00001263  cyBOT_init_Scan               
000012bb  cyBOT_Scan                    
0000132d  cyBOT_SERVO_cal               
000014b5  timer_init                    
0000152d  timer_stop                    
00001557  timer_pause                   
00001569  timer_resume                  
0000157b  timer_getMillis               
000015d3  timer_getMicros               
0000162d  timer_waitMicros              
0000165f  timer_waitMillis              
000016fd  ping_init                     
00001783  ping_trigger                  
000017ed  TIMER3B_Handler               
0000183f  ping_getDistance              
00001ab9  uart_interrupt_init           
00001b6d  uart_sendChar                 
00001b89  uart_receive                  
00001baf  uart_sendStr                  
00001bd7  UART1_Handler                 
00001c81  __aeabi_dsub                  
00001c8b  __aeabi_dadd                  
00001e39  servo_init                    
00001ebd  servo_stop                    
00001ec9  servo_move                    
00001f29  servo_setPWM                  
000020cd  __aeabi_ddiv                  
00002329  ir_init                       
00002391  ir_getValue                   
000023b9  ir_getDistance                
000023c1  ADC0SS0_Handler               
000023d7  ir_enableInterrupt            
00002441  ldexp                         
00002441  ldexpl                        
00002441  scalbn                        
00002441  scalbnl                       
00002551  __aeabi_dmul                  
0000264d  main                          
000027cf  __aeabi_memcpy                
000027cf  __aeabi_memcpy4               
000027cf  __aeabi_memcpy8               
000027cf  memcpy                        
0000286b  __aeabi_uldivmod              
00002901  __aeabi_cdcmpeq               
00002901  __aeabi_cdcmple               
00002987  __aeabi_cdrcmple              
00002a0d  __aeabi_memclr                
00002a0d  __aeabi_memclr4               
00002a0d  __aeabi_memclr8               
00002a0f  __aeabi_memset                
00002a0f  __aeabi_memset4               
00002a0f  __aeabi_memset8               
00002a15  memset                        
00002af5  __TI_decompress_lzss          
00002b5d  frexp                         
00002b5d  frexpl                        
00002c17  __TI_ltoa                     
00002cbd  atoi                          
00002d09  __aeabi_d2iz                  
00002d51  __TI_auto_init_nobinit_nopinit
00002d95  sprintf                       
00002dd5  vsnprintf                     
00002e53  __aeabi_f2d                   
00002e8d  IntRegister                   
00002ec1  _c_int00_noargs               
00002f25  __aeabi_i2d                   
00002f53  __TI_zero_init_nomemset       
00002f6f  memccpy                       
00002f8b  copysign                      
00002f8b  copysignl                     
00002fd5  strcmp                        
00002fed  strchr                        
00003003  strcpy                        
00003017  strlen                        
0000302b  wcslen                        
0000303d  IntMasterEnable               
0000304d  lcd_clear                     
0000305d  __TI_decompress_none          
0000306b  CPUcpsie                      
00003077  ResetISR                      
0000308d  __aeabi_errno_addr            
00003095  _system_pre_init              
00003099  C$$EXIT                       
00003099  abort                         
0000309c  _ctypes_                      
000031c8  __TI_Handler_Table_Base       
000031d4  __TI_Handler_Table_Limit      
000031f0  __TI_CINIT_Base               
00003208  __TI_CINIT_Limit              
20000000  __start___llvm_prf_cnts       
20000000  __stop___llvm_prf_cnts        
20000000  g_pfnRAMVectors               
20000270  __stack                       
20000470  __STACK_TOP                   
20001270  __STACK_END                   
200012c4  _timeout_ticks                
200012c8  fallingEdge                   
200012cc  isr_int_value                 
200012d0  left_calibration_value        
200012d4  pulseLength                   
200012d8  right_calibration_value       
200012dc  risingEdge                    
200012e0  isRisingEdge                  
200012e4  command_byte                  
200012e8  command_flag                  
200012ec  cyBOT_scan_features           
200012f0  errno                         
200012f4  _running                      
ffffffff  __TI_pprof_out_hndl           
ffffffff  __TI_prof_data_size           
ffffffff  __TI_prof_data_start          
ffffffff  __binit__                     
ffffffff  __c_args__                    
ffffffff  binit                         
UNDEFED   __mpu_init                    
UNDEFED   _system_post_cinit            

[132 symbols]
