******************************************************************************
                  TI ARM Linker PC v20.2.7                     
******************************************************************************
>> Linked Tue Mar  5 13:54:20 2024

OUTPUT FILE NAME:   <Lab7.out>
ENTRY POINT SYMBOL: "_c_int00_noargs"  address: 00004d05


MEMORY CONFIGURATION

         name            origin    length      used     unused   attr    fill
----------------------  --------  ---------  --------  --------  ----  --------
  FLASH                 00000000   00020000  00005136  0001aeca  R  X
  SRAM                  20000000   00008000  00002336  00005cca  RW X


SEGMENT ALLOCATION MAP

run origin  load origin   length   init length attrs members
----------  ----------- ---------- ----------- ----- -------
00000000    00000000    00005138   00005138    r-x
  00000000    00000000    0000026c   0000026c    r-- .intvecs
  0000026c    0000026c    00004cdc   00004cdc    r-x .text
  00004f48    00004f48    00000196   00000196    r-- .const
  000050e0    000050e0    00000058   00000058    r-- .cinit
20000000    20000000    0000233d   00000000    rw-
  20000000    20000000    0000026c   00000000    rw- .vtable
  20000270    20000270    00001000   00000000    rw- .stack
  20001270    20001270    00001000   00000000    rw- .sysmem
  20002270    20002270    00000089   00000000    rw- .bss
  200022fc    200022fc    00000041   00000000    rw- .data


SECTION ALLOCATION MAP

 output                                  attributes/
section   page    origin      length       input sections
--------  ----  ----------  ----------   ----------------
.intvecs   0    00000000    0000026c     
                  00000000    0000026c     tm4c123ge6pm_startup_ccs.obj (.intvecs)

.text      0    0000026c    00004cdc     
                  0000026c    00000c20     open_interface.obj (.text)
                  00000e8c    00000a4e     rtsv7M4_T_le_v4SPD16_eabi.lib : _printfi.c.obj (.text:__TI_printfi)
                  000018da    00000002                                   : _lock.c.obj (.text:_nop)
                  000018dc    000009d0                                   : e_pow.c.obj (.text:pow)
                  000022ac    00000328                                   : e_exp.c.obj (.text:exp)
                  000025d4    00000328     lcd.obj (.text)
                  000028fc    00000270     rtsv7M4_T_le_v4SPD16_eabi.lib : _printfi.c.obj (.text:_pconv_a)
                  00002b6c    00000260     libcybotScan.lib : cyBot_Scan.obj (.text)
                  00002dcc    00000248     Timer.obj (.text)
                  00003014    000001ec     libcybotScan.lib : ping.obj (.text)
                  00003200    000001d0     rtsv7M4_T_le_v4SPD16_eabi.lib : _printfi.c.obj (.text:_pconv_g)
                  000033d0    000001bc     uart-interrupt.obj (.text)
                  0000358c    000001b6     rtsv7M4_T_le_v4SPD16_eabi.lib : fd_add_t2.asm.obj (.text)
                  00003742    00000002                                   : div0.asm.obj (.text)
                  00003744    000001b4     main.obj (.text)
                  000038f8    00000158     libcybotScan.lib : servo.obj (.text)
                  00003a50    00000158     rtsv7M4_T_le_v4SPD16_eabi.lib : e_sqrt.c.obj (.text:sqrt)
                  00003ba8    0000013c                                   : _printfi.c.obj (.text:_pconv_e)
                  00003ce4    00000136                                   : fd_div_t2.asm.obj (.text)
                  00003e1a    00000002     --HOLE-- [fill = 0]
                  00003e1c    00000124                                   : _printfi.c.obj (.text:fcvt)
                  00003f40    00000118     libcybotScan.lib : ir.obj (.text)
                  00004058    00000110     rtsv7M4_T_le_v4SPD16_eabi.lib : s_scalbn.c.obj (.text:scalbn)
                  00004168    00000100                                   : memory.c.obj (.text:aligned_alloc)
                  00004268    000000fc                                   : fd_mul_t2.asm.obj (.text)
                  00004364    000000e4                                   : memory.c.obj (.text:free)
                  00004448    000000b1                                   : _printfi.c.obj (.text:_ltostr)
                  000044f9    00000001     --HOLE-- [fill = 0]
                  000044fa    0000009c                                   : memcpy_t2.asm.obj (.text)
                  00004596    00000096                                   : ull_div_t2.asm.obj (.text)
                  0000462c    00000086                                   : fd_cmp_t2.asm.obj (.text:__aeabi_cdcmple)
                  000046b2    00000086                                   : fd_cmp_t2.asm.obj (.text:__aeabi_cdrcmple)
                  00004738    0000007a                                   : memset_t2.asm.obj (.text)
                  000047b2    00000002     --HOLE-- [fill = 0]
                  000047b4    00000070                                   : memory.c.obj (.text:split)
                  00004824    0000006e                                   : _printfi.c.obj (.text:_mcpy)
                  00004892    0000006e                                   : fd_tos_t2.asm.obj (.text)
                  00004900    00000068                                   : copy_decompress_lzss.c.obj (.text:decompress:lzss:__TI_decompress_lzss)
                  00004968    00000064                                   : s_frexp.c.obj (.text:frexp)
                  000049cc    00000056                                   : _printfi.c.obj (.text:_pconv_f)
                  00004a22    00000054                                   : _ltoa.c.obj (.text:__TI_ltoa)
                  00004a76    00000052                                   : _printfi.c.obj (.text:_ecpy)
                  00004ac8    0000004c                                   : atoi.c.obj (.text:atoi)
                  00004b14    00000048                                   : fd_toi_t2.asm.obj (.text)
                  00004b5c    00000044                                   : autoinit.c.obj (.text:__TI_auto_init_nobinit_nopinit:__TI_auto_init_nobinit_nopinit)
                  00004ba0    00000040                                   : sprintf.c.obj (.text:sprintf)
                  00004be0    00000040                                   : vsnprintf.c.obj (.text:vsnprintf)
                  00004c20    0000003e                                   : _printfi.c.obj (.text:_fcpy)
                  00004c5e    00000002     --HOLE-- [fill = 0]
                  00004c60    00000038                                   : memory.c.obj (.text:calloc)
                  00004c98    00000038                                   : fs_tod_t2.asm.obj (.text)
                  00004cd0    00000034     driverlib.lib : interrupt.obj (.text:IntRegister)
                  00004d04    00000034     rtsv7M4_T_le_v4SPD16_eabi.lib : boot_cortex_m.c.obj (.text:_c_int00_noargs:_c_int00_noargs)
                  00004d38    00000030                                   : vsnprintf.c.obj (.text:_outs)
                  00004d68    0000002e                                   : i_tofd_t2.asm.obj (.text)
                  00004d96    00000002     --HOLE-- [fill = 0]
                  00004d98    00000028                                   : memory.c.obj (.text:free_list_insert)
                  00004dc0    0000001c                                   : copy_zero_init.c.obj (.text:decompress:ZI:__TI_zero_init_nomemset:__TI_zero_init_nomemset)
                  00004ddc    0000001c                                   : memory.c.obj (.text:free_list_remove)
                  00004df8    0000001c                                   : memccpy.c.obj (.text:memccpy)
                  00004e14    0000001a                                   : s_copysign.c.obj (.text:copysign)
                  00004e2e    00000018                                   : vsnprintf.c.obj (.text:_outc)
                  00004e46    00000018                                   : sprintf.c.obj (.text:_outs)
                  00004e5e    00000018     open_interface.obj (.text:oi_parseInt)
                  00004e76    00000018     rtsv7M4_T_le_v4SPD16_eabi.lib : strcmp.c.obj (.text:strcmp)
                  00004e8e    00000016                                   : strchr.c.obj (.text:strchr)
                  00004ea4    00000014                                   : strcpy.c.obj (.text:strcpy)
                  00004eb8    00000014                                   : strlen.c.obj (.text:strlen)
                  00004ecc    00000012                                   : wcslen.c.obj (.text:wcslen)
                  00004ede    00000010     driverlib.lib : interrupt.obj (.text:IntMasterEnable)
                  00004eee    00000010     lcd.obj (.text:lcd_clear)
                  00004efe    0000000e     rtsv7M4_T_le_v4SPD16_eabi.lib : copy_decompress_none.c.obj (.text:decompress:none:__TI_decompress_none)
                  00004f0c    0000000c     driverlib.lib : cpu.obj (.text:CPUcpsie)
                  00004f18    0000000c     tm4c123ge6pm_startup_ccs.obj (.text)
                  00004f24    0000000a     rtsv7M4_T_le_v4SPD16_eabi.lib : sprintf.c.obj (.text:_outc)
                  00004f2e    00000002     --HOLE-- [fill = 0]
                  00004f30    00000008                                   : errno.c.obj (.text:__aeabi_errno_addr)
                  00004f38    00000008                                   : memory.c.obj (.text:malloc)
                  00004f40    00000004                                   : pre_init.c.obj (.text:_system_pre_init)
                  00004f44    00000004                                   : exit.c.obj (.text:abort:abort)

.const     0    00004f48    00000196     
                  00004f48    00000101     rtsv7M4_T_le_v4SPD16_eabi.lib : ctype.c.obj (.const:.string:_ctypes_)
                  00005049    00000004     lcd.obj (.const:.string:lineAddress$1)
                  0000504d    00000003     --HOLE-- [fill = 0]
                  00005050    00000030     rtsv7M4_T_le_v4SPD16_eabi.lib : e_exp.c.obj (.const:$O1$$)
                  00005080    00000030                                   : e_pow.c.obj (.const:$O1$$)
                  000050b0    0000001b     main.obj (.const:.string:$P$T0$1)
                  000050cb    0000000f     open_interface.obj (.const:.string:$P$T0$3)
                  000050da    00000004     lcd.obj (.const:.string:lineAddresses$2)

.cinit     0    000050e0    00000058     
                  000050e0    0000001f     (.cinit..data.load) [load image, compression = lzss]
                  000050ff    00000001     --HOLE-- [fill = 0]
                  00005100    0000000c     (__TI_handler_table)
                  0000510c    00000004     --HOLE-- [fill = 0]
                  00005110    00000008     (.cinit..bss.load) [load image, compression = zero_init]
                  00005118    00000008     (.cinit..vtable.load) [load image, compression = zero_init]
                  00005120    00000018     (__TI_cinit_table)

.init_array 
*          0    00000000    00000000     UNINITIALIZED

.vtable    0    20000000    0000026c     UNINITIALIZED
                  20000000    0000026c     driverlib.lib : interrupt.obj (.vtable)

.stack     0    20000270    00001000     UNINITIALIZED
                  20000270    00000004     rtsv7M4_T_le_v4SPD16_eabi.lib : boot_cortex_m.c.obj (.stack)
                  20000274    00000ffc     --HOLE--

.sysmem    0    20001270    00001000     UNINITIALIZED
                  20001270    00000010     rtsv7M4_T_le_v4SPD16_eabi.lib : memory.c.obj (.sysmem)
                  20001280    00000ff0     --HOLE--

.bss       0    20002270    00000089     UNINITIALIZED
                  20002270    00000054     lcd.obj (.bss:lastbuffer$3)
                  200022c4    00000018     open_interface.obj (.bss:firmware$2)
                  200022dc    00000004     (.common:_timeout_ticks)
                  200022e0    00000004     (.common:fallingEdge)
                  200022e4    00000004     (.common:isr_int_value)
                  200022e8    00000004     (.common:left_calibration_value)
                  200022ec    00000004     (.common:pulseLength)
                  200022f0    00000004     (.common:right_calibration_value)
                  200022f4    00000004     (.common:risingEdge)
                  200022f8    00000001     (.common:isRisingEdge)

.data      0    200022fc    00000041     UNINITIALIZED
                  200022fc    00000020     open_interface.obj (.data)
                  2000231c    00000008     rtsv7M4_T_le_v4SPD16_eabi.lib : _lock.c.obj (.data:$O1$$)
                  20002324    00000008                                   : memory.c.obj (.data:$O1$$)
                  2000232c    00000008     uart-interrupt.obj (.data)
                  20002334    00000004     libcybotScan.lib : cyBot_Scan.obj (.data)
                  20002338    00000004     rtsv7M4_T_le_v4SPD16_eabi.lib : errno.c.obj (.data)
                  2000233c    00000001     Timer.obj (.data)

__llvm_prf_cnts 
*          0    20000000    00000000     UNINITIALIZED

MODULE SUMMARY

       Module                         code    ro data   rw data
       ------                         ----    -------   -------
    .\
       open_interface.obj             3128    15        56     
       lcd.obj                        824     8         84     
       tm4c123ge6pm_startup_ccs.obj   12      620       0      
       Timer.obj                      584     0         5      
       main.obj                       436     27        8      
       uart-interrupt.obj             444     0         8      
    +--+------------------------------+-------+---------+---------+
       Total:                         5428    670       161    
                                                               
    ../libcybotScan.lib
       cyBot_Scan.obj                 608     0         4      
       ping.obj                       492     0         13     
       servo.obj                      344     0         0      
       ir.obj                         280     0         4      
    +--+------------------------------+-------+---------+---------+
       Total:                         1724    0         21     
                                                               
    C:/ti/TivaWare_C_Series-2.2.0.295/driverlib/ccs/Debug/driverlib.lib
       interrupt.obj                  68      0         620    
       cpu.obj                        12      0         0      
    +--+------------------------------+-------+---------+---------+
       Total:                         80      0         620    
                                                               
    C:\ti\ccs1230\ccs\tools\compiler\ti-cgt-arm_20.2.7.LTS\lib\rtsv7M4_T_le_v4SPD16_eabi.lib
       _printfi.c.obj                 4851    0         0      
       e_pow.c.obj                    2512    48        0      
       e_exp.c.obj                    808     48        0      
       memory.c.obj                   728     0         8      
       fd_add_t2.asm.obj              438     0         0      
       e_sqrt.c.obj                   344     0         0      
       fd_div_t2.asm.obj              310     0         0      
       s_scalbn.c.obj                 272     0         0      
       fd_cmp_t2.asm.obj              268     0         0      
       ctype.c.obj                    0       257       0      
       fd_mul_t2.asm.obj              252     0         0      
       memcpy_t2.asm.obj              156     0         0      
       ull_div_t2.asm.obj             150     0         0      
       vsnprintf.c.obj                136     0         0      
       memset_t2.asm.obj              122     0         0      
       fd_tos_t2.asm.obj              110     0         0      
       copy_decompress_lzss.c.obj     104     0         0      
       s_frexp.c.obj                  100     0         0      
       sprintf.c.obj                  98      0         0      
       _ltoa.c.obj                    84      0         0      
       atoi.c.obj                     76      0         0      
       fd_toi_t2.asm.obj              72      0         0      
       autoinit.c.obj                 68      0         0      
       fs_tod_t2.asm.obj              56      0         0      
       boot_cortex_m.c.obj            52      0         0      
       i_tofd_t2.asm.obj              46      0         0      
       copy_zero_init.c.obj           28      0         0      
       memccpy.c.obj                  28      0         0      
       s_copysign.c.obj               26      0         0      
       strcmp.c.obj                   24      0         0      
       strchr.c.obj                   22      0         0      
       strcpy.c.obj                   20      0         0      
       strlen.c.obj                   20      0         0      
       wcslen.c.obj                   18      0         0      
       copy_decompress_none.c.obj     14      0         0      
       errno.c.obj                    8       0         4      
       _lock.c.obj                    2       0         8      
       exit.c.obj                     4       0         0      
       pre_init.c.obj                 4       0         0      
       div0.asm.obj                   2       0         0      
    +--+------------------------------+-------+---------+---------+
       Total:                         12433   353       20     
                                                               
       Heap:                          0       0         4096   
       Stack:                         0       0         4096   
       Linker Generated:              0       83        0      
    +--+------------------------------+-------+---------+---------+
       Grand Total:                   19665   1106      9014   


LINKER GENERATED COPY TABLES

__TI_cinit_table @ 00005120 records: 3, size/record: 8, table size: 24
	.data: load addr=000050e0, load size=0000001f bytes, run addr=200022fc, run size=00000041 bytes, compression=lzss
	.bss: load addr=00005110, load size=00000008 bytes, run addr=20002270, run size=00000089 bytes, compression=zero_init
	.vtable: load addr=00005118, load size=00000008 bytes, run addr=20000000, run size=0000026c bytes, compression=zero_init


LINKER GENERATED HANDLER TABLE

__TI_handler_table @ 00005100 records: 3, size/record: 4, table size: 12
	index: 0, handler: __TI_zero_init
	index: 1, handler: __TI_decompress_lzss
	index: 2, handler: __TI_decompress_none


GLOBAL SYMBOLS: SORTED ALPHABETICALLY BY Name 

address   name                          
-------   ----                          
00003fd9  ADC0SS0_Handler               
00004f45  C$$EXIT                       
00004f0d  CPUcpsie                      
00000bc3  GPIOF_Handler                 
00004edf  IntMasterEnable               
00004cd1  IntRegister                   
00004f19  ResetISR                      
00003105  TIMER3B_Handler               
000034ef  UART1_Handler                 
20001270  __STACK_END                   
00001000  __STACK_SIZE                  
20000470  __STACK_TOP                   
00001000  __SYSMEM_SIZE                 
00005120  __TI_CINIT_Base               
00005138  __TI_CINIT_Limit              
00005100  __TI_Handler_Table_Base       
0000510c  __TI_Handler_Table_Limit      
00004b5d  __TI_auto_init_nobinit_nopinit
00004901  __TI_decompress_lzss          
00004eff  __TI_decompress_none          
00004a23  __TI_ltoa                     
ffffffff  __TI_pprof_out_hndl           
00000e8d  __TI_printfi                  
ffffffff  __TI_prof_data_size           
ffffffff  __TI_prof_data_start          
00000000  __TI_static_base__            
00004dc1  __TI_zero_init_nomemset       
0000462d  __aeabi_cdcmpeq               
0000462d  __aeabi_cdcmple               
000046b3  __aeabi_cdrcmple              
00004893  __aeabi_d2f                   
00004b15  __aeabi_d2iz                  
00003597  __aeabi_dadd                  
00003ce5  __aeabi_ddiv                  
00004269  __aeabi_dmul                  
0000358d  __aeabi_dsub                  
00004f31  __aeabi_errno_addr            
00004c99  __aeabi_f2d                   
00004d69  __aeabi_i2d                   
00003743  __aeabi_idiv0                 
00003743  __aeabi_ldiv0                 
00004739  __aeabi_memclr                
00004739  __aeabi_memclr4               
00004739  __aeabi_memclr8               
000044fb  __aeabi_memcpy                
000044fb  __aeabi_memcpy4               
000044fb  __aeabi_memcpy8               
0000473b  __aeabi_memset                
0000473b  __aeabi_memset4               
0000473b  __aeabi_memset8               
00004597  __aeabi_uldivmod              
ffffffff  __binit__                     
ffffffff  __c_args__                    
UNDEFED   __mpu_init                    
20000270  __stack                       
20000000  __start___llvm_prf_cnts       
20000000  __stop___llvm_prf_cnts        
00004d05  _c_int00_noargs               
00004f48  _ctypes_                      
2000231c  _lock                         
000018db  _nop                          
2000233c  _running                      
20001270  _sys_memory                   
UNDEFED   _system_post_cinit            
00004f41  _system_pre_init              
200022dc  _timeout_ticks                
20002320  _unlock                       
00004f45  abort                         
00004169  aligned_alloc                 
00004ac9  atoi                          
ffffffff  binit                         
00004c61  calloc                        
2000232c  command_byte                  
20002330  command_flag                  
00004e15  copysign                      
00004e15  copysignl                     
00002c45  cyBOT_SERVO_cal               
00002bd3  cyBOT_Scan                    
00002b7b  cyBOT_init_Scan               
20002334  cyBOT_scan_features           
00002b6d  cyBOT_scan_version            
20002338  errno                         
000022ad  exp                           
000022ad  expl                          
200022e0  fallingEdge                   
00004365  free                          
00004969  frexp                         
00004969  frexpl                        
20000000  g_pfnRAMVectors               
00000000  g_pfnVectors                  
0000097f  go_charge                     
00003fef  ir_enableInterrupt            
00003fd1  ir_getDistance                
00003fa9  ir_getValue                   
00003f41  ir_init                       
200022f8  isRisingEdge                  
200022e4  isr_int_value                 
00004eef  lcd_clear                     
000027a9  lcd_gotoLine                  
00002611  lcd_init                      
0000280f  lcd_printf                    
000026d1  lcd_putc                      
00002709  lcd_puts                      
000025d5  lcd_reverseNibble             
00002727  lcd_sendCommand               
00002765  lcd_sendNibble                
000027d1  lcd_setCursorPos              
00004059  ldexp                         
00004059  ldexpl                        
200022e8  left_calibration_value        
00003745  main                          
00004f39  malloc                        
00004169  memalign                      
00004df9  memccpy                       
000044fb  memcpy                        
00004741  memset                        
200022fc  motor_cal_factor_L            
20002300  motor_cal_factor_R            
0000026d  oi_alloc                      
00000aa9  oi_checkFirmware              
000002c7  oi_close                      
00000279  oi_free                       
00000ded  oi_getMotorCalibrationLeft    
00000e01  oi_getMotorCalibrationRight   
000002b1  oi_init                       
00000289  oi_init_noupdate              
00000915  oi_loadSong                   
00004e5f  oi_parseInt                   
0000032b  oi_parsePacket                
0000096b  oi_play_song                  
0000084b  oi_setLeds                    
00000db1  oi_setMotorCalibration        
0000088f  oi_setWheels                  
00000b51  oi_shutoff_init               
0000098d  oi_uartInit                   
00000a31  oi_uartReceive                
00000a77  oi_uartSendBuff               
00000a15  oi_uartSendChar               
00000a59  oi_uartSendStr                
000002d9  oi_update                     
00003157  ping_getDistance              
00003015  ping_init                     
0000309b  ping_trigger                  
000018dd  pow                           
000018dd  powl                          
200022ec  pulseLength                   
200022f0  right_calibration_value       
200022f4  risingEdge                    
00004059  scalbn                        
00004059  scalbnl                       
000038f9  servo_init                    
00003989  servo_move                    
000039e9  servo_setPWM                  
0000397d  servo_stop                    
00004ba1  sprintf                       
00003a51  sqrt                          
00003a51  sqrtl                         
00004e8f  strchr                        
00004e77  strcmp                        
00004ea5  strcpy                        
00004eb9  strlen                        
00002eeb  timer_getMicros               
00002e93  timer_getMillis               
00002dcd  timer_init                    
00002e6f  timer_pause                   
00002e81  timer_resume                  
00002e45  timer_stop                    
00002f45  timer_waitMicros              
00002f77  timer_waitMillis              
000033d1  uart_interrupt_init           
000034a1  uart_receive                  
00003485  uart_sendChar                 
000034c7  uart_sendStr                  
00004be1  vsnprintf                     
00004ecd  wcslen                        


GLOBAL SYMBOLS: SORTED BY Symbol Address 

address   name                          
-------   ----                          
00000000  __TI_static_base__            
00000000  g_pfnVectors                  
0000026d  oi_alloc                      
00000279  oi_free                       
00000289  oi_init_noupdate              
000002b1  oi_init                       
000002c7  oi_close                      
000002d9  oi_update                     
0000032b  oi_parsePacket                
0000084b  oi_setLeds                    
0000088f  oi_setWheels                  
00000915  oi_loadSong                   
0000096b  oi_play_song                  
0000097f  go_charge                     
0000098d  oi_uartInit                   
00000a15  oi_uartSendChar               
00000a31  oi_uartReceive                
00000a59  oi_uartSendStr                
00000a77  oi_uartSendBuff               
00000aa9  oi_checkFirmware              
00000b51  oi_shutoff_init               
00000bc3  GPIOF_Handler                 
00000db1  oi_setMotorCalibration        
00000ded  oi_getMotorCalibrationLeft    
00000e01  oi_getMotorCalibrationRight   
00000e8d  __TI_printfi                  
00001000  __STACK_SIZE                  
00001000  __SYSMEM_SIZE                 
000018db  _nop                          
000018dd  pow                           
000018dd  powl                          
000022ad  exp                           
000022ad  expl                          
000025d5  lcd_reverseNibble             
00002611  lcd_init                      
000026d1  lcd_putc                      
00002709  lcd_puts                      
00002727  lcd_sendCommand               
00002765  lcd_sendNibble                
000027a9  lcd_gotoLine                  
000027d1  lcd_setCursorPos              
0000280f  lcd_printf                    
00002b6d  cyBOT_scan_version            
00002b7b  cyBOT_init_Scan               
00002bd3  cyBOT_Scan                    
00002c45  cyBOT_SERVO_cal               
00002dcd  timer_init                    
00002e45  timer_stop                    
00002e6f  timer_pause                   
00002e81  timer_resume                  
00002e93  timer_getMillis               
00002eeb  timer_getMicros               
00002f45  timer_waitMicros              
00002f77  timer_waitMillis              
00003015  ping_init                     
0000309b  ping_trigger                  
00003105  TIMER3B_Handler               
00003157  ping_getDistance              
000033d1  uart_interrupt_init           
00003485  uart_sendChar                 
000034a1  uart_receive                  
000034c7  uart_sendStr                  
000034ef  UART1_Handler                 
0000358d  __aeabi_dsub                  
00003597  __aeabi_dadd                  
00003743  __aeabi_idiv0                 
00003743  __aeabi_ldiv0                 
00003745  main                          
000038f9  servo_init                    
0000397d  servo_stop                    
00003989  servo_move                    
000039e9  servo_setPWM                  
00003a51  sqrt                          
00003a51  sqrtl                         
00003ce5  __aeabi_ddiv                  
00003f41  ir_init                       
00003fa9  ir_getValue                   
00003fd1  ir_getDistance                
00003fd9  ADC0SS0_Handler               
00003fef  ir_enableInterrupt            
00004059  ldexp                         
00004059  ldexpl                        
00004059  scalbn                        
00004059  scalbnl                       
00004169  aligned_alloc                 
00004169  memalign                      
00004269  __aeabi_dmul                  
00004365  free                          
000044fb  __aeabi_memcpy                
000044fb  __aeabi_memcpy4               
000044fb  __aeabi_memcpy8               
000044fb  memcpy                        
00004597  __aeabi_uldivmod              
0000462d  __aeabi_cdcmpeq               
0000462d  __aeabi_cdcmple               
000046b3  __aeabi_cdrcmple              
00004739  __aeabi_memclr                
00004739  __aeabi_memclr4               
00004739  __aeabi_memclr8               
0000473b  __aeabi_memset                
0000473b  __aeabi_memset4               
0000473b  __aeabi_memset8               
00004741  memset                        
00004893  __aeabi_d2f                   
00004901  __TI_decompress_lzss          
00004969  frexp                         
00004969  frexpl                        
00004a23  __TI_ltoa                     
00004ac9  atoi                          
00004b15  __aeabi_d2iz                  
00004b5d  __TI_auto_init_nobinit_nopinit
00004ba1  sprintf                       
00004be1  vsnprintf                     
00004c61  calloc                        
00004c99  __aeabi_f2d                   
00004cd1  IntRegister                   
00004d05  _c_int00_noargs               
00004d69  __aeabi_i2d                   
00004dc1  __TI_zero_init_nomemset       
00004df9  memccpy                       
00004e15  copysign                      
00004e15  copysignl                     
00004e5f  oi_parseInt                   
00004e77  strcmp                        
00004e8f  strchr                        
00004ea5  strcpy                        
00004eb9  strlen                        
00004ecd  wcslen                        
00004edf  IntMasterEnable               
00004eef  lcd_clear                     
00004eff  __TI_decompress_none          
00004f0d  CPUcpsie                      
00004f19  ResetISR                      
00004f31  __aeabi_errno_addr            
00004f39  malloc                        
00004f41  _system_pre_init              
00004f45  C$$EXIT                       
00004f45  abort                         
00004f48  _ctypes_                      
00005100  __TI_Handler_Table_Base       
0000510c  __TI_Handler_Table_Limit      
00005120  __TI_CINIT_Base               
00005138  __TI_CINIT_Limit              
20000000  __start___llvm_prf_cnts       
20000000  __stop___llvm_prf_cnts        
20000000  g_pfnRAMVectors               
20000270  __stack                       
20000470  __STACK_TOP                   
20001270  __STACK_END                   
20001270  _sys_memory                   
200022dc  _timeout_ticks                
200022e0  fallingEdge                   
200022e4  isr_int_value                 
200022e8  left_calibration_value        
200022ec  pulseLength                   
200022f0  right_calibration_value       
200022f4  risingEdge                    
200022f8  isRisingEdge                  
200022fc  motor_cal_factor_L            
20002300  motor_cal_factor_R            
2000231c  _lock                         
20002320  _unlock                       
2000232c  command_byte                  
20002330  command_flag                  
20002334  cyBOT_scan_features           
20002338  errno                         
2000233c  _running                      
ffffffff  __TI_pprof_out_hndl           
ffffffff  __TI_prof_data_size           
ffffffff  __TI_prof_data_start          
ffffffff  __binit__                     
ffffffff  __c_args__                    
ffffffff  binit                         
UNDEFED   __mpu_init                    
UNDEFED   _system_post_cinit            

[175 symbols]
