******************************************************************************
                  TI ARM Linker PC v20.2.7                     
******************************************************************************
>> Linked Mon Mar 25 14:09:07 2024

OUTPUT FILE NAME:   <Lab7.out>
ENTRY POINT SYMBOL: "_c_int00_noargs"  address: 000047cd


MEMORY CONFIGURATION

         name            origin    length      used     unused   attr    fill
----------------------  --------  ---------  --------  --------  ----  --------
  FLASH                 00000000   00020000  00004bce  0001b432  R  X
  SRAM                  20000000   00008000  00002336  00005cca  RW X


SEGMENT ALLOCATION MAP

run origin  load origin   length   init length attrs members
----------  ----------- ---------- ----------- ----- -------
00000000    00000000    00004bd0   00004bd0    r-x
  00000000    00000000    0000026c   0000026c    r-- .intvecs
  0000026c    0000026c    000047a4   000047a4    r-x .text
  00004a10    00004a10    00000166   00000166    r-- .const
  00004b78    00004b78    00000058   00000058    r-- .cinit
20000000    20000000    0000233d   00000000    rw-
  20000000    20000000    0000026c   00000000    rw- .vtable
  20000270    20000270    00001000   00000000    rw- .stack
  20001270    20001270    00001000   00000000    rw- .sysmem
  20002270    20002270    00000089   00000000    rw- .bss
  200022fc    200022fc    00000041   00000000    rw- .data


SECTION ALLOCATION MAP

 output                                  attributes/
section   page    origin      length       input sections
--------  ----  ----------  ----------   ----------------
.intvecs   0    00000000    0000026c     
                  00000000    0000026c     tm4c123ge6pm_startup_ccs.obj (.intvecs)

.text      0    0000026c    000047a4     
                  0000026c    00000c20     open_interface.obj (.text)
                  00000e8c    00000a4e     rtsv7M4_T_le_v4SPD16_eabi.lib : _printfi.c.obj (.text:__TI_printfi)
                  000018da    00000002                                   : _lock.c.obj (.text:_nop)
                  000018dc    00000414     main.obj (.text)
                  00001cf0    00000390     movement.obj (.text)
                  00002080    00000328     rtsv7M4_T_le_v4SPD16_eabi.lib : e_exp.c.obj (.text:exp)
                  000023a8    00000328     lcd.obj (.text)
                  000026d0    00000270     rtsv7M4_T_le_v4SPD16_eabi.lib : _printfi.c.obj (.text:_pconv_a)
                  00002940    00000260     libcybotScan.lib : cyBot_Scan.obj (.text)
                  00002ba0    00000248     Timer.obj (.text)
                  00002de8    000001ec     libcybotScan.lib : ping.obj (.text)
                  00002fd4    000001d0     rtsv7M4_T_le_v4SPD16_eabi.lib : _printfi.c.obj (.text:_pconv_g)
                  000031a4    000001bc     uart-interrupt.obj (.text)
                  00003360    000001b6     rtsv7M4_T_le_v4SPD16_eabi.lib : fd_add_t2.asm.obj (.text)
                  00003516    00000002                                   : div0.asm.obj (.text)
                  00003518    00000158     libcybotScan.lib : servo.obj (.text)
                  00003670    0000013c     rtsv7M4_T_le_v4SPD16_eabi.lib : _printfi.c.obj (.text:_pconv_e)
                  000037ac    00000136                                   : fd_div_t2.asm.obj (.text)
                  000038e2    00000002     --HOLE-- [fill = 0]
                  000038e4    00000124                                   : _printfi.c.obj (.text:fcvt)
                  00003a08    00000118     libcybotScan.lib : ir.obj (.text)
                  00003b20    00000110     rtsv7M4_T_le_v4SPD16_eabi.lib : s_scalbn.c.obj (.text:scalbn)
                  00003c30    00000100                                   : memory.c.obj (.text:aligned_alloc)
                  00003d30    000000fc                                   : fd_mul_t2.asm.obj (.text)
                  00003e2c    000000e4                                   : memory.c.obj (.text:free)
                  00003f10    000000b1                                   : _printfi.c.obj (.text:_ltostr)
                  00003fc1    00000001     --HOLE-- [fill = 0]
                  00003fc2    0000009c                                   : memcpy_t2.asm.obj (.text)
                  0000405e    00000096                                   : ull_div_t2.asm.obj (.text)
                  000040f4    00000086                                   : fd_cmp_t2.asm.obj (.text:__aeabi_cdcmple)
                  0000417a    00000086                                   : fd_cmp_t2.asm.obj (.text:__aeabi_cdrcmple)
                  00004200    0000007a                                   : memset_t2.asm.obj (.text)
                  0000427a    00000002     --HOLE-- [fill = 0]
                  0000427c    00000070                                   : memory.c.obj (.text:split)
                  000042ec    0000006e                                   : _printfi.c.obj (.text:_mcpy)
                  0000435a    0000006e                                   : fd_tos_t2.asm.obj (.text)
                  000043c8    00000068                                   : copy_decompress_lzss.c.obj (.text:decompress:lzss:__TI_decompress_lzss)
                  00004430    00000064                                   : s_frexp.c.obj (.text:frexp)
                  00004494    00000056                                   : _printfi.c.obj (.text:_pconv_f)
                  000044ea    00000054                                   : _ltoa.c.obj (.text:__TI_ltoa)
                  0000453e    00000052                                   : _printfi.c.obj (.text:_ecpy)
                  00004590    0000004c                                   : atoi.c.obj (.text:atoi)
                  000045dc    00000048                                   : fd_toi_t2.asm.obj (.text)
                  00004624    00000044                                   : autoinit.c.obj (.text:__TI_auto_init_nobinit_nopinit:__TI_auto_init_nobinit_nopinit)
                  00004668    00000040                                   : sprintf.c.obj (.text:sprintf)
                  000046a8    00000040                                   : vsnprintf.c.obj (.text:vsnprintf)
                  000046e8    0000003e                                   : _printfi.c.obj (.text:_fcpy)
                  00004726    00000002     --HOLE-- [fill = 0]
                  00004728    00000038                                   : memory.c.obj (.text:calloc)
                  00004760    00000038                                   : fs_tod_t2.asm.obj (.text)
                  00004798    00000034     driverlib.lib : interrupt.obj (.text:IntRegister)
                  000047cc    00000034     rtsv7M4_T_le_v4SPD16_eabi.lib : boot_cortex_m.c.obj (.text:_c_int00_noargs:_c_int00_noargs)
                  00004800    00000030                                   : vsnprintf.c.obj (.text:_outs)
                  00004830    0000002e                                   : i_tofd_t2.asm.obj (.text)
                  0000485e    00000002     --HOLE-- [fill = 0]
                  00004860    00000028                                   : memory.c.obj (.text:free_list_insert)
                  00004888    0000001c                                   : copy_zero_init.c.obj (.text:decompress:ZI:__TI_zero_init_nomemset:__TI_zero_init_nomemset)
                  000048a4    0000001c                                   : memory.c.obj (.text:free_list_remove)
                  000048c0    0000001c                                   : memccpy.c.obj (.text:memccpy)
                  000048dc    0000001a                                   : s_copysign.c.obj (.text:copysign)
                  000048f6    00000018                                   : vsnprintf.c.obj (.text:_outc)
                  0000490e    00000018                                   : sprintf.c.obj (.text:_outs)
                  00004926    00000018     open_interface.obj (.text:oi_parseInt)
                  0000493e    00000018     rtsv7M4_T_le_v4SPD16_eabi.lib : strcmp.c.obj (.text:strcmp)
                  00004956    00000016                                   : strchr.c.obj (.text:strchr)
                  0000496c    00000014                                   : strcpy.c.obj (.text:strcpy)
                  00004980    00000014                                   : strlen.c.obj (.text:strlen)
                  00004994    00000012                                   : wcslen.c.obj (.text:wcslen)
                  000049a6    00000010     driverlib.lib : interrupt.obj (.text:IntMasterEnable)
                  000049b6    00000010     lcd.obj (.text:lcd_clear)
                  000049c6    0000000e     rtsv7M4_T_le_v4SPD16_eabi.lib : copy_decompress_none.c.obj (.text:decompress:none:__TI_decompress_none)
                  000049d4    0000000c     driverlib.lib : cpu.obj (.text:CPUcpsie)
                  000049e0    0000000c     tm4c123ge6pm_startup_ccs.obj (.text)
                  000049ec    0000000a     rtsv7M4_T_le_v4SPD16_eabi.lib : sprintf.c.obj (.text:_outc)
                  000049f6    00000002     --HOLE-- [fill = 0]
                  000049f8    00000008                                   : errno.c.obj (.text:__aeabi_errno_addr)
                  00004a00    00000008                                   : memory.c.obj (.text:malloc)
                  00004a08    00000004                                   : pre_init.c.obj (.text:_system_pre_init)
                  00004a0c    00000004                                   : exit.c.obj (.text:abort:abort)

.const     0    00004a10    00000166     
                  00004a10    00000101     rtsv7M4_T_le_v4SPD16_eabi.lib : ctype.c.obj (.const:.string:_ctypes_)
                  00004b11    00000004     lcd.obj (.const:.string:lineAddress$1)
                  00004b15    00000003     --HOLE-- [fill = 0]
                  00004b18    00000030     rtsv7M4_T_le_v4SPD16_eabi.lib : e_exp.c.obj (.const:$O1$$)
                  00004b48    0000001b     main.obj (.const:.string:$P$T0$1)
                  00004b63    0000000f     open_interface.obj (.const:.string:$P$T0$3)
                  00004b72    00000004     lcd.obj (.const:.string:lineAddresses$2)

.cinit     0    00004b78    00000058     
                  00004b78    0000001f     (.cinit..data.load) [load image, compression = lzss]
                  00004b97    00000001     --HOLE-- [fill = 0]
                  00004b98    0000000c     (__TI_handler_table)
                  00004ba4    00000004     --HOLE-- [fill = 0]
                  00004ba8    00000008     (.cinit..bss.load) [load image, compression = zero_init]
                  00004bb0    00000008     (.cinit..vtable.load) [load image, compression = zero_init]
                  00004bb8    00000018     (__TI_cinit_table)

.init_array 
*          0    00000000    00000000     UNINITIALIZED

.vtable    0    20000000    0000026c     UNINITIALIZED
                  20000000    0000026c     driverlib.lib : interrupt.obj (.vtable)

.stack     0    20000270    00001000     UNINITIALIZED
                  20000270    00000004     rtsv7M4_T_le_v4SPD16_eabi.lib : boot_cortex_m.c.obj (.stack)
                  20000274    00000ffc     --HOLE--

.sysmem    0    20001270    00001000     UNINITIALIZED
                  20001270    00000010     rtsv7M4_T_le_v4SPD16_eabi.lib : memory.c.obj (.sysmem)
                  20001280    00000ff0     --HOLE--

.bss       0    20002270    00000089     UNINITIALIZED
                  20002270    00000054     lcd.obj (.bss:lastbuffer$3)
                  200022c4    00000018     open_interface.obj (.bss:firmware$2)
                  200022dc    00000004     (.common:_timeout_ticks)
                  200022e0    00000004     (.common:fallingEdge)
                  200022e4    00000004     (.common:isr_int_value)
                  200022e8    00000004     (.common:left_calibration_value)
                  200022ec    00000004     (.common:pulseLength)
                  200022f0    00000004     (.common:right_calibration_value)
                  200022f4    00000004     (.common:risingEdge)
                  200022f8    00000001     (.common:isRisingEdge)

.data      0    200022fc    00000041     UNINITIALIZED
                  200022fc    00000020     open_interface.obj (.data)
                  2000231c    00000008     rtsv7M4_T_le_v4SPD16_eabi.lib : _lock.c.obj (.data:$O1$$)
                  20002324    00000008                                   : memory.c.obj (.data:$O1$$)
                  2000232c    00000008     uart-interrupt.obj (.data)
                  20002334    00000004     libcybotScan.lib : cyBot_Scan.obj (.data)
                  20002338    00000004     rtsv7M4_T_le_v4SPD16_eabi.lib : errno.c.obj (.data)
                  2000233c    00000001     Timer.obj (.data)

__llvm_prf_cnts 
*          0    20000000    00000000     UNINITIALIZED

MODULE SUMMARY

       Module                         code    ro data   rw data
       ------                         ----    -------   -------
    .\
       open_interface.obj             3128    15        56     
       main.obj                       1044    27        8      
       lcd.obj                        824     8         84     
       movement.obj                   912     0         0      
       tm4c123ge6pm_startup_ccs.obj   12      620       0      
       Timer.obj                      584     0         5      
       uart-interrupt.obj             444     0         8      
    +--+------------------------------+-------+---------+---------+
       Total:                         6948    670       161    
                                                               
    ../libcybotScan.lib
       cyBot_Scan.obj                 608     0         4      
       ping.obj                       492     0         13     
       servo.obj                      344     0         0      
       ir.obj                         280     0         4      
    +--+------------------------------+-------+---------+---------+
       Total:                         1724    0         21     
                                                               
    C:/ti/TivaWare_C_Series-2.2.0.295/driverlib/ccs/Debug/driverlib.lib
       interrupt.obj                  68      0         620    
       cpu.obj                        12      0         0      
    +--+------------------------------+-------+---------+---------+
       Total:                         80      0         620    
                                                               
    C:\ti\ccs1230\ccs\tools\compiler\ti-cgt-arm_20.2.7.LTS\lib\rtsv7M4_T_le_v4SPD16_eabi.lib
       _printfi.c.obj                 4851    0         0      
       e_exp.c.obj                    808     48        0      
       memory.c.obj                   728     0         8      
       fd_add_t2.asm.obj              438     0         0      
       fd_div_t2.asm.obj              310     0         0      
       s_scalbn.c.obj                 272     0         0      
       fd_cmp_t2.asm.obj              268     0         0      
       ctype.c.obj                    0       257       0      
       fd_mul_t2.asm.obj              252     0         0      
       memcpy_t2.asm.obj              156     0         0      
       ull_div_t2.asm.obj             150     0         0      
       vsnprintf.c.obj                136     0         0      
       memset_t2.asm.obj              122     0         0      
       fd_tos_t2.asm.obj              110     0         0      
       copy_decompress_lzss.c.obj     104     0         0      
       s_frexp.c.obj                  100     0         0      
       sprintf.c.obj                  98      0         0      
       _ltoa.c.obj                    84      0         0      
       atoi.c.obj                     76      0         0      
       fd_toi_t2.asm.obj              72      0         0      
       autoinit.c.obj                 68      0         0      
       fs_tod_t2.asm.obj              56      0         0      
       boot_cortex_m.c.obj            52      0         0      
       i_tofd_t2.asm.obj              46      0         0      
       copy_zero_init.c.obj           28      0         0      
       memccpy.c.obj                  28      0         0      
       s_copysign.c.obj               26      0         0      
       strcmp.c.obj                   24      0         0      
       strchr.c.obj                   22      0         0      
       strcpy.c.obj                   20      0         0      
       strlen.c.obj                   20      0         0      
       wcslen.c.obj                   18      0         0      
       copy_decompress_none.c.obj     14      0         0      
       errno.c.obj                    8       0         4      
       _lock.c.obj                    2       0         8      
       exit.c.obj                     4       0         0      
       pre_init.c.obj                 4       0         0      
       div0.asm.obj                   2       0         0      
    +--+------------------------------+-------+---------+---------+
       Total:                         9577    305       20     
                                                               
       Heap:                          0       0         4096   
       Stack:                         0       0         4096   
       Linker Generated:              0       83        0      
    +--+------------------------------+-------+---------+---------+
       Grand Total:                   18329   1058      9014   


LINKER GENERATED COPY TABLES

__TI_cinit_table @ 00004bb8 records: 3, size/record: 8, table size: 24
	.data: load addr=00004b78, load size=0000001f bytes, run addr=200022fc, run size=00000041 bytes, compression=lzss
	.bss: load addr=00004ba8, load size=00000008 bytes, run addr=20002270, run size=00000089 bytes, compression=zero_init
	.vtable: load addr=00004bb0, load size=00000008 bytes, run addr=20000000, run size=0000026c bytes, compression=zero_init


LINKER GENERATED HANDLER TABLE

__TI_handler_table @ 00004b98 records: 3, size/record: 4, table size: 12
	index: 0, handler: __TI_zero_init
	index: 1, handler: __TI_decompress_lzss
	index: 2, handler: __TI_decompress_none


GLOBAL SYMBOLS: SORTED ALPHABETICALLY BY Name 

address   name                          
-------   ----                          
00003aa1  ADC0SS0_Handler               
00004a0d  C$$EXIT                       
000049d5  CPUcpsie                      
00000bc3  GPIOF_Handler                 
000049a7  IntMasterEnable               
00004799  IntRegister                   
000049e1  ResetISR                      
00002ed9  TIMER3B_Handler               
000032c3  UART1_Handler                 
20001270  __STACK_END                   
00001000  __STACK_SIZE                  
20000470  __STACK_TOP                   
00001000  __SYSMEM_SIZE                 
00004bb8  __TI_CINIT_Base               
00004bd0  __TI_CINIT_Limit              
00004b98  __TI_Handler_Table_Base       
00004ba4  __TI_Handler_Table_Limit      
00004625  __TI_auto_init_nobinit_nopinit
000043c9  __TI_decompress_lzss          
000049c7  __TI_decompress_none          
000044eb  __TI_ltoa                     
ffffffff  __TI_pprof_out_hndl           
00000e8d  __TI_printfi                  
ffffffff  __TI_prof_data_size           
ffffffff  __TI_prof_data_start          
00000000  __TI_static_base__            
00004889  __TI_zero_init_nomemset       
000040f5  __aeabi_cdcmpeq               
000040f5  __aeabi_cdcmple               
0000417b  __aeabi_cdrcmple              
0000435b  __aeabi_d2f                   
000045dd  __aeabi_d2iz                  
0000336b  __aeabi_dadd                  
000037ad  __aeabi_ddiv                  
00003d31  __aeabi_dmul                  
00003361  __aeabi_dsub                  
000049f9  __aeabi_errno_addr            
00004761  __aeabi_f2d                   
00004831  __aeabi_i2d                   
00003517  __aeabi_idiv0                 
00003517  __aeabi_ldiv0                 
00004201  __aeabi_memclr                
00004201  __aeabi_memclr4               
00004201  __aeabi_memclr8               
00003fc3  __aeabi_memcpy                
00003fc3  __aeabi_memcpy4               
00003fc3  __aeabi_memcpy8               
00004203  __aeabi_memset                
00004203  __aeabi_memset4               
00004203  __aeabi_memset8               
0000405f  __aeabi_uldivmod              
ffffffff  __binit__                     
ffffffff  __c_args__                    
UNDEFED   __mpu_init                    
20000270  __stack                       
20000000  __start___llvm_prf_cnts       
20000000  __stop___llvm_prf_cnts        
000047cd  _c_int00_noargs               
00004a10  _ctypes_                      
2000231c  _lock                         
000018db  _nop                          
2000233c  _running                      
20001270  _sys_memory                   
UNDEFED   _system_post_cinit            
00004a09  _system_pre_init              
200022dc  _timeout_ticks                
20002320  _unlock                       
00004a0d  abort                         
00003c31  aligned_alloc                 
00004591  atoi                          
ffffffff  binit                         
00004729  calloc                        
2000232c  command_byte                  
20002330  command_flag                  
000048dd  copysign                      
000048dd  copysignl                     
00002a19  cyBOT_SERVO_cal               
000029a7  cyBOT_Scan                    
0000294f  cyBOT_init_Scan               
20002334  cyBOT_scan_features           
00002941  cyBOT_scan_version            
20002338  errno                         
00002081  exp                           
00002081  expl                          
200022e0  fallingEdge                   
00003e2d  free                          
00004431  frexp                         
00004431  frexpl                        
20000000  g_pfnRAMVectors               
00000000  g_pfnVectors                  
0000097f  go_charge                     
00003ab7  ir_enableInterrupt            
00003a99  ir_getDistance                
00003a71  ir_getValue                   
00003a09  ir_init                       
200022f8  isRisingEdge                  
200022e4  isr_int_value                 
000049b7  lcd_clear                     
0000257d  lcd_gotoLine                  
000023e5  lcd_init                      
000025e3  lcd_printf                    
000024a5  lcd_putc                      
000024dd  lcd_puts                      
000023a9  lcd_reverseNibble             
000024fb  lcd_sendCommand               
00002539  lcd_sendNibble                
000025a5  lcd_setCursorPos              
00003b21  ldexp                         
00003b21  ldexpl                        
200022e8  left_calibration_value        
000018dd  main                          
00004a01  malloc                        
00003c31  memalign                      
000048c1  memccpy                       
00003fc3  memcpy                        
00004209  memset                        
200022fc  motor_cal_factor_L            
20002300  motor_cal_factor_R            
00001ef9  moveBump                      
00001e6f  move_backward                 
00001de1  move_forward                  
0000026d  oi_alloc                      
00000aa9  oi_checkFirmware              
000002c7  oi_close                      
00000279  oi_free                       
00000ded  oi_getMotorCalibrationLeft    
00000e01  oi_getMotorCalibrationRight   
000002b1  oi_init                       
00000289  oi_init_noupdate              
00000915  oi_loadSong                   
00004927  oi_parseInt                   
0000032b  oi_parsePacket                
0000096b  oi_play_song                  
0000084b  oi_setLeds                    
00000db1  oi_setMotorCalibration        
0000088f  oi_setWheels                  
00000b51  oi_shutoff_init               
0000098d  oi_uartInit                   
00000a31  oi_uartReceive                
00000a77  oi_uartSendBuff               
00000a15  oi_uartSendChar               
00000a59  oi_uartSendStr                
000002d9  oi_update                     
00002f2b  ping_getDistance              
00002de9  ping_init                     
00002e6f  ping_trigger                  
200022ec  pulseLength                   
200022f0  right_calibration_value       
200022f4  risingEdge                    
00003b21  scalbn                        
00003b21  scalbnl                       
00003519  servo_init                    
000035a9  servo_move                    
00003609  servo_setPWM                  
0000359d  servo_stop                    
00004669  sprintf                       
00004957  strchr                        
0000493f  strcmp                        
0000496d  strcpy                        
00004981  strlen                        
00002cbf  timer_getMicros               
00002c67  timer_getMillis               
00002ba1  timer_init                    
00002c43  timer_pause                   
00002c55  timer_resume                  
00002c19  timer_stop                    
00002d19  timer_waitMicros              
00002d4b  timer_waitMillis              
00001d69  turn_left                     
00001cf1  turn_right                    
000031a5  uart_interrupt_init           
00003275  uart_receive                  
00003259  uart_sendChar                 
0000329b  uart_sendStr                  
000046a9  vsnprintf                     
00004995  wcslen                        


GLOBAL SYMBOLS: SORTED BY Symbol Address 

address   name                          
-------   ----                          
00000000  __TI_static_base__            
00000000  g_pfnVectors                  
0000026d  oi_alloc                      
00000279  oi_free                       
00000289  oi_init_noupdate              
000002b1  oi_init                       
000002c7  oi_close                      
000002d9  oi_update                     
0000032b  oi_parsePacket                
0000084b  oi_setLeds                    
0000088f  oi_setWheels                  
00000915  oi_loadSong                   
0000096b  oi_play_song                  
0000097f  go_charge                     
0000098d  oi_uartInit                   
00000a15  oi_uartSendChar               
00000a31  oi_uartReceive                
00000a59  oi_uartSendStr                
00000a77  oi_uartSendBuff               
00000aa9  oi_checkFirmware              
00000b51  oi_shutoff_init               
00000bc3  GPIOF_Handler                 
00000db1  oi_setMotorCalibration        
00000ded  oi_getMotorCalibrationLeft    
00000e01  oi_getMotorCalibrationRight   
00000e8d  __TI_printfi                  
00001000  __STACK_SIZE                  
00001000  __SYSMEM_SIZE                 
000018db  _nop                          
000018dd  main                          
00001cf1  turn_right                    
00001d69  turn_left                     
00001de1  move_forward                  
00001e6f  move_backward                 
00001ef9  moveBump                      
00002081  exp                           
00002081  expl                          
000023a9  lcd_reverseNibble             
000023e5  lcd_init                      
000024a5  lcd_putc                      
000024dd  lcd_puts                      
000024fb  lcd_sendCommand               
00002539  lcd_sendNibble                
0000257d  lcd_gotoLine                  
000025a5  lcd_setCursorPos              
000025e3  lcd_printf                    
00002941  cyBOT_scan_version            
0000294f  cyBOT_init_Scan               
000029a7  cyBOT_Scan                    
00002a19  cyBOT_SERVO_cal               
00002ba1  timer_init                    
00002c19  timer_stop                    
00002c43  timer_pause                   
00002c55  timer_resume                  
00002c67  timer_getMillis               
00002cbf  timer_getMicros               
00002d19  timer_waitMicros              
00002d4b  timer_waitMillis              
00002de9  ping_init                     
00002e6f  ping_trigger                  
00002ed9  TIMER3B_Handler               
00002f2b  ping_getDistance              
000031a5  uart_interrupt_init           
00003259  uart_sendChar                 
00003275  uart_receive                  
0000329b  uart_sendStr                  
000032c3  UART1_Handler                 
00003361  __aeabi_dsub                  
0000336b  __aeabi_dadd                  
00003517  __aeabi_idiv0                 
00003517  __aeabi_ldiv0                 
00003519  servo_init                    
0000359d  servo_stop                    
000035a9  servo_move                    
00003609  servo_setPWM                  
000037ad  __aeabi_ddiv                  
00003a09  ir_init                       
00003a71  ir_getValue                   
00003a99  ir_getDistance                
00003aa1  ADC0SS0_Handler               
00003ab7  ir_enableInterrupt            
00003b21  ldexp                         
00003b21  ldexpl                        
00003b21  scalbn                        
00003b21  scalbnl                       
00003c31  aligned_alloc                 
00003c31  memalign                      
00003d31  __aeabi_dmul                  
00003e2d  free                          
00003fc3  __aeabi_memcpy                
00003fc3  __aeabi_memcpy4               
00003fc3  __aeabi_memcpy8               
00003fc3  memcpy                        
0000405f  __aeabi_uldivmod              
000040f5  __aeabi_cdcmpeq               
000040f5  __aeabi_cdcmple               
0000417b  __aeabi_cdrcmple              
00004201  __aeabi_memclr                
00004201  __aeabi_memclr4               
00004201  __aeabi_memclr8               
00004203  __aeabi_memset                
00004203  __aeabi_memset4               
00004203  __aeabi_memset8               
00004209  memset                        
0000435b  __aeabi_d2f                   
000043c9  __TI_decompress_lzss          
00004431  frexp                         
00004431  frexpl                        
000044eb  __TI_ltoa                     
00004591  atoi                          
000045dd  __aeabi_d2iz                  
00004625  __TI_auto_init_nobinit_nopinit
00004669  sprintf                       
000046a9  vsnprintf                     
00004729  calloc                        
00004761  __aeabi_f2d                   
00004799  IntRegister                   
000047cd  _c_int00_noargs               
00004831  __aeabi_i2d                   
00004889  __TI_zero_init_nomemset       
000048c1  memccpy                       
000048dd  copysign                      
000048dd  copysignl                     
00004927  oi_parseInt                   
0000493f  strcmp                        
00004957  strchr                        
0000496d  strcpy                        
00004981  strlen                        
00004995  wcslen                        
000049a7  IntMasterEnable               
000049b7  lcd_clear                     
000049c7  __TI_decompress_none          
000049d5  CPUcpsie                      
000049e1  ResetISR                      
000049f9  __aeabi_errno_addr            
00004a01  malloc                        
00004a09  _system_pre_init              
00004a0d  C$$EXIT                       
00004a0d  abort                         
00004a10  _ctypes_                      
00004b98  __TI_Handler_Table_Base       
00004ba4  __TI_Handler_Table_Limit      
00004bb8  __TI_CINIT_Base               
00004bd0  __TI_CINIT_Limit              
20000000  __start___llvm_prf_cnts       
20000000  __stop___llvm_prf_cnts        
20000000  g_pfnRAMVectors               
20000270  __stack                       
20000470  __STACK_TOP                   
20001270  __STACK_END                   
20001270  _sys_memory                   
200022dc  _timeout_ticks                
200022e0  fallingEdge                   
200022e4  isr_int_value                 
200022e8  left_calibration_value        
200022ec  pulseLength                   
200022f0  right_calibration_value       
200022f4  risingEdge                    
200022f8  isRisingEdge                  
200022fc  motor_cal_factor_L            
20002300  motor_cal_factor_R            
2000231c  _lock                         
20002320  _unlock                       
2000232c  command_byte                  
20002330  command_flag                  
20002334  cyBOT_scan_features           
20002338  errno                         
2000233c  _running                      
ffffffff  __TI_pprof_out_hndl           
ffffffff  __TI_prof_data_size           
ffffffff  __TI_prof_data_start          
ffffffff  __binit__                     
ffffffff  __c_args__                    
ffffffff  binit                         
UNDEFED   __mpu_init                    
UNDEFED   _system_post_cinit            

[176 symbols]
