<?xml version="1.0" encoding="ISO-8859-1" ?>
<link_info>
   <banner>TI ARM Linker PC v20.2.7.LTS</banner>
   <copyright>Copyright (c) 1996-2018 Texas Instruments Incorporated</copyright>
   <link_time>0x65b94d6f</link_time>
   <link_errors>0x0</link_errors>
   <output_file>Lab2.out</output_file>
   <entry_point>
      <name>_c_int00_noargs</name>
      <address>0x3831</address>
   </entry_point>
   <input_file_list>
      <input_file id="fl-2">
         <path>.\</path>
         <kind>object</kind>
         <file>Timer.obj</file>
         <name>Timer.obj</name>
      </input_file>
      <input_file id="fl-3">
         <path>.\</path>
         <kind>object</kind>
         <file>lcd.obj</file>
         <name>lcd.obj</name>
      </input_file>
      <input_file id="fl-4">
         <path>.\</path>
         <kind>object</kind>
         <file>main.obj</file>
         <name>main.obj</name>
      </input_file>
      <input_file id="fl-5">
         <path>.\</path>
         <kind>object</kind>
         <file>movement.obj</file>
         <name>movement.obj</name>
      </input_file>
      <input_file id="fl-6">
         <path>.\</path>
         <kind>object</kind>
         <file>open_interface.obj</file>
         <name>open_interface.obj</name>
      </input_file>
      <input_file id="fl-7">
         <path>.\</path>
         <kind>object</kind>
         <file>tm4c123ge6pm_startup_ccs.obj</file>
         <name>tm4c123ge6pm_startup_ccs.obj</name>
      </input_file>
      <input_file id="fl-c">
         <kind>object</kind>
         <file>&lt;internal&gt;</file>
         <name>&lt;internal&gt;</name>
      </input_file>
      <input_file id="fl-c2">
         <path>C:\ti\ccs1230\ccs\tools\compiler\ti-cgt-arm_20.2.7.LTS\lib\</path>
         <kind>archive</kind>
         <file>rtsv7M4_T_le_v4SPD16_eabi.lib</file>
         <name>vsnprintf.c.obj</name>
      </input_file>
      <input_file id="fl-c3">
         <path>C:\ti\ccs1230\ccs\tools\compiler\ti-cgt-arm_20.2.7.LTS\lib\</path>
         <kind>archive</kind>
         <file>rtsv7M4_T_le_v4SPD16_eabi.lib</file>
         <name>fd_add_t2.asm.obj</name>
      </input_file>
      <input_file id="fl-c4">
         <path>C:\ti\ccs1230\ccs\tools\compiler\ti-cgt-arm_20.2.7.LTS\lib\</path>
         <kind>archive</kind>
         <file>rtsv7M4_T_le_v4SPD16_eabi.lib</file>
         <name>fd_cmp_t2.asm.obj</name>
      </input_file>
      <input_file id="fl-c5">
         <path>C:\ti\ccs1230\ccs\tools\compiler\ti-cgt-arm_20.2.7.LTS\lib\</path>
         <kind>archive</kind>
         <file>rtsv7M4_T_le_v4SPD16_eabi.lib</file>
         <name>fd_div_t2.asm.obj</name>
      </input_file>
      <input_file id="fl-c6">
         <path>C:\ti\ccs1230\ccs\tools\compiler\ti-cgt-arm_20.2.7.LTS\lib\</path>
         <kind>archive</kind>
         <file>rtsv7M4_T_le_v4SPD16_eabi.lib</file>
         <name>fd_mul_t2.asm.obj</name>
      </input_file>
      <input_file id="fl-c7">
         <path>C:\ti\ccs1230\ccs\tools\compiler\ti-cgt-arm_20.2.7.LTS\lib\</path>
         <kind>archive</kind>
         <file>rtsv7M4_T_le_v4SPD16_eabi.lib</file>
         <name>fd_toi_t2.asm.obj</name>
      </input_file>
      <input_file id="fl-c8">
         <path>C:\ti\ccs1230\ccs\tools\compiler\ti-cgt-arm_20.2.7.LTS\lib\</path>
         <kind>archive</kind>
         <file>rtsv7M4_T_le_v4SPD16_eabi.lib</file>
         <name>fd_tos_t2.asm.obj</name>
      </input_file>
      <input_file id="fl-c9">
         <path>C:\ti\ccs1230\ccs\tools\compiler\ti-cgt-arm_20.2.7.LTS\lib\</path>
         <kind>archive</kind>
         <file>rtsv7M4_T_le_v4SPD16_eabi.lib</file>
         <name>fs_tod_t2.asm.obj</name>
      </input_file>
      <input_file id="fl-ca">
         <path>C:\ti\ccs1230\ccs\tools\compiler\ti-cgt-arm_20.2.7.LTS\lib\</path>
         <kind>archive</kind>
         <file>rtsv7M4_T_le_v4SPD16_eabi.lib</file>
         <name>i_tofd_t2.asm.obj</name>
      </input_file>
      <input_file id="fl-cb">
         <path>C:\ti\ccs1230\ccs\tools\compiler\ti-cgt-arm_20.2.7.LTS\lib\</path>
         <kind>archive</kind>
         <file>rtsv7M4_T_le_v4SPD16_eabi.lib</file>
         <name>memcpy_t2.asm.obj</name>
      </input_file>
      <input_file id="fl-cc">
         <path>C:\ti\ccs1230\ccs\tools\compiler\ti-cgt-arm_20.2.7.LTS\lib\</path>
         <kind>archive</kind>
         <file>rtsv7M4_T_le_v4SPD16_eabi.lib</file>
         <name>copy_zero_init.c.obj</name>
      </input_file>
      <input_file id="fl-cd">
         <path>C:\ti\ccs1230\ccs\tools\compiler\ti-cgt-arm_20.2.7.LTS\lib\</path>
         <kind>archive</kind>
         <file>rtsv7M4_T_le_v4SPD16_eabi.lib</file>
         <name>copy_decompress_none.c.obj</name>
      </input_file>
      <input_file id="fl-ce">
         <path>C:\ti\ccs1230\ccs\tools\compiler\ti-cgt-arm_20.2.7.LTS\lib\</path>
         <kind>archive</kind>
         <file>rtsv7M4_T_le_v4SPD16_eabi.lib</file>
         <name>copy_decompress_lzss.c.obj</name>
      </input_file>
      <input_file id="fl-cf">
         <path>C:\ti\ccs1230\ccs\tools\compiler\ti-cgt-arm_20.2.7.LTS\lib\</path>
         <kind>archive</kind>
         <file>rtsv7M4_T_le_v4SPD16_eabi.lib</file>
         <name>memory.c.obj</name>
      </input_file>
      <input_file id="fl-d0">
         <path>C:\ti\ccs1230\ccs\tools\compiler\ti-cgt-arm_20.2.7.LTS\lib\</path>
         <kind>archive</kind>
         <file>rtsv7M4_T_le_v4SPD16_eabi.lib</file>
         <name>strcmp.c.obj</name>
      </input_file>
      <input_file id="fl-d1">
         <path>C:\ti\ccs1230\ccs\tools\compiler\ti-cgt-arm_20.2.7.LTS\lib\</path>
         <kind>archive</kind>
         <file>rtsv7M4_T_le_v4SPD16_eabi.lib</file>
         <name>strcpy.c.obj</name>
      </input_file>
      <input_file id="fl-d2">
         <path>C:\ti\ccs1230\ccs\tools\compiler\ti-cgt-arm_20.2.7.LTS\lib\</path>
         <kind>archive</kind>
         <file>rtsv7M4_T_le_v4SPD16_eabi.lib</file>
         <name>boot_cortex_m.c.obj</name>
      </input_file>
      <input_file id="fl-d3">
         <path>C:\ti\ccs1230\ccs\tools\compiler\ti-cgt-arm_20.2.7.LTS\lib\</path>
         <kind>archive</kind>
         <file>rtsv7M4_T_le_v4SPD16_eabi.lib</file>
         <name>_printfi.c.obj</name>
      </input_file>
      <input_file id="fl-d4">
         <path>C:\ti\ccs1230\ccs\tools\compiler\ti-cgt-arm_20.2.7.LTS\lib\</path>
         <kind>archive</kind>
         <file>rtsv7M4_T_le_v4SPD16_eabi.lib</file>
         <name>memset_t2.asm.obj</name>
      </input_file>
      <input_file id="fl-d5">
         <path>C:\ti\ccs1230\ccs\tools\compiler\ti-cgt-arm_20.2.7.LTS\lib\</path>
         <kind>archive</kind>
         <file>rtsv7M4_T_le_v4SPD16_eabi.lib</file>
         <name>ull_div_t2.asm.obj</name>
      </input_file>
      <input_file id="fl-d6">
         <path>C:\ti\ccs1230\ccs\tools\compiler\ti-cgt-arm_20.2.7.LTS\lib\</path>
         <kind>archive</kind>
         <file>rtsv7M4_T_le_v4SPD16_eabi.lib</file>
         <name>autoinit.c.obj</name>
      </input_file>
      <input_file id="fl-d7">
         <path>C:\ti\ccs1230\ccs\tools\compiler\ti-cgt-arm_20.2.7.LTS\lib\</path>
         <kind>archive</kind>
         <file>rtsv7M4_T_le_v4SPD16_eabi.lib</file>
         <name>pre_init.c.obj</name>
      </input_file>
      <input_file id="fl-d8">
         <path>C:\ti\ccs1230\ccs\tools\compiler\ti-cgt-arm_20.2.7.LTS\lib\</path>
         <kind>archive</kind>
         <file>rtsv7M4_T_le_v4SPD16_eabi.lib</file>
         <name>cpy_tbl.c.obj</name>
      </input_file>
      <input_file id="fl-d9">
         <path>C:\ti\ccs1230\ccs\tools\compiler\ti-cgt-arm_20.2.7.LTS\lib\</path>
         <kind>archive</kind>
         <file>rtsv7M4_T_le_v4SPD16_eabi.lib</file>
         <name>exit.c.obj</name>
      </input_file>
      <input_file id="fl-da">
         <path>C:\ti\ccs1230\ccs\tools\compiler\ti-cgt-arm_20.2.7.LTS\lib\</path>
         <kind>archive</kind>
         <file>rtsv7M4_T_le_v4SPD16_eabi.lib</file>
         <name>_lock.c.obj</name>
      </input_file>
      <input_file id="fl-db">
         <path>C:\ti\ccs1230\ccs\tools\compiler\ti-cgt-arm_20.2.7.LTS\lib\</path>
         <kind>archive</kind>
         <file>rtsv7M4_T_le_v4SPD16_eabi.lib</file>
         <name>_ltoa.c.obj</name>
      </input_file>
      <input_file id="fl-dc">
         <path>C:\ti\ccs1230\ccs\tools\compiler\ti-cgt-arm_20.2.7.LTS\lib\</path>
         <kind>archive</kind>
         <file>rtsv7M4_T_le_v4SPD16_eabi.lib</file>
         <name>args_main.c.obj</name>
      </input_file>
      <input_file id="fl-dd">
         <path>C:\ti\ccs1230\ccs\tools\compiler\ti-cgt-arm_20.2.7.LTS\lib\</path>
         <kind>archive</kind>
         <file>rtsv7M4_T_le_v4SPD16_eabi.lib</file>
         <name>atoi.c.obj</name>
      </input_file>
      <input_file id="fl-de">
         <path>C:\ti\ccs1230\ccs\tools\compiler\ti-cgt-arm_20.2.7.LTS\lib\</path>
         <kind>archive</kind>
         <file>rtsv7M4_T_le_v4SPD16_eabi.lib</file>
         <name>ctype.c.obj</name>
      </input_file>
      <input_file id="fl-df">
         <path>C:\ti\ccs1230\ccs\tools\compiler\ti-cgt-arm_20.2.7.LTS\lib\</path>
         <kind>archive</kind>
         <file>rtsv7M4_T_le_v4SPD16_eabi.lib</file>
         <name>memccpy.c.obj</name>
      </input_file>
      <input_file id="fl-e0">
         <path>C:\ti\ccs1230\ccs\tools\compiler\ti-cgt-arm_20.2.7.LTS\lib\</path>
         <kind>archive</kind>
         <file>rtsv7M4_T_le_v4SPD16_eabi.lib</file>
         <name>strchr.c.obj</name>
      </input_file>
      <input_file id="fl-e1">
         <path>C:\ti\ccs1230\ccs\tools\compiler\ti-cgt-arm_20.2.7.LTS\lib\</path>
         <kind>archive</kind>
         <file>rtsv7M4_T_le_v4SPD16_eabi.lib</file>
         <name>strlen.c.obj</name>
      </input_file>
      <input_file id="fl-e2">
         <path>C:\ti\ccs1230\ccs\tools\compiler\ti-cgt-arm_20.2.7.LTS\lib\</path>
         <kind>archive</kind>
         <file>rtsv7M4_T_le_v4SPD16_eabi.lib</file>
         <name>errno.c.obj</name>
      </input_file>
      <input_file id="fl-e3">
         <path>C:\ti\ccs1230\ccs\tools\compiler\ti-cgt-arm_20.2.7.LTS\lib\</path>
         <kind>archive</kind>
         <file>rtsv7M4_T_le_v4SPD16_eabi.lib</file>
         <name>wcslen.c.obj</name>
      </input_file>
      <input_file id="fl-e4">
         <path>C:\ti\ccs1230\ccs\tools\compiler\ti-cgt-arm_20.2.7.LTS\lib\</path>
         <kind>archive</kind>
         <file>rtsv7M4_T_le_v4SPD16_eabi.lib</file>
         <name>s_frexp.c.obj</name>
      </input_file>
      <input_file id="fl-e5">
         <path>C:\ti\ccs1230\ccs\tools\compiler\ti-cgt-arm_20.2.7.LTS\lib\</path>
         <kind>archive</kind>
         <file>rtsv7M4_T_le_v4SPD16_eabi.lib</file>
         <name>s_scalbn.c.obj</name>
      </input_file>
      <input_file id="fl-e6">
         <path>C:\ti\ccs1230\ccs\tools\compiler\ti-cgt-arm_20.2.7.LTS\lib\</path>
         <kind>archive</kind>
         <file>rtsv7M4_T_le_v4SPD16_eabi.lib</file>
         <name>div0.asm.obj</name>
      </input_file>
      <input_file id="fl-e7">
         <path>C:\ti\ccs1230\ccs\tools\compiler\ti-cgt-arm_20.2.7.LTS\lib\</path>
         <kind>archive</kind>
         <file>rtsv7M4_T_le_v4SPD16_eabi.lib</file>
         <name>s_copysign.c.obj</name>
      </input_file>
      <input_file id="fl-e8">
         <path>C:\ti\TivaWare_C_Series-2.2.0.295\driverlib\ccs\Debug\</path>
         <kind>archive</kind>
         <file>driverlib.lib</file>
         <name>interrupt.obj</name>
      </input_file>
      <input_file id="fl-e9">
         <path>C:\ti\TivaWare_C_Series-2.2.0.295\driverlib\ccs\Debug\</path>
         <kind>archive</kind>
         <file>driverlib.lib</file>
         <name>cpu.obj</name>
      </input_file>
   </input_file_list>
   <object_component_list>
      <object_component id="oc-12">
         <name>.intvecs</name>
         <load_address>0x0</load_address>
         <run_address>0x0</run_address>
         <size>0x26c</size>
         <input_file_ref idref="fl-7"/>
      </object_component>
      <object_component id="oc-d7">
         <name>.text</name>
         <load_address>0x26c</load_address>
         <run_address>0x26c</run_address>
         <size>0xc20</size>
         <input_file_ref idref="fl-6"/>
      </object_component>
      <object_component id="oc-215">
         <name>.text:__TI_printfi</name>
         <load_address>0xe8c</load_address>
         <run_address>0xe8c</run_address>
         <size>0xa4e</size>
         <input_file_ref idref="fl-d3"/>
      </object_component>
      <object_component id="oc-23c">
         <name>.text:_nop</name>
         <load_address>0x18da</load_address>
         <run_address>0x18da</run_address>
         <size>0x2</size>
         <input_file_ref idref="fl-da"/>
      </object_component>
      <object_component id="oc-dd">
         <name>.text</name>
         <load_address>0x18dc</load_address>
         <run_address>0x18dc</run_address>
         <size>0x328</size>
         <input_file_ref idref="fl-3"/>
      </object_component>
      <object_component id="oc-ed">
         <name>.text</name>
         <load_address>0x1c04</load_address>
         <run_address>0x1c04</run_address>
         <size>0x278</size>
         <input_file_ref idref="fl-5"/>
      </object_component>
      <object_component id="oc-29e">
         <name>.text:_pconv_a</name>
         <load_address>0x1e7c</load_address>
         <run_address>0x1e7c</run_address>
         <size>0x270</size>
         <input_file_ref idref="fl-d3"/>
      </object_component>
      <object_component id="oc-141">
         <name>.text</name>
         <load_address>0x20ec</load_address>
         <run_address>0x20ec</run_address>
         <size>0x248</size>
         <input_file_ref idref="fl-2"/>
      </object_component>
      <object_component id="oc-28c">
         <name>.text:_pconv_g</name>
         <load_address>0x2334</load_address>
         <run_address>0x2334</run_address>
         <size>0x1d0</size>
         <input_file_ref idref="fl-d3"/>
      </object_component>
      <object_component id="oc-e8">
         <name>.text</name>
         <load_address>0x2504</load_address>
         <run_address>0x2504</run_address>
         <size>0x1b6</size>
         <input_file_ref idref="fl-c3"/>
      </object_component>
      <object_component id="oc-348">
         <name>.text</name>
         <load_address>0x26ba</load_address>
         <run_address>0x26ba</run_address>
         <size>0x2</size>
         <input_file_ref idref="fl-e6"/>
      </object_component>
      <object_component id="oc-a2">
         <name>.text</name>
         <load_address>0x26bc</load_address>
         <run_address>0x26bc</run_address>
         <size>0x170</size>
         <input_file_ref idref="fl-4"/>
      </object_component>
      <object_component id="oc-298">
         <name>.text:_pconv_e</name>
         <load_address>0x282c</load_address>
         <run_address>0x282c</run_address>
         <size>0x13c</size>
         <input_file_ref idref="fl-d3"/>
      </object_component>
      <object_component id="oc-168">
         <name>.text</name>
         <load_address>0x2968</load_address>
         <run_address>0x2968</run_address>
         <size>0x136</size>
         <input_file_ref idref="fl-c5"/>
      </object_component>
      <object_component id="oc-305">
         <name>.text:fcvt</name>
         <load_address>0x2aa0</load_address>
         <run_address>0x2aa0</run_address>
         <size>0x124</size>
         <input_file_ref idref="fl-d3"/>
      </object_component>
      <object_component id="oc-319">
         <name>.text:scalbn</name>
         <load_address>0x2bc4</load_address>
         <run_address>0x2bc4</run_address>
         <size>0x110</size>
         <input_file_ref idref="fl-e5"/>
      </object_component>
      <object_component id="oc-25b">
         <name>.text:aligned_alloc</name>
         <load_address>0x2cd4</load_address>
         <run_address>0x2cd4</run_address>
         <size>0x100</size>
         <input_file_ref idref="fl-cf"/>
      </object_component>
      <object_component id="oc-163">
         <name>.text</name>
         <load_address>0x2dd4</load_address>
         <run_address>0x2dd4</run_address>
         <size>0xfc</size>
         <input_file_ref idref="fl-c6"/>
      </object_component>
      <object_component id="oc-13b">
         <name>.text:free</name>
         <load_address>0x2ed0</load_address>
         <run_address>0x2ed0</run_address>
         <size>0xe4</size>
         <input_file_ref idref="fl-cf"/>
      </object_component>
      <object_component id="oc-286">
         <name>.text:_ltostr</name>
         <load_address>0x2fb4</load_address>
         <run_address>0x2fb4</run_address>
         <size>0xb1</size>
         <input_file_ref idref="fl-d3"/>
      </object_component>
      <object_component id="oc-3e">
         <name>.text</name>
         <load_address>0x3066</load_address>
         <run_address>0x3066</run_address>
         <size>0x9c</size>
         <input_file_ref idref="fl-cb"/>
      </object_component>
      <object_component id="oc-2e7">
         <name>.text</name>
         <load_address>0x3102</load_address>
         <run_address>0x3102</run_address>
         <size>0x96</size>
         <input_file_ref idref="fl-d5"/>
      </object_component>
      <object_component id="oc-e3">
         <name>.text:__aeabi_cdcmple</name>
         <load_address>0x3198</load_address>
         <run_address>0x3198</run_address>
         <size>0x86</size>
         <input_file_ref idref="fl-c4"/>
      </object_component>
      <object_component id="oc-2ed">
         <name>.text:__aeabi_cdrcmple</name>
         <load_address>0x321e</load_address>
         <run_address>0x321e</run_address>
         <size>0x86</size>
         <input_file_ref idref="fl-c4"/>
      </object_component>
      <object_component id="oc-96">
         <name>.text</name>
         <load_address>0x32a4</load_address>
         <run_address>0x32a4</run_address>
         <size>0x7a</size>
         <input_file_ref idref="fl-d4"/>
      </object_component>
      <object_component id="oc-2d7">
         <name>.text:split</name>
         <load_address>0x3320</load_address>
         <run_address>0x3320</run_address>
         <size>0x70</size>
         <input_file_ref idref="fl-cf"/>
      </object_component>
      <object_component id="oc-2fe">
         <name>.text:_mcpy</name>
         <load_address>0x3390</load_address>
         <run_address>0x3390</run_address>
         <size>0x6e</size>
         <input_file_ref idref="fl-d3"/>
      </object_component>
      <object_component id="oc-175">
         <name>.text</name>
         <load_address>0x33fe</load_address>
         <run_address>0x33fe</run_address>
         <size>0x6e</size>
         <input_file_ref idref="fl-c8"/>
      </object_component>
      <object_component id="oc-15">
         <name>.text:decompress:lzss:__TI_decompress_lzss</name>
         <load_address>0x346c</load_address>
         <run_address>0x346c</run_address>
         <size>0x68</size>
         <input_file_ref idref="fl-ce"/>
      </object_component>
      <object_component id="oc-313">
         <name>.text:frexp</name>
         <load_address>0x34d4</load_address>
         <run_address>0x34d4</run_address>
         <size>0x64</size>
         <input_file_ref idref="fl-e4"/>
      </object_component>
      <object_component id="oc-292">
         <name>.text:_pconv_f</name>
         <load_address>0x3538</load_address>
         <run_address>0x3538</run_address>
         <size>0x56</size>
         <input_file_ref idref="fl-d3"/>
      </object_component>
      <object_component id="oc-2f2">
         <name>.text:__TI_ltoa</name>
         <load_address>0x358e</load_address>
         <run_address>0x358e</run_address>
         <size>0x54</size>
         <input_file_ref idref="fl-db"/>
      </object_component>
      <object_component id="oc-2f8">
         <name>.text:_ecpy</name>
         <load_address>0x35e2</load_address>
         <run_address>0x35e2</run_address>
         <size>0x52</size>
         <input_file_ref idref="fl-d3"/>
      </object_component>
      <object_component id="oc-280">
         <name>.text:atoi</name>
         <load_address>0x3634</load_address>
         <run_address>0x3634</run_address>
         <size>0x4c</size>
         <input_file_ref idref="fl-dd"/>
      </object_component>
      <object_component id="oc-1a6">
         <name>.text</name>
         <load_address>0x3680</load_address>
         <run_address>0x3680</run_address>
         <size>0x48</size>
         <input_file_ref idref="fl-c7"/>
      </object_component>
      <object_component id="oc-101">
         <name>.text:__TI_auto_init_nobinit_nopinit:__TI_auto_init_nobinit_nopinit</name>
         <load_address>0x36c8</load_address>
         <run_address>0x36c8</run_address>
         <size>0x44</size>
         <input_file_ref idref="fl-d6"/>
      </object_component>
      <object_component id="oc-18e">
         <name>.text:vsnprintf</name>
         <load_address>0x370c</load_address>
         <run_address>0x370c</run_address>
         <size>0x40</size>
         <input_file_ref idref="fl-c2"/>
      </object_component>
      <object_component id="oc-30b">
         <name>.text:_fcpy</name>
         <load_address>0x374c</load_address>
         <run_address>0x374c</run_address>
         <size>0x3e</size>
         <input_file_ref idref="fl-d3"/>
      </object_component>
      <object_component id="oc-135">
         <name>.text:calloc</name>
         <load_address>0x378c</load_address>
         <run_address>0x378c</run_address>
         <size>0x38</size>
         <input_file_ref idref="fl-cf"/>
      </object_component>
      <object_component id="oc-17a">
         <name>.text</name>
         <load_address>0x37c4</load_address>
         <run_address>0x37c4</run_address>
         <size>0x38</size>
         <input_file_ref idref="fl-c9"/>
      </object_component>
      <object_component id="oc-154">
         <name>.text:IntRegister</name>
         <load_address>0x37fc</load_address>
         <run_address>0x37fc</run_address>
         <size>0x34</size>
         <input_file_ref idref="fl-e8"/>
      </object_component>
      <object_component id="oc-5c">
         <name>.text:_c_int00_noargs:_c_int00_noargs</name>
         <load_address>0x3830</load_address>
         <run_address>0x3830</run_address>
         <size>0x34</size>
         <input_file_ref idref="fl-d2"/>
      </object_component>
      <object_component id="oc-21b">
         <name>.text:_outs</name>
         <load_address>0x3864</load_address>
         <run_address>0x3864</run_address>
         <size>0x30</size>
         <input_file_ref idref="fl-c2"/>
      </object_component>
      <object_component id="oc-16d">
         <name>.text</name>
         <load_address>0x3894</load_address>
         <run_address>0x3894</run_address>
         <size>0x2e</size>
         <input_file_ref idref="fl-ca"/>
      </object_component>
      <object_component id="oc-1e6">
         <name>.text:free_list_insert</name>
         <load_address>0x38c4</load_address>
         <run_address>0x38c4</run_address>
         <size>0x28</size>
         <input_file_ref idref="fl-cf"/>
      </object_component>
      <object_component id="oc-4a">
         <name>.text:decompress:ZI:__TI_zero_init_nomemset:__TI_zero_init_nomemset</name>
         <load_address>0x38ec</load_address>
         <run_address>0x38ec</run_address>
         <size>0x1c</size>
         <input_file_ref idref="fl-cc"/>
      </object_component>
      <object_component id="oc-1e0">
         <name>.text:free_list_remove</name>
         <load_address>0x3908</load_address>
         <run_address>0x3908</run_address>
         <size>0x1c</size>
         <input_file_ref idref="fl-cf"/>
      </object_component>
      <object_component id="oc-2a4">
         <name>.text:memccpy</name>
         <load_address>0x3924</load_address>
         <run_address>0x3924</run_address>
         <size>0x1c</size>
         <input_file_ref idref="fl-df"/>
      </object_component>
      <object_component id="oc-35c">
         <name>.text:copysign</name>
         <load_address>0x3940</load_address>
         <run_address>0x3940</run_address>
         <size>0x1a</size>
         <input_file_ref idref="fl-e7"/>
      </object_component>
      <object_component id="oc-221">
         <name>.text:_outc</name>
         <load_address>0x395a</load_address>
         <run_address>0x395a</run_address>
         <size>0x18</size>
         <input_file_ref idref="fl-c2"/>
      </object_component>
      <object_component id="oc-147">
         <name>.text:oi_parseInt</name>
         <load_address>0x3972</load_address>
         <run_address>0x3972</run_address>
         <size>0x18</size>
         <input_file_ref idref="fl-6"/>
      </object_component>
      <object_component id="oc-14e">
         <name>.text:strcmp</name>
         <load_address>0x398a</load_address>
         <run_address>0x398a</run_address>
         <size>0x18</size>
         <input_file_ref idref="fl-d0"/>
      </object_component>
      <object_component id="oc-31f">
         <name>.text:strchr</name>
         <load_address>0x39a2</load_address>
         <run_address>0x39a2</run_address>
         <size>0x16</size>
         <input_file_ref idref="fl-e0"/>
      </object_component>
      <object_component id="oc-194">
         <name>.text:strcpy</name>
         <load_address>0x39b8</load_address>
         <run_address>0x39b8</run_address>
         <size>0x14</size>
         <input_file_ref idref="fl-d1"/>
      </object_component>
      <object_component id="oc-27a">
         <name>.text:strlen</name>
         <load_address>0x39cc</load_address>
         <run_address>0x39cc</run_address>
         <size>0x14</size>
         <input_file_ref idref="fl-e1"/>
      </object_component>
      <object_component id="oc-2aa">
         <name>.text:wcslen</name>
         <load_address>0x39e0</load_address>
         <run_address>0x39e0</run_address>
         <size>0x12</size>
         <input_file_ref idref="fl-e3"/>
      </object_component>
      <object_component id="oc-15a">
         <name>.text:IntMasterEnable</name>
         <load_address>0x39f2</load_address>
         <run_address>0x39f2</run_address>
         <size>0x10</size>
         <input_file_ref idref="fl-e8"/>
      </object_component>
      <object_component id="oc-187">
         <name>.text:lcd_clear</name>
         <load_address>0x3a02</load_address>
         <run_address>0x3a02</run_address>
         <size>0x10</size>
         <input_file_ref idref="fl-3"/>
      </object_component>
      <object_component id="oc-1b">
         <name>.text:decompress:none:__TI_decompress_none</name>
         <load_address>0x3a12</load_address>
         <run_address>0x3a12</run_address>
         <size>0xe</size>
         <input_file_ref idref="fl-cd"/>
      </object_component>
      <object_component id="oc-1fe">
         <name>.text:CPUcpsie</name>
         <load_address>0x3a20</load_address>
         <run_address>0x3a20</run_address>
         <size>0xc</size>
         <input_file_ref idref="fl-e9"/>
      </object_component>
      <object_component id="oc-2a">
         <name>.text</name>
         <load_address>0x3a2c</load_address>
         <run_address>0x3a2c</run_address>
         <size>0xc</size>
         <input_file_ref idref="fl-7"/>
      </object_component>
      <object_component id="oc-2b0">
         <name>.text:__aeabi_errno_addr</name>
         <load_address>0x3a38</load_address>
         <run_address>0x3a38</run_address>
         <size>0x8</size>
         <input_file_ref idref="fl-e2"/>
      </object_component>
      <object_component id="oc-1d9">
         <name>.text:malloc</name>
         <load_address>0x3a40</load_address>
         <run_address>0x3a40</run_address>
         <size>0x8</size>
         <input_file_ref idref="fl-cf"/>
      </object_component>
      <object_component id="oc-9c">
         <name>.text:_system_pre_init</name>
         <load_address>0x3a48</load_address>
         <run_address>0x3a48</run_address>
         <size>0x4</size>
         <input_file_ref idref="fl-d7"/>
      </object_component>
      <object_component id="oc-f5">
         <name>.text:abort:abort</name>
         <load_address>0x3a4c</load_address>
         <run_address>0x3a4c</run_address>
         <size>0x4</size>
         <input_file_ref idref="fl-d9"/>
      </object_component>
      <object_component id="oc-2e2">
         <name>.const:.string:_ctypes_</name>
         <load_address>0x3a50</load_address>
         <run_address>0x3a50</run_address>
         <size>0x101</size>
         <input_file_ref idref="fl-de"/>
      </object_component>
      <object_component id="oc-172">
         <name>.const:.string:$P$T0$3</name>
         <load_address>0x3b51</load_address>
         <run_address>0x3b51</run_address>
         <size>0xf</size>
         <input_file_ref idref="fl-6"/>
      </object_component>
      <object_component id="oc-19a">
         <name>.const:.string:lineAddress$1</name>
         <load_address>0x3b60</load_address>
         <run_address>0x3b60</run_address>
         <size>0x4</size>
         <input_file_ref idref="fl-3"/>
      </object_component>
      <object_component id="oc-19b">
         <name>.const:.string:lineAddresses$2</name>
         <load_address>0x3b64</load_address>
         <run_address>0x3b64</run_address>
         <size>0x4</size>
         <input_file_ref idref="fl-3"/>
      </object_component>
      <object_component id="oc-3b5">
         <name>.cinit..data.load</name>
         <load_address>0x3b68</load_address>
         <run_address>0x3b68</run_address>
         <size>0x18</size>
      </object_component>
      <object_component id="oc-3b2">
         <name>__TI_handler_table</name>
         <load_address>0x3b80</load_address>
         <run_address>0x3b80</run_address>
         <size>0xc</size>
      </object_component>
      <object_component id="oc-3b6">
         <name>.cinit..bss.load</name>
         <load_address>0x3b90</load_address>
         <run_address>0x3b90</run_address>
         <size>0x8</size>
      </object_component>
      <object_component id="oc-3b4">
         <name>.cinit..vtable.load</name>
         <load_address>0x3b98</load_address>
         <run_address>0x3b98</run_address>
         <size>0x8</size>
      </object_component>
      <object_component id="oc-3b3">
         <name>__TI_cinit_table</name>
         <load_address>0x3ba0</load_address>
         <run_address>0x3ba0</run_address>
         <size>0x18</size>
      </object_component>
      <object_component id="oc-1f4">
         <name>.vtable</name>
         <uninitialized>true</uninitialized>
         <run_address>0x20000000</run_address>
         <size>0x26c</size>
         <input_file_ref idref="fl-e8"/>
      </object_component>
      <object_component id="oc-1ed">
         <name>.data</name>
         <load_address>0x20002314</load_address>
         <run_address>0x20002314</run_address>
         <size>0x1</size>
         <input_file_ref idref="fl-2"/>
      </object_component>
      <object_component id="oc-160">
         <name>.data</name>
         <load_address>0x200022e0</load_address>
         <run_address>0x200022e0</run_address>
         <size>0x20</size>
         <input_file_ref idref="fl-6"/>
      </object_component>
      <object_component id="oc-262">
         <name>.data:$O1$$</name>
         <load_address>0x20002308</load_address>
         <run_address>0x20002308</run_address>
         <size>0x8</size>
         <input_file_ref idref="fl-cf"/>
      </object_component>
      <object_component id="oc-1bd">
         <name>.data:$O1$$</name>
         <load_address>0x20002300</load_address>
         <run_address>0x20002300</run_address>
         <size>0x8</size>
         <input_file_ref idref="fl-da"/>
      </object_component>
      <object_component id="oc-32f">
         <name>.data</name>
         <load_address>0x20002310</load_address>
         <run_address>0x20002310</run_address>
         <size>0x4</size>
         <input_file_ref idref="fl-e2"/>
      </object_component>
      <object_component id="oc-19c">
         <name>.bss:lastbuffer$3</name>
         <uninitialized>true</uninitialized>
         <run_address>0x20002270</run_address>
         <size>0x54</size>
         <input_file_ref idref="fl-3"/>
      </object_component>
      <object_component id="oc-17f">
         <name>.bss:firmware$2</name>
         <uninitialized>true</uninitialized>
         <run_address>0x200022c4</run_address>
         <size>0x18</size>
         <input_file_ref idref="fl-6"/>
      </object_component>
      <object_component id="oc-1f0">
         <name>.common:_timeout_ticks</name>
         <uninitialized>true</uninitialized>
         <run_address>0x200022dc</run_address>
         <size>0x4</size>
      </object_component>
      <object_component id="oc-24">
         <name>.sysmem</name>
         <uninitialized>true</uninitialized>
         <run_address>0x20001270</run_address>
         <size>0x10</size>
         <input_file_ref idref="fl-cf"/>
      </object_component>
      <object_component id="oc-3b9">
         <name>.sysmem</name>
         <uninitialized>true</uninitialized>
         <run_address>0x20001270</run_address>
         <size>0x0</size>
      </object_component>
      <object_component id="oc-27">
         <name>.stack</name>
         <uninitialized>true</uninitialized>
         <run_address>0x20000270</run_address>
         <size>0x4</size>
         <input_file_ref idref="fl-d2"/>
      </object_component>
      <object_component id="oc-3b8">
         <name>.stack</name>
         <uninitialized>true</uninitialized>
         <run_address>0x20000270</run_address>
         <size>0x0</size>
      </object_component>
      <object_component id="oc-c5">
         <name>.debug_info</name>
         <load_address>0x0</load_address>
         <run_address>0x0</run_address>
         <size>0x2b1</size>
         <input_file_ref idref="fl-2"/>
      </object_component>
      <object_component id="oc-1ee">
         <name>.debug_info</name>
         <load_address>0x2b1</load_address>
         <run_address>0x2b1</run_address>
         <size>0xbf</size>
         <input_file_ref idref="fl-2"/>
      </object_component>
      <object_component id="oc-143">
         <name>.debug_info</name>
         <load_address>0x370</load_address>
         <run_address>0x370</run_address>
         <size>0x507</size>
         <input_file_ref idref="fl-2"/>
      </object_component>
      <object_component id="oc-77">
         <name>.debug_info</name>
         <load_address>0x877</load_address>
         <run_address>0x877</run_address>
         <size>0x26b</size>
         <input_file_ref idref="fl-2"/>
      </object_component>
      <object_component id="oc-39">
         <name>.debug_info</name>
         <load_address>0xae2</load_address>
         <run_address>0xae2</run_address>
         <size>0x84</size>
         <input_file_ref idref="fl-2"/>
      </object_component>
      <object_component id="oc-c0">
         <name>.debug_info</name>
         <load_address>0xb66</load_address>
         <run_address>0xb66</run_address>
         <size>0x2a4</size>
         <input_file_ref idref="fl-2"/>
      </object_component>
      <object_component id="oc-7c">
         <name>.debug_info</name>
         <load_address>0xe0a</load_address>
         <run_address>0xe0a</run_address>
         <size>0xbb</size>
         <input_file_ref idref="fl-2"/>
      </object_component>
      <object_component id="oc-19e">
         <name>.debug_info</name>
         <load_address>0xec5</load_address>
         <run_address>0xec5</run_address>
         <size>0x37f</size>
         <input_file_ref idref="fl-3"/>
      </object_component>
      <object_component id="oc-189">
         <name>.debug_info</name>
         <load_address>0x1244</load_address>
         <run_address>0x1244</run_address>
         <size>0x114</size>
         <input_file_ref idref="fl-3"/>
      </object_component>
      <object_component id="oc-de">
         <name>.debug_info</name>
         <load_address>0x1358</load_address>
         <run_address>0x1358</run_address>
         <size>0x8a0</size>
         <input_file_ref idref="fl-3"/>
      </object_component>
      <object_component id="oc-210">
         <name>.debug_info</name>
         <load_address>0x1bf8</load_address>
         <run_address>0x1bf8</run_address>
         <size>0xcc</size>
         <input_file_ref idref="fl-3"/>
      </object_component>
      <object_component id="oc-19f">
         <name>.debug_info</name>
         <load_address>0x1cc4</load_address>
         <run_address>0x1cc4</run_address>
         <size>0x2c</size>
         <input_file_ref idref="fl-3"/>
      </object_component>
      <object_component id="oc-1b4">
         <name>.debug_info</name>
         <load_address>0x1cf0</load_address>
         <run_address>0x1cf0</run_address>
         <size>0x35</size>
         <input_file_ref idref="fl-3"/>
      </object_component>
      <object_component id="oc-f4">
         <name>.debug_info</name>
         <load_address>0x1d25</load_address>
         <run_address>0x1d25</run_address>
         <size>0x3eb</size>
         <input_file_ref idref="fl-4"/>
      </object_component>
      <object_component id="oc-a4">
         <name>.debug_info</name>
         <load_address>0x2110</load_address>
         <run_address>0x2110</run_address>
         <size>0x2b5</size>
         <input_file_ref idref="fl-4"/>
      </object_component>
      <object_component id="oc-1af">
         <name>.debug_info</name>
         <load_address>0x23c5</load_address>
         <run_address>0x23c5</run_address>
         <size>0x5aa</size>
         <input_file_ref idref="fl-4"/>
      </object_component>
      <object_component id="oc-1ac">
         <name>.debug_info</name>
         <load_address>0x296f</load_address>
         <run_address>0x296f</run_address>
         <size>0x312</size>
         <input_file_ref idref="fl-5"/>
      </object_component>
      <object_component id="oc-f0">
         <name>.debug_info</name>
         <load_address>0x2c81</load_address>
         <run_address>0x2c81</run_address>
         <size>0x67d</size>
         <input_file_ref idref="fl-5"/>
      </object_component>
      <object_component id="oc-181">
         <name>.debug_info</name>
         <load_address>0x32fe</load_address>
         <run_address>0x32fe</run_address>
         <size>0x3fc</size>
         <input_file_ref idref="fl-6"/>
      </object_component>
      <object_component id="oc-161">
         <name>.debug_info</name>
         <load_address>0x36fa</load_address>
         <run_address>0x36fa</run_address>
         <size>0x111</size>
         <input_file_ref idref="fl-6"/>
      </object_component>
      <object_component id="oc-173">
         <name>.debug_info</name>
         <load_address>0x380b</load_address>
         <run_address>0x380b</run_address>
         <size>0xc6</size>
         <input_file_ref idref="fl-6"/>
      </object_component>
      <object_component id="oc-149">
         <name>.debug_info</name>
         <load_address>0x38d1</load_address>
         <run_address>0x38d1</run_address>
         <size>0x13e</size>
         <input_file_ref idref="fl-6"/>
      </object_component>
      <object_component id="oc-da">
         <name>.debug_info</name>
         <load_address>0x3a0f</load_address>
         <run_address>0x3a0f</run_address>
         <size>0x1988</size>
         <input_file_ref idref="fl-6"/>
      </object_component>
      <object_component id="oc-182">
         <name>.debug_info</name>
         <load_address>0x5397</load_address>
         <run_address>0x5397</run_address>
         <size>0x8b</size>
         <input_file_ref idref="fl-6"/>
      </object_component>
      <object_component id="oc-32">
         <name>.debug_info</name>
         <load_address>0x5422</load_address>
         <run_address>0x5422</run_address>
         <size>0x29b</size>
         <input_file_ref idref="fl-7"/>
      </object_component>
      <object_component id="oc-13">
         <name>.debug_info</name>
         <load_address>0x56bd</load_address>
         <run_address>0x56bd</run_address>
         <size>0xda</size>
         <input_file_ref idref="fl-7"/>
      </object_component>
      <object_component id="oc-2d">
         <name>.debug_info</name>
         <load_address>0x5797</load_address>
         <run_address>0x5797</run_address>
         <size>0x256</size>
         <input_file_ref idref="fl-7"/>
      </object_component>
      <object_component id="oc-228">
         <name>.debug_info</name>
         <load_address>0x59ed</load_address>
         <run_address>0x59ed</run_address>
         <size>0x340</size>
         <input_file_ref idref="fl-c2"/>
      </object_component>
      <object_component id="oc-191">
         <name>.debug_info</name>
         <load_address>0x5d2d</load_address>
         <run_address>0x5d2d</run_address>
         <size>0x208</size>
         <input_file_ref idref="fl-c2"/>
      </object_component>
      <object_component id="oc-21e">
         <name>.debug_info</name>
         <load_address>0x5f35</load_address>
         <run_address>0x5f35</run_address>
         <size>0x1c6</size>
         <input_file_ref idref="fl-c2"/>
      </object_component>
      <object_component id="oc-225">
         <name>.debug_info</name>
         <load_address>0x60fb</load_address>
         <run_address>0x60fb</run_address>
         <size>0x179</size>
         <input_file_ref idref="fl-c2"/>
      </object_component>
      <object_component id="oc-229">
         <name>.debug_info</name>
         <load_address>0x6274</load_address>
         <run_address>0x6274</run_address>
         <size>0x2c</size>
         <input_file_ref idref="fl-c2"/>
      </object_component>
      <object_component id="oc-22e">
         <name>.debug_info</name>
         <load_address>0x62a0</load_address>
         <run_address>0x62a0</run_address>
         <size>0x69</size>
         <input_file_ref idref="fl-c2"/>
      </object_component>
      <object_component id="oc-e9">
         <name>.debug_info</name>
         <load_address>0x6309</load_address>
         <run_address>0x6309</run_address>
         <size>0x14c</size>
         <input_file_ref idref="fl-c3"/>
      </object_component>
      <object_component id="oc-e4">
         <name>.debug_info</name>
         <load_address>0x6455</load_address>
         <run_address>0x6455</run_address>
         <size>0x128</size>
         <input_file_ref idref="fl-c4"/>
      </object_component>
      <object_component id="oc-2ee">
         <name>.debug_info</name>
         <load_address>0x657d</load_address>
         <run_address>0x657d</run_address>
         <size>0x12a</size>
         <input_file_ref idref="fl-c4"/>
      </object_component>
      <object_component id="oc-16b">
         <name>.debug_info</name>
         <load_address>0x66a7</load_address>
         <run_address>0x66a7</run_address>
         <size>0x13a</size>
         <input_file_ref idref="fl-c5"/>
      </object_component>
      <object_component id="oc-166">
         <name>.debug_info</name>
         <load_address>0x67e1</load_address>
         <run_address>0x67e1</run_address>
         <size>0x13a</size>
         <input_file_ref idref="fl-c6"/>
      </object_component>
      <object_component id="oc-1a7">
         <name>.debug_info</name>
         <load_address>0x691b</load_address>
         <run_address>0x691b</run_address>
         <size>0x12e</size>
         <input_file_ref idref="fl-c7"/>
      </object_component>
      <object_component id="oc-178">
         <name>.debug_info</name>
         <load_address>0x6a49</load_address>
         <run_address>0x6a49</run_address>
         <size>0x13e</size>
         <input_file_ref idref="fl-c8"/>
      </object_component>
      <object_component id="oc-17b">
         <name>.debug_info</name>
         <load_address>0x6b87</load_address>
         <run_address>0x6b87</run_address>
         <size>0x12c</size>
         <input_file_ref idref="fl-c9"/>
      </object_component>
      <object_component id="oc-170">
         <name>.debug_info</name>
         <load_address>0x6cb3</load_address>
         <run_address>0x6cb3</run_address>
         <size>0x12c</size>
         <input_file_ref idref="fl-ca"/>
      </object_component>
      <object_component id="oc-41">
         <name>.debug_info</name>
         <load_address>0x6ddf</load_address>
         <run_address>0x6ddf</run_address>
         <size>0x119</size>
         <input_file_ref idref="fl-cb"/>
      </object_component>
      <object_component id="oc-95">
         <name>.debug_info</name>
         <load_address>0x6ef8</load_address>
         <run_address>0x6ef8</run_address>
         <size>0x2d4</size>
         <input_file_ref idref="fl-cc"/>
      </object_component>
      <object_component id="oc-4b">
         <name>.debug_info</name>
         <load_address>0x71cc</load_address>
         <run_address>0x71cc</run_address>
         <size>0x1d2</size>
         <input_file_ref idref="fl-cc"/>
      </object_component>
      <object_component id="oc-90">
         <name>.debug_info</name>
         <load_address>0x739e</load_address>
         <run_address>0x739e</run_address>
         <size>0x46</size>
         <input_file_ref idref="fl-cc"/>
      </object_component>
      <object_component id="oc-ce">
         <name>.debug_info</name>
         <load_address>0x73e4</load_address>
         <run_address>0x73e4</run_address>
         <size>0x2c</size>
         <input_file_ref idref="fl-cc"/>
      </object_component>
      <object_component id="oc-49">
         <name>.debug_info</name>
         <load_address>0x7410</load_address>
         <run_address>0x7410</run_address>
         <size>0x2a8</size>
         <input_file_ref idref="fl-cd"/>
      </object_component>
      <object_component id="oc-1d">
         <name>.debug_info</name>
         <load_address>0x76b8</load_address>
         <run_address>0x76b8</run_address>
         <size>0x1ea</size>
         <input_file_ref idref="fl-cd"/>
      </object_component>
      <object_component id="oc-44">
         <name>.debug_info</name>
         <load_address>0x78a2</load_address>
         <run_address>0x78a2</run_address>
         <size>0x46</size>
         <input_file_ref idref="fl-cd"/>
      </object_component>
      <object_component id="oc-88">
         <name>.debug_info</name>
         <load_address>0x78e8</load_address>
         <run_address>0x78e8</run_address>
         <size>0x2c</size>
         <input_file_ref idref="fl-cd"/>
      </object_component>
      <object_component id="oc-86">
         <name>.debug_info</name>
         <load_address>0x7914</load_address>
         <run_address>0x7914</run_address>
         <size>0x29e</size>
         <input_file_ref idref="fl-ce"/>
      </object_component>
      <object_component id="oc-16">
         <name>.debug_info</name>
         <load_address>0x7bb2</load_address>
         <run_address>0x7bb2</run_address>
         <size>0x250</size>
         <input_file_ref idref="fl-ce"/>
      </object_component>
      <object_component id="oc-34">
         <name>.debug_info</name>
         <load_address>0x7e02</load_address>
         <run_address>0x7e02</run_address>
         <size>0x60</size>
         <input_file_ref idref="fl-ce"/>
      </object_component>
      <object_component id="oc-c7">
         <name>.debug_info</name>
         <load_address>0x7e62</load_address>
         <run_address>0x7e62</run_address>
         <size>0x46</size>
         <input_file_ref idref="fl-ce"/>
      </object_component>
      <object_component id="oc-81">
         <name>.debug_info</name>
         <load_address>0x7ea8</load_address>
         <run_address>0x7ea8</run_address>
         <size>0x39</size>
         <input_file_ref idref="fl-ce"/>
      </object_component>
      <object_component id="oc-70">
         <name>.debug_info</name>
         <load_address>0x7ee1</load_address>
         <run_address>0x7ee1</run_address>
         <size>0x3b2</size>
         <input_file_ref idref="fl-cf"/>
      </object_component>
      <object_component id="oc-25">
         <name>.debug_info</name>
         <load_address>0x8293</load_address>
         <run_address>0x8293</run_address>
         <size>0x10c</size>
         <input_file_ref idref="fl-cf"/>
      </object_component>
      <object_component id="oc-263">
         <name>.debug_info</name>
         <load_address>0x839f</load_address>
         <run_address>0x839f</run_address>
         <size>0x13f</size>
         <input_file_ref idref="fl-cf"/>
      </object_component>
      <object_component id="oc-1dd">
         <name>.debug_info</name>
         <load_address>0x84de</load_address>
         <run_address>0x84de</run_address>
         <size>0x168</size>
         <input_file_ref idref="fl-cf"/>
      </object_component>
      <object_component id="oc-1e4">
         <name>.debug_info</name>
         <load_address>0x8646</load_address>
         <run_address>0x8646</run_address>
         <size>0x18e</size>
         <input_file_ref idref="fl-cf"/>
      </object_component>
      <object_component id="oc-1ea">
         <name>.debug_info</name>
         <load_address>0x87d4</load_address>
         <run_address>0x87d4</run_address>
         <size>0x19f</size>
         <input_file_ref idref="fl-cf"/>
      </object_component>
      <object_component id="oc-13f">
         <name>.debug_info</name>
         <load_address>0x8973</load_address>
         <run_address>0x8973</run_address>
         <size>0x203</size>
         <input_file_ref idref="fl-cf"/>
      </object_component>
      <object_component id="oc-2db">
         <name>.debug_info</name>
         <load_address>0x8b76</load_address>
         <run_address>0x8b76</run_address>
         <size>0x1db</size>
         <input_file_ref idref="fl-cf"/>
      </object_component>
      <object_component id="oc-139">
         <name>.debug_info</name>
         <load_address>0x8d51</load_address>
         <run_address>0x8d51</run_address>
         <size>0x1a5</size>
         <input_file_ref idref="fl-cf"/>
      </object_component>
      <object_component id="oc-25f">
         <name>.debug_info</name>
         <load_address>0x8ef6</load_address>
         <run_address>0x8ef6</run_address>
         <size>0x299</size>
         <input_file_ref idref="fl-cf"/>
      </object_component>
      <object_component id="oc-bb">
         <name>.debug_info</name>
         <load_address>0x918f</load_address>
         <run_address>0x918f</run_address>
         <size>0xb2</size>
         <input_file_ref idref="fl-cf"/>
      </object_component>
      <object_component id="oc-b6">
         <name>.debug_info</name>
         <load_address>0x9241</load_address>
         <run_address>0x9241</run_address>
         <size>0x2c</size>
         <input_file_ref idref="fl-cf"/>
      </object_component>
      <object_component id="oc-1f3">
         <name>.debug_info</name>
         <load_address>0x926d</load_address>
         <run_address>0x926d</run_address>
         <size>0x28a</size>
         <input_file_ref idref="fl-d0"/>
      </object_component>
      <object_component id="oc-150">
         <name>.debug_info</name>
         <load_address>0x94f7</load_address>
         <run_address>0x94f7</run_address>
         <size>0x273</size>
         <input_file_ref idref="fl-d0"/>
      </object_component>
      <object_component id="oc-234">
         <name>.debug_info</name>
         <load_address>0x976a</load_address>
         <run_address>0x976a</run_address>
         <size>0x2a4</size>
         <input_file_ref idref="fl-d1"/>
      </object_component>
      <object_component id="oc-196">
         <name>.debug_info</name>
         <load_address>0x9a0e</load_address>
         <run_address>0x9a0e</run_address>
         <size>0x24d</size>
         <input_file_ref idref="fl-d1"/>
      </object_component>
      <object_component id="oc-28">
         <name>.debug_info</name>
         <load_address>0x9c5b</load_address>
         <run_address>0x9c5b</run_address>
         <size>0x10b</size>
         <input_file_ref idref="fl-d2"/>
      </object_component>
      <object_component id="oc-60">
         <name>.debug_info</name>
         <load_address>0x9d66</load_address>
         <run_address>0x9d66</run_address>
         <size>0x1a9</size>
         <input_file_ref idref="fl-d2"/>
      </object_component>
      <object_component id="oc-2b7">
         <name>.debug_info</name>
         <load_address>0x9f0f</load_address>
         <run_address>0x9f0f</run_address>
         <size>0x590</size>
         <input_file_ref idref="fl-d3"/>
      </object_component>
      <object_component id="oc-28a">
         <name>.debug_info</name>
         <load_address>0xa49f</load_address>
         <run_address>0xa49f</run_address>
         <size>0x21e</size>
         <input_file_ref idref="fl-d3"/>
      </object_component>
      <object_component id="oc-2fc">
         <name>.debug_info</name>
         <load_address>0xa6bd</load_address>
         <run_address>0xa6bd</run_address>
         <size>0x1b3</size>
         <input_file_ref idref="fl-d3"/>
      </object_component>
      <object_component id="oc-302">
         <name>.debug_info</name>
         <load_address>0xa870</load_address>
         <run_address>0xa870</run_address>
         <size>0x21b</size>
         <input_file_ref idref="fl-d3"/>
      </object_component>
      <object_component id="oc-290">
         <name>.debug_info</name>
         <load_address>0xaa8b</load_address>
         <run_address>0xaa8b</run_address>
         <size>0x3c0</size>
         <input_file_ref idref="fl-d3"/>
      </object_component>
      <object_component id="oc-309">
         <name>.debug_info</name>
         <load_address>0xae4b</load_address>
         <run_address>0xae4b</run_address>
         <size>0x30a</size>
         <input_file_ref idref="fl-d3"/>
      </object_component>
      <object_component id="oc-30f">
         <name>.debug_info</name>
         <load_address>0xb155</load_address>
         <run_address>0xb155</run_address>
         <size>0x215</size>
         <input_file_ref idref="fl-d3"/>
      </object_component>
      <object_component id="oc-296">
         <name>.debug_info</name>
         <load_address>0xb36a</load_address>
         <run_address>0xb36a</run_address>
         <size>0x215</size>
         <input_file_ref idref="fl-d3"/>
      </object_component>
      <object_component id="oc-29b">
         <name>.debug_info</name>
         <load_address>0xb57f</load_address>
         <run_address>0xb57f</run_address>
         <size>0x304</size>
         <input_file_ref idref="fl-d3"/>
      </object_component>
      <object_component id="oc-2a1">
         <name>.debug_info</name>
         <load_address>0xb883</load_address>
         <run_address>0xb883</run_address>
         <size>0x4b5</size>
         <input_file_ref idref="fl-d3"/>
      </object_component>
      <object_component id="oc-216">
         <name>.debug_info</name>
         <load_address>0xbd38</load_address>
         <run_address>0xbd38</run_address>
         <size>0x5f4</size>
         <input_file_ref idref="fl-d3"/>
      </object_component>
      <object_component id="oc-2b8">
         <name>.debug_info</name>
         <load_address>0xc32c</load_address>
         <run_address>0xc32c</run_address>
         <size>0x86</size>
         <input_file_ref idref="fl-d3"/>
      </object_component>
      <object_component id="oc-336">
         <name>.debug_info</name>
         <load_address>0xc3b2</load_address>
         <run_address>0xc3b2</run_address>
         <size>0x39</size>
         <input_file_ref idref="fl-d3"/>
      </object_component>
      <object_component id="oc-373">
         <name>.debug_info</name>
         <load_address>0xc3eb</load_address>
         <run_address>0xc3eb</run_address>
         <size>0xb6</size>
         <input_file_ref idref="fl-d3"/>
      </object_component>
      <object_component id="oc-33b">
         <name>.debug_info</name>
         <load_address>0xc4a1</load_address>
         <run_address>0xc4a1</run_address>
         <size>0x46</size>
         <input_file_ref idref="fl-d3"/>
      </object_component>
      <object_component id="oc-2bd">
         <name>.debug_info</name>
         <load_address>0xc4e7</load_address>
         <run_address>0xc4e7</run_address>
         <size>0x46</size>
         <input_file_ref idref="fl-d3"/>
      </object_component>
      <object_component id="oc-99">
         <name>.debug_info</name>
         <load_address>0xc52d</load_address>
         <run_address>0xc52d</run_address>
         <size>0x147</size>
         <input_file_ref idref="fl-d4"/>
      </object_component>
      <object_component id="oc-2e8">
         <name>.debug_info</name>
         <load_address>0xc674</load_address>
         <run_address>0xc674</run_address>
         <size>0x134</size>
         <input_file_ref idref="fl-d5"/>
      </object_component>
      <object_component id="oc-1c4">
         <name>.debug_info</name>
         <load_address>0xc7a8</load_address>
         <run_address>0xc7a8</run_address>
         <size>0x4b3</size>
         <input_file_ref idref="fl-d6"/>
      </object_component>
      <object_component id="oc-103">
         <name>.debug_info</name>
         <load_address>0xcc5b</load_address>
         <run_address>0xcc5b</run_address>
         <size>0x1a6</size>
         <input_file_ref idref="fl-d6"/>
      </object_component>
      <object_component id="oc-24a">
         <name>.debug_info</name>
         <load_address>0xce01</load_address>
         <run_address>0xce01</run_address>
         <size>0x39</size>
         <input_file_ref idref="fl-d6"/>
      </object_component>
      <object_component id="oc-2cb">
         <name>.debug_info</name>
         <load_address>0xce3a</load_address>
         <run_address>0xce3a</run_address>
         <size>0x39</size>
         <input_file_ref idref="fl-d6"/>
      </object_component>
      <object_component id="oc-24f">
         <name>.debug_info</name>
         <load_address>0xce73</load_address>
         <run_address>0xce73</run_address>
         <size>0x39</size>
         <input_file_ref idref="fl-d6"/>
      </object_component>
      <object_component id="oc-254">
         <name>.debug_info</name>
         <load_address>0xceac</load_address>
         <run_address>0xceac</run_address>
         <size>0xcd</size>
         <input_file_ref idref="fl-d6"/>
      </object_component>
      <object_component id="oc-9d">
         <name>.debug_info</name>
         <load_address>0xcf79</load_address>
         <run_address>0xcf79</run_address>
         <size>0x153</size>
         <input_file_ref idref="fl-d7"/>
      </object_component>
      <object_component id="oc-f8">
         <name>.debug_info</name>
         <load_address>0xd0cc</load_address>
         <run_address>0xd0cc</run_address>
         <size>0x122</size>
         <input_file_ref idref="fl-d9"/>
      </object_component>
      <object_component id="oc-244">
         <name>.debug_info</name>
         <load_address>0xd1ee</load_address>
         <run_address>0xd1ee</run_address>
         <size>0x2c9</size>
         <input_file_ref idref="fl-da"/>
      </object_component>
      <object_component id="oc-1be">
         <name>.debug_info</name>
         <load_address>0xd4b7</load_address>
         <run_address>0xd4b7</run_address>
         <size>0x11e</size>
         <input_file_ref idref="fl-da"/>
      </object_component>
      <object_component id="oc-23d">
         <name>.debug_info</name>
         <load_address>0xd5d5</load_address>
         <run_address>0xd5d5</run_address>
         <size>0x12e</size>
         <input_file_ref idref="fl-da"/>
      </object_component>
      <object_component id="oc-350">
         <name>.debug_info</name>
         <load_address>0xd703</load_address>
         <run_address>0xd703</run_address>
         <size>0x29c</size>
         <input_file_ref idref="fl-db"/>
      </object_component>
      <object_component id="oc-2f3">
         <name>.debug_info</name>
         <load_address>0xd99f</load_address>
         <run_address>0xd99f</run_address>
         <size>0x1da</size>
         <input_file_ref idref="fl-db"/>
      </object_component>
      <object_component id="oc-2e6">
         <name>.debug_info</name>
         <load_address>0xdb79</load_address>
         <run_address>0xdb79</run_address>
         <size>0x2b9</size>
         <input_file_ref idref="fl-dd"/>
      </object_component>
      <object_component id="oc-281">
         <name>.debug_info</name>
         <load_address>0xde32</load_address>
         <run_address>0xde32</run_address>
         <size>0x17c</size>
         <input_file_ref idref="fl-dd"/>
      </object_component>
      <object_component id="oc-345">
         <name>.debug_info</name>
         <load_address>0xdfae</load_address>
         <run_address>0xdfae</run_address>
         <size>0xf9</size>
         <input_file_ref idref="fl-de"/>
      </object_component>
      <object_component id="oc-2e3">
         <name>.debug_info</name>
         <load_address>0xe0a7</load_address>
         <run_address>0xe0a7</run_address>
         <size>0x105</size>
         <input_file_ref idref="fl-de"/>
      </object_component>
      <object_component id="oc-327">
         <name>.debug_info</name>
         <load_address>0xe1ac</load_address>
         <run_address>0xe1ac</run_address>
         <size>0x2a7</size>
         <input_file_ref idref="fl-df"/>
      </object_component>
      <object_component id="oc-2a5">
         <name>.debug_info</name>
         <load_address>0xe453</load_address>
         <run_address>0xe453</run_address>
         <size>0x1b8</size>
         <input_file_ref idref="fl-df"/>
      </object_component>
      <object_component id="oc-365">
         <name>.debug_info</name>
         <load_address>0xe60b</load_address>
         <run_address>0xe60b</run_address>
         <size>0x29a</size>
         <input_file_ref idref="fl-e0"/>
      </object_component>
      <object_component id="oc-323">
         <name>.debug_info</name>
         <load_address>0xe8a5</load_address>
         <run_address>0xe8a5</run_address>
         <size>0x262</size>
         <input_file_ref idref="fl-e0"/>
      </object_component>
      <object_component id="oc-2e1">
         <name>.debug_info</name>
         <load_address>0xeb07</load_address>
         <run_address>0xeb07</run_address>
         <size>0x28f</size>
         <input_file_ref idref="fl-e1"/>
      </object_component>
      <object_component id="oc-27b">
         <name>.debug_info</name>
         <load_address>0xed96</load_address>
         <run_address>0xed96</run_address>
         <size>0x245</size>
         <input_file_ref idref="fl-e1"/>
      </object_component>
      <object_component id="oc-333">
         <name>.debug_info</name>
         <load_address>0xefdb</load_address>
         <run_address>0xefdb</run_address>
         <size>0x289</size>
         <input_file_ref idref="fl-e2"/>
      </object_component>
      <object_component id="oc-330">
         <name>.debug_info</name>
         <load_address>0xf264</load_address>
         <run_address>0xf264</run_address>
         <size>0x10e</size>
         <input_file_ref idref="fl-e2"/>
      </object_component>
      <object_component id="oc-2b2">
         <name>.debug_info</name>
         <load_address>0xf372</load_address>
         <run_address>0xf372</run_address>
         <size>0x14e</size>
         <input_file_ref idref="fl-e2"/>
      </object_component>
      <object_component id="oc-32e">
         <name>.debug_info</name>
         <load_address>0xf4c0</load_address>
         <run_address>0xf4c0</run_address>
         <size>0x28f</size>
         <input_file_ref idref="fl-e3"/>
      </object_component>
      <object_component id="oc-2ab">
         <name>.debug_info</name>
         <load_address>0xf74f</load_address>
         <run_address>0xf74f</run_address>
         <size>0x15a</size>
         <input_file_ref idref="fl-e3"/>
      </object_component>
      <object_component id="oc-368">
         <name>.debug_info</name>
         <load_address>0xf8a9</load_address>
         <run_address>0xf8a9</run_address>
         <size>0x46</size>
         <input_file_ref idref="fl-e3"/>
      </object_component>
      <object_component id="oc-329">
         <name>.debug_info</name>
         <load_address>0xf8ef</load_address>
         <run_address>0xf8ef</run_address>
         <size>0x39</size>
         <input_file_ref idref="fl-e3"/>
      </object_component>
      <object_component id="oc-356">
         <name>.debug_info</name>
         <load_address>0xf928</load_address>
         <run_address>0xf928</run_address>
         <size>0x295</size>
         <input_file_ref idref="fl-e4"/>
      </object_component>
      <object_component id="oc-314">
         <name>.debug_info</name>
         <load_address>0xfbbd</load_address>
         <run_address>0xfbbd</run_address>
         <size>0x195</size>
         <input_file_ref idref="fl-e4"/>
      </object_component>
      <object_component id="oc-37f">
         <name>.debug_info</name>
         <load_address>0xfd52</load_address>
         <run_address>0xfd52</run_address>
         <size>0x39</size>
         <input_file_ref idref="fl-e4"/>
      </object_component>
      <object_component id="oc-357">
         <name>.debug_info</name>
         <load_address>0xfd8b</load_address>
         <run_address>0xfd8b</run_address>
         <size>0x2c</size>
         <input_file_ref idref="fl-e4"/>
      </object_component>
      <object_component id="oc-363">
         <name>.debug_info</name>
         <load_address>0xfdb7</load_address>
         <run_address>0xfdb7</run_address>
         <size>0x2f8</size>
         <input_file_ref idref="fl-e5"/>
      </object_component>
      <object_component id="oc-31a">
         <name>.debug_info</name>
         <load_address>0x100af</load_address>
         <run_address>0x100af</run_address>
         <size>0x225</size>
         <input_file_ref idref="fl-e5"/>
      </object_component>
      <object_component id="oc-349">
         <name>.debug_info</name>
         <load_address>0x102d4</load_address>
         <run_address>0x102d4</run_address>
         <size>0x115</size>
         <input_file_ref idref="fl-e6"/>
      </object_component>
      <object_component id="oc-35e">
         <name>.debug_info</name>
         <load_address>0x103e9</load_address>
         <run_address>0x103e9</run_address>
         <size>0x161</size>
         <input_file_ref idref="fl-e7"/>
      </object_component>
      <object_component id="oc-1fd">
         <name>.debug_info</name>
         <load_address>0x1054a</load_address>
         <run_address>0x1054a</run_address>
         <size>0x3b7</size>
         <input_file_ref idref="fl-e8"/>
      </object_component>
      <object_component id="oc-1f5">
         <name>.debug_info</name>
         <load_address>0x10901</load_address>
         <run_address>0x10901</run_address>
         <size>0x160</size>
         <input_file_ref idref="fl-e8"/>
      </object_component>
      <object_component id="oc-156">
         <name>.debug_info</name>
         <load_address>0x10a61</load_address>
         <run_address>0x10a61</run_address>
         <size>0x2ca</size>
         <input_file_ref idref="fl-e8"/>
      </object_component>
      <object_component id="oc-15c">
         <name>.debug_info</name>
         <load_address>0x10d2b</load_address>
         <run_address>0x10d2b</run_address>
         <size>0x247</size>
         <input_file_ref idref="fl-e8"/>
      </object_component>
      <object_component id="oc-274">
         <name>.debug_info</name>
         <load_address>0x10f72</load_address>
         <run_address>0x10f72</run_address>
         <size>0x26b</size>
         <input_file_ref idref="fl-e8"/>
      </object_component>
      <object_component id="oc-26d">
         <name>.debug_info</name>
         <load_address>0x111dd</load_address>
         <run_address>0x111dd</run_address>
         <size>0x297</size>
         <input_file_ref idref="fl-e8"/>
      </object_component>
      <object_component id="oc-1f8">
         <name>.debug_info</name>
         <load_address>0x11474</load_address>
         <run_address>0x11474</run_address>
         <size>0xbb</size>
         <input_file_ref idref="fl-e8"/>
      </object_component>
      <object_component id="oc-202">
         <name>.debug_info</name>
         <load_address>0x1152f</load_address>
         <run_address>0x1152f</run_address>
         <size>0x21b</size>
         <input_file_ref idref="fl-e9"/>
      </object_component>
      <object_component id="oc-3ba">
         <name>.debug_info</name>
         <load_address>0x1174a</load_address>
         <run_address>0x1174a</run_address>
         <size>0x8d</size>
      </object_component>
      <object_component id="oc-134">
         <name>.debug_line</name>
         <load_address>0x0</load_address>
         <run_address>0x0</run_address>
         <size>0x69</size>
         <input_file_ref idref="fl-2"/>
      </object_component>
      <object_component id="oc-268">
         <name>.debug_line</name>
         <load_address>0x69</load_address>
         <run_address>0x69</run_address>
         <size>0x2e</size>
         <input_file_ref idref="fl-2"/>
      </object_component>
      <object_component id="oc-146">
         <name>.debug_line</name>
         <load_address>0x97</load_address>
         <run_address>0x97</run_address>
         <size>0x179</size>
         <input_file_ref idref="fl-2"/>
      </object_component>
      <object_component id="oc-7a">
         <name>.debug_line</name>
         <load_address>0x210</load_address>
         <run_address>0x210</run_address>
         <size>0x6f</size>
         <input_file_ref idref="fl-2"/>
      </object_component>
      <object_component id="oc-3c">
         <name>.debug_line</name>
         <load_address>0x27f</load_address>
         <run_address>0x27f</run_address>
         <size>0x20</size>
         <input_file_ref idref="fl-2"/>
      </object_component>
      <object_component id="oc-c3">
         <name>.debug_line</name>
         <load_address>0x29f</load_address>
         <run_address>0x29f</run_address>
         <size>0x73</size>
         <input_file_ref idref="fl-2"/>
      </object_component>
      <object_component id="oc-7f">
         <name>.debug_line</name>
         <load_address>0x312</load_address>
         <run_address>0x312</run_address>
         <size>0x70</size>
         <input_file_ref idref="fl-2"/>
      </object_component>
      <object_component id="oc-236">
         <name>.debug_line</name>
         <load_address>0x382</load_address>
         <run_address>0x382</run_address>
         <size>0xc3</size>
         <input_file_ref idref="fl-3"/>
      </object_component>
      <object_component id="oc-188">
         <name>.debug_line</name>
         <load_address>0x445</load_address>
         <run_address>0x445</run_address>
         <size>0x45</size>
         <input_file_ref idref="fl-3"/>
      </object_component>
      <object_component id="oc-e2">
         <name>.debug_line</name>
         <load_address>0x48a</load_address>
         <run_address>0x48a</run_address>
         <size>0x19b</size>
         <input_file_ref idref="fl-3"/>
      </object_component>
      <object_component id="oc-213">
         <name>.debug_line</name>
         <load_address>0x625</load_address>
         <run_address>0x625</run_address>
         <size>0x6a</size>
         <input_file_ref idref="fl-3"/>
      </object_component>
      <object_component id="oc-1a2">
         <name>.debug_line</name>
         <load_address>0x68f</load_address>
         <run_address>0x68f</run_address>
         <size>0x6b</size>
         <input_file_ref idref="fl-3"/>
      </object_component>
      <object_component id="oc-1b7">
         <name>.debug_line</name>
         <load_address>0x6fa</load_address>
         <run_address>0x6fa</run_address>
         <size>0x74</size>
         <input_file_ref idref="fl-3"/>
      </object_component>
      <object_component id="oc-1ae">
         <name>.debug_line</name>
         <load_address>0x76e</load_address>
         <run_address>0x76e</run_address>
         <size>0x54</size>
         <input_file_ref idref="fl-4"/>
      </object_component>
      <object_component id="oc-a3">
         <name>.debug_line</name>
         <load_address>0x7c2</load_address>
         <run_address>0x7c2</run_address>
         <size>0x77</size>
         <input_file_ref idref="fl-4"/>
      </object_component>
      <object_component id="oc-1b2">
         <name>.debug_line</name>
         <load_address>0x839</load_address>
         <run_address>0x839</run_address>
         <size>0x37</size>
         <input_file_ref idref="fl-4"/>
      </object_component>
      <object_component id="oc-239">
         <name>.debug_line</name>
         <load_address>0x870</load_address>
         <run_address>0x870</run_address>
         <size>0x43</size>
         <input_file_ref idref="fl-5"/>
      </object_component>
      <object_component id="oc-ef">
         <name>.debug_line</name>
         <load_address>0x8b3</load_address>
         <run_address>0x8b3</run_address>
         <size>0xf0</size>
         <input_file_ref idref="fl-5"/>
      </object_component>
      <object_component id="oc-20f">
         <name>.debug_line</name>
         <load_address>0x9a3</load_address>
         <run_address>0x9a3</run_address>
         <size>0xff</size>
         <input_file_ref idref="fl-6"/>
      </object_component>
      <object_component id="oc-206">
         <name>.debug_line</name>
         <load_address>0xaa2</load_address>
         <run_address>0xaa2</run_address>
         <size>0x37</size>
         <input_file_ref idref="fl-6"/>
      </object_component>
      <object_component id="oc-20b">
         <name>.debug_line</name>
         <load_address>0xad9</load_address>
         <run_address>0xad9</run_address>
         <size>0x37</size>
         <input_file_ref idref="fl-6"/>
      </object_component>
      <object_component id="oc-148">
         <name>.debug_line</name>
         <load_address>0xb10</load_address>
         <run_address>0xb10</run_address>
         <size>0x4f</size>
         <input_file_ref idref="fl-6"/>
      </object_component>
      <object_component id="oc-d9">
         <name>.debug_line</name>
         <load_address>0xb5f</load_address>
         <run_address>0xb5f</run_address>
         <size>0x440</size>
         <input_file_ref idref="fl-6"/>
      </object_component>
      <object_component id="oc-185">
         <name>.debug_line</name>
         <load_address>0xf9f</load_address>
         <run_address>0xf9f</run_address>
         <size>0x20</size>
         <input_file_ref idref="fl-6"/>
      </object_component>
      <object_component id="oc-76">
         <name>.debug_line</name>
         <load_address>0xfbf</load_address>
         <run_address>0xfbf</run_address>
         <size>0x41</size>
         <input_file_ref idref="fl-7"/>
      </object_component>
      <object_component id="oc-31">
         <name>.debug_line</name>
         <load_address>0x1000</load_address>
         <run_address>0x1000</run_address>
         <size>0x41</size>
         <input_file_ref idref="fl-7"/>
      </object_component>
      <object_component id="oc-2b">
         <name>.debug_line</name>
         <load_address>0x1041</load_address>
         <run_address>0x1041</run_address>
         <size>0xa1</size>
         <input_file_ref idref="fl-7"/>
      </object_component>
      <object_component id="oc-2c5">
         <name>.debug_line</name>
         <load_address>0x10e2</load_address>
         <run_address>0x10e2</run_address>
         <size>0x2f</size>
         <input_file_ref idref="fl-c2"/>
      </object_component>
      <object_component id="oc-190">
         <name>.debug_line</name>
         <load_address>0x1111</load_address>
         <run_address>0x1111</run_address>
         <size>0x55</size>
         <input_file_ref idref="fl-c2"/>
      </object_component>
      <object_component id="oc-21d">
         <name>.debug_line</name>
         <load_address>0x1166</load_address>
         <run_address>0x1166</run_address>
         <size>0x59</size>
         <input_file_ref idref="fl-c2"/>
      </object_component>
      <object_component id="oc-223">
         <name>.debug_line</name>
         <load_address>0x11bf</load_address>
         <run_address>0x11bf</run_address>
         <size>0x47</size>
         <input_file_ref idref="fl-c2"/>
      </object_component>
      <object_component id="oc-22c">
         <name>.debug_line</name>
         <load_address>0x1206</load_address>
         <run_address>0x1206</run_address>
         <size>0x91</size>
         <input_file_ref idref="fl-c2"/>
      </object_component>
      <object_component id="oc-231">
         <name>.debug_line</name>
         <load_address>0x1297</load_address>
         <run_address>0x1297</run_address>
         <size>0x2f</size>
         <input_file_ref idref="fl-c2"/>
      </object_component>
      <object_component id="oc-ec">
         <name>.debug_line</name>
         <load_address>0x12c6</load_address>
         <run_address>0x12c6</run_address>
         <size>0xd2</size>
         <input_file_ref idref="fl-c3"/>
      </object_component>
      <object_component id="oc-e7">
         <name>.debug_line</name>
         <load_address>0x1398</load_address>
         <run_address>0x1398</run_address>
         <size>0x77</size>
         <input_file_ref idref="fl-c4"/>
      </object_component>
      <object_component id="oc-2f1">
         <name>.debug_line</name>
         <load_address>0x140f</load_address>
         <run_address>0x140f</run_address>
         <size>0x77</size>
[...]
      </symbol>
      <symbol id="sm-10">
         <name>__TI_prof_data_size</name>
         <value>0xffffffff</value>
      </symbol>
      <symbol id="sm-76">
         <name>_timeout_ticks</name>
         <value>0x200022dc</value>
      </symbol>
      <symbol id="sm-77">
         <name>timer_pause</name>
         <value>0x218f</value>
         <object_component_ref idref="oc-141"/>
      </symbol>
      <symbol id="sm-78">
         <name>timer_resume</name>
         <value>0x21a1</value>
         <object_component_ref idref="oc-141"/>
      </symbol>
      <symbol id="sm-79">
         <name>timer_getMillis</name>
         <value>0x21b3</value>
         <object_component_ref idref="oc-141"/>
      </symbol>
      <symbol id="sm-7a">
         <name>_running</name>
         <value>0x20002314</value>
         <object_component_ref idref="oc-1ed"/>
      </symbol>
      <symbol id="sm-7b">
         <name>timer_init</name>
         <value>0x20ed</value>
         <object_component_ref idref="oc-141"/>
      </symbol>
      <symbol id="sm-7c">
         <name>timer_stop</name>
         <value>0x2165</value>
         <object_component_ref idref="oc-141"/>
      </symbol>
      <symbol id="sm-7d">
         <name>timer_getMicros</name>
         <value>0x220b</value>
         <object_component_ref idref="oc-141"/>
      </symbol>
      <symbol id="sm-7e">
         <name>timer_waitMillis</name>
         <value>0x2297</value>
         <object_component_ref idref="oc-141"/>
      </symbol>
      <symbol id="sm-7f">
         <name>timer_waitMicros</name>
         <value>0x2265</value>
         <object_component_ref idref="oc-141"/>
      </symbol>
      <symbol id="sm-cb">
         <name>lcd_sendCommand</name>
         <value>0x1a2f</value>
         <object_component_ref idref="oc-dd"/>
      </symbol>
      <symbol id="sm-cc">
         <name>lcd_sendNibble</name>
         <value>0x1a6d</value>
         <object_component_ref idref="oc-dd"/>
      </symbol>
      <symbol id="sm-cd">
         <name>lcd_clear</name>
         <value>0x3a03</value>
         <object_component_ref idref="oc-187"/>
      </symbol>
      <symbol id="sm-ce">
         <name>lcd_printf</name>
         <value>0x1b17</value>
         <object_component_ref idref="oc-dd"/>
      </symbol>
      <symbol id="sm-cf">
         <name>lcd_setCursorPos</name>
         <value>0x1ad9</value>
         <object_component_ref idref="oc-dd"/>
      </symbol>
      <symbol id="sm-d0">
         <name>lcd_init</name>
         <value>0x1919</value>
         <object_component_ref idref="oc-dd"/>
      </symbol>
      <symbol id="sm-d1">
         <name>lcd_puts</name>
         <value>0x1a11</value>
         <object_component_ref idref="oc-dd"/>
      </symbol>
      <symbol id="sm-d2">
         <name>lcd_putc</name>
         <value>0x19d9</value>
         <object_component_ref idref="oc-dd"/>
      </symbol>
      <symbol id="sm-d3">
         <name>lcd_reverseNibble</name>
         <value>0x18dd</value>
         <object_component_ref idref="oc-dd"/>
      </symbol>
      <symbol id="sm-d4">
         <name>lcd_gotoLine</name>
         <value>0x1ab1</value>
         <object_component_ref idref="oc-dd"/>
      </symbol>
      <symbol id="sm-f3">
         <name>main</name>
         <value>0x26bd</value>
         <object_component_ref idref="oc-a2"/>
      </symbol>
      <symbol id="sm-118">
         <name>move_forward</name>
         <value>0x1d0d</value>
         <object_component_ref idref="oc-ed"/>
      </symbol>
      <symbol id="sm-119">
         <name>move_backward</name>
         <value>0x1da7</value>
         <object_component_ref idref="oc-ed"/>
      </symbol>
      <symbol id="sm-11a">
         <name>turn_right</name>
         <value>0x1c05</value>
         <object_component_ref idref="oc-ed"/>
      </symbol>
      <symbol id="sm-11b">
         <name>turn_left</name>
         <value>0x1c89</value>
         <object_component_ref idref="oc-ed"/>
      </symbol>
      <symbol id="sm-1e9">
         <name>go_charge</name>
         <value>0x97f</value>
         <object_component_ref idref="oc-d7"/>
      </symbol>
      <symbol id="sm-1ea">
         <name>GPIOF_Handler</name>
         <value>0xbc3</value>
         <object_component_ref idref="oc-d7"/>
      </symbol>
      <symbol id="sm-1eb">
         <name>oi_free</name>
         <value>0x279</value>
         <object_component_ref idref="oc-d7"/>
      </symbol>
      <symbol id="sm-1ec">
         <name>oi_getMotorCalibrationRight</name>
         <value>0xe01</value>
         <object_component_ref idref="oc-d7"/>
      </symbol>
      <symbol id="sm-1ed">
         <name>oi_uartReceive</name>
         <value>0xa31</value>
         <object_component_ref idref="oc-d7"/>
      </symbol>
      <symbol id="sm-1ee">
         <name>oi_setWheels</name>
         <value>0x88f</value>
         <object_component_ref idref="oc-d7"/>
      </symbol>
      <symbol id="sm-1ef">
         <name>oi_shutoff_init</name>
         <value>0xb51</value>
         <object_component_ref idref="oc-d7"/>
      </symbol>
      <symbol id="sm-1f0">
         <name>motor_cal_factor_L</name>
         <value>0x200022e0</value>
         <object_component_ref idref="oc-160"/>
      </symbol>
      <symbol id="sm-1f1">
         <name>motor_cal_factor_R</name>
         <value>0x200022e4</value>
         <object_component_ref idref="oc-160"/>
      </symbol>
      <symbol id="sm-1f2">
         <name>oi_parseInt</name>
         <value>0x3973</value>
         <object_component_ref idref="oc-147"/>
      </symbol>
      <symbol id="sm-1f3">
         <name>oi_setMotorCalibration</name>
         <value>0xdb1</value>
         <object_component_ref idref="oc-d7"/>
      </symbol>
      <symbol id="sm-1f4">
         <name>oi_uartSendStr</name>
         <value>0xa59</value>
         <object_component_ref idref="oc-d7"/>
      </symbol>
      <symbol id="sm-1f5">
         <name>oi_close</name>
         <value>0x2c7</value>
         <object_component_ref idref="oc-d7"/>
      </symbol>
      <symbol id="sm-1f6">
         <name>oi_uartSendBuff</name>
         <value>0xa77</value>
         <object_component_ref idref="oc-d7"/>
      </symbol>
      <symbol id="sm-1f7">
         <name>oi_checkFirmware</name>
         <value>0xaa9</value>
         <object_component_ref idref="oc-d7"/>
      </symbol>
      <symbol id="sm-1f8">
         <name>oi_init_noupdate</name>
         <value>0x289</value>
         <object_component_ref idref="oc-d7"/>
      </symbol>
      <symbol id="sm-1f9">
         <name>oi_uartSendChar</name>
         <value>0xa15</value>
         <object_component_ref idref="oc-d7"/>
      </symbol>
      <symbol id="sm-1fa">
         <name>oi_alloc</name>
         <value>0x26d</value>
         <object_component_ref idref="oc-d7"/>
      </symbol>
      <symbol id="sm-1fb">
         <name>oi_getMotorCalibrationLeft</name>
         <value>0xded</value>
         <object_component_ref idref="oc-d7"/>
      </symbol>
      <symbol id="sm-1fc">
         <name>oi_loadSong</name>
         <value>0x915</value>
         <object_component_ref idref="oc-d7"/>
      </symbol>
      <symbol id="sm-1fd">
         <name>oi_play_song</name>
         <value>0x96b</value>
         <object_component_ref idref="oc-d7"/>
      </symbol>
      <symbol id="sm-1fe">
         <name>oi_parsePacket</name>
         <value>0x32b</value>
         <object_component_ref idref="oc-d7"/>
      </symbol>
      <symbol id="sm-1ff">
         <name>oi_setLeds</name>
         <value>0x84b</value>
         <object_component_ref idref="oc-d7"/>
      </symbol>
      <symbol id="sm-200">
         <name>oi_init</name>
         <value>0x2b1</value>
         <object_component_ref idref="oc-d7"/>
      </symbol>
      <symbol id="sm-201">
         <name>oi_update</name>
         <value>0x2d9</value>
         <object_component_ref idref="oc-d7"/>
      </symbol>
      <symbol id="sm-202">
         <name>oi_uartInit</name>
         <value>0x98d</value>
         <object_component_ref idref="oc-d7"/>
      </symbol>
      <symbol id="sm-21e">
         <name>ResetISR</name>
         <value>0x3a2d</value>
         <object_component_ref idref="oc-2a"/>
      </symbol>
      <symbol id="sm-21f">
         <name>g_pfnVectors</name>
         <value>0x0</value>
         <object_component_ref idref="oc-12"/>
      </symbol>
      <symbol id="sm-24e">
         <name>vsnprintf</name>
         <value>0x370d</value>
         <object_component_ref idref="oc-18e"/>
      </symbol>
      <symbol id="sm-265">
         <name>__aeabi_dsub</name>
         <value>0x2505</value>
         <object_component_ref idref="oc-e8"/>
      </symbol>
      <symbol id="sm-266">
         <name>__aeabi_dadd</name>
         <value>0x250f</value>
         <object_component_ref idref="oc-e8"/>
      </symbol>
      <symbol id="sm-288">
         <name>__aeabi_cdcmpeq</name>
         <value>0x3199</value>
         <object_component_ref idref="oc-e3"/>
      </symbol>
      <symbol id="sm-289">
         <name>__aeabi_cdcmple</name>
         <value>0x3199</value>
         <object_component_ref idref="oc-e3"/>
      </symbol>
      <symbol id="sm-28a">
         <name>__aeabi_cdrcmple</name>
         <value>0x321f</value>
         <object_component_ref idref="oc-2ed"/>
      </symbol>
      <symbol id="sm-29e">
         <name>__aeabi_ddiv</name>
         <value>0x2969</value>
         <object_component_ref idref="oc-168"/>
      </symbol>
      <symbol id="sm-2a9">
         <name>__aeabi_dmul</name>
         <value>0x2dd5</value>
         <object_component_ref idref="oc-163"/>
      </symbol>
      <symbol id="sm-2b3">
         <name>__aeabi_d2iz</name>
         <value>0x3681</value>
         <object_component_ref idref="oc-1a6"/>
      </symbol>
      <symbol id="sm-2bf">
         <name>__aeabi_d2f</name>
         <value>0x33ff</value>
         <object_component_ref idref="oc-175"/>
      </symbol>
      <symbol id="sm-2ca">
         <name>__aeabi_f2d</name>
         <value>0x37c5</value>
         <object_component_ref idref="oc-17a"/>
      </symbol>
      <symbol id="sm-2d4">
         <name>__aeabi_i2d</name>
         <value>0x3895</value>
         <object_component_ref idref="oc-16d"/>
      </symbol>
      <symbol id="sm-2ef">
         <name>memcpy</name>
         <value>0x3067</value>
         <object_component_ref idref="oc-3e"/>
      </symbol>
      <symbol id="sm-2f0">
         <name>__aeabi_memcpy</name>
         <value>0x3067</value>
         <object_component_ref idref="oc-3e"/>
      </symbol>
      <symbol id="sm-2f1">
         <name>__aeabi_memcpy8</name>
         <value>0x3067</value>
         <object_component_ref idref="oc-3e"/>
      </symbol>
      <symbol id="sm-2f2">
         <name>__aeabi_memcpy4</name>
         <value>0x3067</value>
         <object_component_ref idref="oc-3e"/>
      </symbol>
      <symbol id="sm-30b">
         <name>__TI_zero_init_nomemset</name>
         <value>0x38ed</value>
         <object_component_ref idref="oc-4a"/>
      </symbol>
      <symbol id="sm-322">
         <name>__TI_decompress_none</name>
         <value>0x3a13</value>
         <object_component_ref idref="oc-1b"/>
      </symbol>
      <symbol id="sm-345">
         <name>__TI_decompress_lzss</name>
         <value>0x346d</value>
         <object_component_ref idref="oc-15"/>
      </symbol>
      <symbol id="sm-3da">
         <name>_sys_memory</name>
         <value>0x20001270</value>
         <object_component_ref idref="oc-24"/>
      </symbol>
      <symbol id="sm-3db">
         <name>free</name>
         <value>0x2ed1</value>
         <object_component_ref idref="oc-13b"/>
      </symbol>
      <symbol id="sm-3dc">
         <name>memalign</name>
         <value>0x2cd5</value>
         <object_component_ref idref="oc-25b"/>
      </symbol>
      <symbol id="sm-3dd">
         <name>calloc</name>
         <value>0x378d</value>
         <object_component_ref idref="oc-135"/>
      </symbol>
      <symbol id="sm-3de">
         <name>malloc</name>
         <value>0x3a41</value>
         <object_component_ref idref="oc-1d9"/>
      </symbol>
      <symbol id="sm-3df">
         <name>aligned_alloc</name>
         <value>0x2cd5</value>
         <object_component_ref idref="oc-25b"/>
      </symbol>
      <symbol id="sm-3ee">
         <name>strcmp</name>
         <value>0x398b</value>
         <object_component_ref idref="oc-14e"/>
      </symbol>
      <symbol id="sm-3fc">
         <name>strcpy</name>
         <value>0x39b9</value>
         <object_component_ref idref="oc-194"/>
      </symbol>
      <symbol id="sm-40f">
         <name>__stack</name>
         <value>0x20000270</value>
         <object_component_ref idref="oc-27"/>
      </symbol>
      <symbol id="sm-410">
         <name>_c_int00_noargs</name>
         <value>0x3831</value>
         <object_component_ref idref="oc-5c"/>
      </symbol>
      <symbol id="sm-575">
         <name>__TI_printfi</name>
         <value>0xe8d</value>
         <object_component_ref idref="oc-215"/>
      </symbol>
      <symbol id="sm-584">
         <name>__aeabi_memset</name>
         <value>0x32a7</value>
         <object_component_ref idref="oc-96"/>
      </symbol>
      <symbol id="sm-585">
         <name>memset</name>
         <value>0x32ad</value>
         <object_component_ref idref="oc-96"/>
      </symbol>
      <symbol id="sm-586">
         <name>__aeabi_memset8</name>
         <value>0x32a7</value>
         <object_component_ref idref="oc-96"/>
      </symbol>
      <symbol id="sm-587">
         <name>__aeabi_memset4</name>
         <value>0x32a7</value>
         <object_component_ref idref="oc-96"/>
      </symbol>
      <symbol id="sm-588">
         <name>__aeabi_memclr8</name>
         <value>0x32a5</value>
         <object_component_ref idref="oc-96"/>
      </symbol>
      <symbol id="sm-589">
         <name>__aeabi_memclr4</name>
         <value>0x32a5</value>
         <object_component_ref idref="oc-96"/>
      </symbol>
      <symbol id="sm-58a">
         <name>__aeabi_memclr</name>
         <value>0x32a5</value>
         <object_component_ref idref="oc-96"/>
      </symbol>
      <symbol id="sm-597">
         <name>__aeabi_uldivmod</name>
         <value>0x3103</value>
         <object_component_ref idref="oc-2e7"/>
      </symbol>
      <symbol id="sm-5bf">
         <name>__TI_auto_init_nobinit_nopinit</name>
         <value>0x36c9</value>
         <object_component_ref idref="oc-101"/>
      </symbol>
      <symbol id="sm-5c9">
         <name>_system_pre_init</name>
         <value>0x3a49</value>
         <object_component_ref idref="oc-9c"/>
      </symbol>
      <symbol id="sm-5d5">
         <name>C$$EXIT</name>
         <value>0x3a4d</value>
         <object_component_ref idref="oc-f5"/>
      </symbol>
      <symbol id="sm-5d6">
         <name>abort</name>
         <value>0x3a4d</value>
         <object_component_ref idref="oc-f5"/>
      </symbol>
      <symbol id="sm-5eb">
         <name>_nop</name>
         <value>0x18db</value>
         <object_component_ref idref="oc-23c"/>
      </symbol>
      <symbol id="sm-5ec">
         <name>_lock</name>
         <value>0x20002300</value>
         <object_component_ref idref="oc-1bd"/>
      </symbol>
      <symbol id="sm-5ed">
         <name>_unlock</name>
         <value>0x20002304</value>
         <object_component_ref idref="oc-1bd"/>
      </symbol>
      <symbol id="sm-5fc">
         <name>__TI_ltoa</name>
         <value>0x358f</value>
         <object_component_ref idref="oc-2f2"/>
      </symbol>
      <symbol id="sm-613">
         <name>atoi</name>
         <value>0x3635</value>
         <object_component_ref idref="oc-280"/>
      </symbol>
      <symbol id="sm-61e">
         <name>_ctypes_</name>
         <value>0x3a50</value>
         <object_component_ref idref="oc-2e2"/>
      </symbol>
      <symbol id="sm-62e">
         <name>memccpy</name>
         <value>0x3925</value>
         <object_component_ref idref="oc-2a4"/>
      </symbol>
      <symbol id="sm-63e">
         <name>strchr</name>
         <value>0x39a3</value>
         <object_component_ref idref="oc-31f"/>
      </symbol>
      <symbol id="sm-64c">
         <name>strlen</name>
         <value>0x39cd</value>
         <object_component_ref idref="oc-27a"/>
      </symbol>
      <symbol id="sm-662">
         <name>__aeabi_errno_addr</name>
         <value>0x3a39</value>
         <object_component_ref idref="oc-2b0"/>
      </symbol>
      <symbol id="sm-663">
         <name>errno</name>
         <value>0x20002310</value>
         <object_component_ref idref="oc-32f"/>
      </symbol>
      <symbol id="sm-67c">
         <name>wcslen</name>
         <value>0x39e1</value>
         <object_component_ref idref="oc-2aa"/>
      </symbol>
      <symbol id="sm-69c">
         <name>frexpl</name>
         <value>0x34d5</value>
         <object_component_ref idref="oc-313"/>
      </symbol>
      <symbol id="sm-69d">
         <name>frexp</name>
         <value>0x34d5</value>
         <object_component_ref idref="oc-313"/>
      </symbol>
      <symbol id="sm-6ba">
         <name>scalbn</name>
         <value>0x2bc5</value>
         <object_component_ref idref="oc-319"/>
      </symbol>
      <symbol id="sm-6bb">
         <name>scalbnl</name>
         <value>0x2bc5</value>
         <object_component_ref idref="oc-319"/>
      </symbol>
      <symbol id="sm-6bc">
         <name>ldexpl</name>
         <value>0x2bc5</value>
         <object_component_ref idref="oc-319"/>
      </symbol>
      <symbol id="sm-6bd">
         <name>ldexp</name>
         <value>0x2bc5</value>
         <object_component_ref idref="oc-319"/>
      </symbol>
      <symbol id="sm-6c7">
         <name>__aeabi_idiv0</name>
         <value>0x26bb</value>
         <object_component_ref idref="oc-348"/>
      </symbol>
      <symbol id="sm-6c8">
         <name>__aeabi_ldiv0</name>
         <value>0x26bb</value>
         <object_component_ref idref="oc-348"/>
      </symbol>
      <symbol id="sm-6d2">
         <name>copysign</name>
         <value>0x3941</value>
         <object_component_ref idref="oc-35c"/>
      </symbol>
      <symbol id="sm-6d3">
         <name>copysignl</name>
         <value>0x3941</value>
         <object_component_ref idref="oc-35c"/>
      </symbol>
      <symbol id="sm-702">
         <name>IntRegister</name>
         <value>0x37fd</value>
         <object_component_ref idref="oc-154"/>
      </symbol>
      <symbol id="sm-703">
         <name>g_pfnRAMVectors</name>
         <value>0x20000000</value>
         <object_component_ref idref="oc-1f4"/>
      </symbol>
      <symbol id="sm-704">
         <name>IntMasterEnable</name>
         <value>0x39f3</value>
         <object_component_ref idref="oc-15a"/>
      </symbol>
      <symbol id="sm-70e">
         <name>CPUcpsie</name>
         <value>0x3a21</value>
         <object_component_ref idref="oc-1fe"/>
      </symbol>
      <symbol id="sm-70f">
         <name>__TI_static_base__</name>
         <value>0x0</value>
      </symbol>
      <symbol id="sm-712">
         <name>__mpu_init</name>
         <value>0x0</value>
      </symbol>
      <symbol id="sm-713">
         <name>_system_post_cinit</name>
         <value>0x0</value>
      </symbol>
   </symbol_table>
   <title>Link successful</title>
</link_info>
