******************************************************************************
                  TI ARM Linker PC v20.2.7                     
******************************************************************************
>> Linked Tue Apr 23 12:34:10 2024

OUTPUT FILE NAME:   <Project Movement.out>
ENTRY POINT SYMBOL: "_c_int00_noargs"  address: 0000375d


MEMORY CONFIGURATION

         name            origin    length      used     unused   attr    fill
----------------------  --------  ---------  --------  --------  ----  --------
  FLASH                 00000000   00040000  00003a9c  0003c564  R  X
  SRAM                  20000000   00008000  000022c5  00005d3b  RW X


SEGMENT ALLOCATION MAP

run origin  load origin   length   init length attrs members
----------  ----------- ---------- ----------- ----- -------
00000000    00000000    00003aa0   00003aa0    r-x
  00000000    00000000    0000026c   0000026c    r-- .intvecs
  0000026c    0000026c    000036c8   000036c8    r-x .text
  00003934    00003934    00000110   00000110    r-- .const
  00003a48    00003a48    00000058   00000058    r-- .cinit
20000000    20000000    000022cc   00000000    rw-
  20000000    20000000    0000026c   00000000    rw- .vtable
  20000270    20000270    00001000   00000000    rw- .stack
  20001270    20001270    00001000   00000000    rw- .sysmem
  20002270    20002270    0000003d   00000000    rw- .data
  200022b0    200022b0    0000001c   00000000    rw- .bss


SECTION ALLOCATION MAP

 output                                  attributes/
section   page    origin      length       input sections
--------  ----  ----------  ----------   ----------------
.intvecs   0    00000000    0000026c     
                  00000000    0000026c     tm4c123gh6pm_startup_ccs.obj (.intvecs)

.text      0    0000026c    000036c8     
                  0000026c    00000c20     open_interface.obj (.text)
                  00000e8c    00000a4e     rtsv7M4_T_le_v4SPD16_eabi.lib : _printfi.c.obj (.text:__TI_printfi)
                  000018da    00000002                                   : _lock.c.obj (.text:_nop)
                  000018dc    00000408     movement.obj (.text)
                  00001ce4    00000270     rtsv7M4_T_le_v4SPD16_eabi.lib : _printfi.c.obj (.text:_pconv_a)
                  00001f54    00000248     Timer.obj (.text)
                  0000219c    000001dc     uart-interrupt.obj (.text)
                  00002378    000001d0     rtsv7M4_T_le_v4SPD16_eabi.lib : _printfi.c.obj (.text:_pconv_g)
                  00002548    000001b6                                   : fd_add_t2.asm.obj (.text)
                  000026fe    00000002                                   : div0.asm.obj (.text)
                  00002700    0000013c                                   : _printfi.c.obj (.text:_pconv_e)
                  0000283c    00000136                                   : fd_div_t2.asm.obj (.text)
                  00002972    00000002     --HOLE-- [fill = 0]
                  00002974    00000124                                   : _printfi.c.obj (.text:fcvt)
                  00002a98    00000110                                   : s_scalbn.c.obj (.text:scalbn)
                  00002ba8    00000100                                   : memory.c.obj (.text:aligned_alloc)
                  00002ca8    000000fc                                   : fd_mul_t2.asm.obj (.text)
                  00002da4    000000e4                                   : memory.c.obj (.text:free)
                  00002e88    000000b1                                   : _printfi.c.obj (.text:_ltostr)
                  00002f39    00000001     --HOLE-- [fill = 0]
                  00002f3a    0000009c                                   : memcpy_t2.asm.obj (.text)
                  00002fd6    00000096                                   : ull_div_t2.asm.obj (.text)
                  0000306c    00000086                                   : fd_cmp_t2.asm.obj (.text:__aeabi_cdcmple)
                  000030f2    00000086                                   : fd_cmp_t2.asm.obj (.text:__aeabi_cdrcmple)
                  00003178    0000007a                                   : memset_t2.asm.obj (.text)
                  000031f2    00000002     --HOLE-- [fill = 0]
                  000031f4    00000070                                   : memory.c.obj (.text:split)
                  00003264    0000006e                                   : _printfi.c.obj (.text:_mcpy)
                  000032d2    0000006e                                   : fd_tos_t2.asm.obj (.text)
                  00003340    00000068                                   : copy_decompress_lzss.c.obj (.text:decompress:lzss:__TI_decompress_lzss)
                  000033a8    00000064                                   : s_frexp.c.obj (.text:frexp)
                  0000340c    00000058     main.obj (.text)
                  00003464    00000056     rtsv7M4_T_le_v4SPD16_eabi.lib : _printfi.c.obj (.text:_pconv_f)
                  000034ba    00000054                                   : _ltoa.c.obj (.text:__TI_ltoa)
                  0000350e    00000052                                   : _printfi.c.obj (.text:_ecpy)
                  00003560    0000004c                                   : atoi.c.obj (.text:atoi)
                  000035ac    00000048                                   : fd_toi_t2.asm.obj (.text)
                  000035f4    00000044                                   : autoinit.c.obj (.text:__TI_auto_init_nobinit_nopinit:__TI_auto_init_nobinit_nopinit)
                  00003638    00000040                                   : sprintf.c.obj (.text:sprintf)
                  00003678    0000003e                                   : _printfi.c.obj (.text:_fcpy)
                  000036b6    00000002     --HOLE-- [fill = 0]
                  000036b8    00000038                                   : memory.c.obj (.text:calloc)
                  000036f0    00000038                                   : fs_tod_t2.asm.obj (.text)
                  00003728    00000034     driverlib.lib : interrupt.obj (.text:IntRegister)
                  0000375c    00000034     rtsv7M4_T_le_v4SPD16_eabi.lib : boot_cortex_m.c.obj (.text:_c_int00_noargs:_c_int00_noargs)
                  00003790    0000002e                                   : i_tofd_t2.asm.obj (.text)
                  000037be    00000002     --HOLE-- [fill = 0]
                  000037c0    00000028                                   : memory.c.obj (.text:free_list_insert)
                  000037e8    0000001c                                   : copy_zero_init.c.obj (.text:decompress:ZI:__TI_zero_init_nomemset:__TI_zero_init_nomemset)
                  00003804    0000001c                                   : memory.c.obj (.text:free_list_remove)
                  00003820    0000001c                                   : memccpy.c.obj (.text:memccpy)
                  0000383c    0000001a                                   : s_copysign.c.obj (.text:copysign)
                  00003856    00000018                                   : sprintf.c.obj (.text:_outs)
                  0000386e    00000018     open_interface.obj (.text:oi_parseInt)
                  00003886    00000018     rtsv7M4_T_le_v4SPD16_eabi.lib : strcmp.c.obj (.text:strcmp)
                  0000389e    00000016                                   : strchr.c.obj (.text:strchr)
                  000038b4    00000014                                   : strlen.c.obj (.text:strlen)
                  000038c8    00000012                                   : wcslen.c.obj (.text:wcslen)
                  000038da    00000010     driverlib.lib : interrupt.obj (.text:IntMasterEnable)
                  000038ea    0000000e     rtsv7M4_T_le_v4SPD16_eabi.lib : copy_decompress_none.c.obj (.text:decompress:none:__TI_decompress_none)
                  000038f8    0000000c     driverlib.lib : cpu.obj (.text:CPUcpsie)
                  00003904    0000000c     tm4c123gh6pm_startup_ccs.obj (.text)
                  00003910    0000000a     rtsv7M4_T_le_v4SPD16_eabi.lib : sprintf.c.obj (.text:_outc)
                  0000391a    00000002     --HOLE-- [fill = 0]
                  0000391c    00000008                                   : errno.c.obj (.text:__aeabi_errno_addr)
                  00003924    00000008                                   : memory.c.obj (.text:malloc)
                  0000392c    00000004                                   : pre_init.c.obj (.text:_system_pre_init)
                  00003930    00000004                                   : exit.c.obj (.text:abort:abort)

.const     0    00003934    00000110     
                  00003934    00000101     rtsv7M4_T_le_v4SPD16_eabi.lib : ctype.c.obj (.const:.string:_ctypes_)
                  00003a35    0000000f     open_interface.obj (.const:.string:$P$T0$3)

.cinit     0    00003a48    00000058     
                  00003a48    0000001f     (.cinit..data.load) [load image, compression = lzss]
                  00003a67    00000001     --HOLE-- [fill = 0]
                  00003a68    0000000c     (__TI_handler_table)
                  00003a74    00000004     --HOLE-- [fill = 0]
                  00003a78    00000008     (.cinit..bss.load) [load image, compression = zero_init]
                  00003a80    00000008     (.cinit..vtable.load) [load image, compression = zero_init]
                  00003a88    00000018     (__TI_cinit_table)

.init_array 
*          0    00000000    00000000     UNINITIALIZED

.vtable    0    20000000    0000026c     UNINITIALIZED
                  20000000    0000026c     driverlib.lib : interrupt.obj (.vtable)

.stack     0    20000270    00001000     UNINITIALIZED
                  20000270    00000004     rtsv7M4_T_le_v4SPD16_eabi.lib : boot_cortex_m.c.obj (.stack)
                  20000274    00000ffc     --HOLE--

.sysmem    0    20001270    00001000     UNINITIALIZED
                  20001270    00000010     rtsv7M4_T_le_v4SPD16_eabi.lib : memory.c.obj (.sysmem)
                  20001280    00000ff0     --HOLE--

.data      0    20002270    0000003d     UNINITIALIZED
                  20002270    00000020     open_interface.obj (.data)
                  20002290    00000008     rtsv7M4_T_le_v4SPD16_eabi.lib : _lock.c.obj (.data:$O1$$)
                  20002298    00000008                                   : memory.c.obj (.data:$O1$$)
                  200022a0    00000008     uart-interrupt.obj (.data)
                  200022a8    00000004     rtsv7M4_T_le_v4SPD16_eabi.lib : errno.c.obj (.data)
                  200022ac    00000001     Timer.obj (.data)

.bss       0    200022b0    0000001c     UNINITIALIZED
                  200022b0    00000018     open_interface.obj (.bss:firmware$2)
                  200022c8    00000004     (.common:_timeout_ticks)

__llvm_prf_cnts 
*          0    20000000    00000000     UNINITIALIZED

MODULE SUMMARY

       Module                         code    ro data   rw data
       ------                         ----    -------   -------
    .\
       open_interface.obj             3128    15        56     
       movement.obj                   1032    0         0      
       tm4c123gh6pm_startup_ccs.obj   12      620       0      
       Timer.obj                      584     0         5      
       uart-interrupt.obj             476     0         8      
       main.obj                       88      0         0      
    +--+------------------------------+-------+---------+---------+
       Total:                         5320    635       69     
                                                               
    C:/ti/TivaWare_C_Series-2.2.0.295/driverlib/ccs/Debug/driverlib.lib
       interrupt.obj                  68      0         620    
       cpu.obj                        12      0         0      
    +--+------------------------------+-------+---------+---------+
       Total:                         80      0         620    
                                                               
    C:\ti\ccs1230\ccs\tools\compiler\ti-cgt-arm_20.2.7.LTS\lib\rtsv7M4_T_le_v4SPD16_eabi.lib
       _printfi.c.obj                 4851    0         0      
       memory.c.obj                   728     0         8      
       fd_add_t2.asm.obj              438     0         0      
       fd_div_t2.asm.obj              310     0         0      
       s_scalbn.c.obj                 272     0         0      
       fd_cmp_t2.asm.obj              268     0         0      
       ctype.c.obj                    0       257       0      
       fd_mul_t2.asm.obj              252     0         0      
       memcpy_t2.asm.obj              156     0         0      
       ull_div_t2.asm.obj             150     0         0      
       memset_t2.asm.obj              122     0         0      
       fd_tos_t2.asm.obj              110     0         0      
       copy_decompress_lzss.c.obj     104     0         0      
       s_frexp.c.obj                  100     0         0      
       sprintf.c.obj                  98      0         0      
       _ltoa.c.obj                    84      0         0      
       atoi.c.obj                     76      0         0      
       fd_toi_t2.asm.obj              72      0         0      
       autoinit.c.obj                 68      0         0      
       fs_tod_t2.asm.obj              56      0         0      
       boot_cortex_m.c.obj            52      0         0      
       i_tofd_t2.asm.obj              46      0         0      
       copy_zero_init.c.obj           28      0         0      
       memccpy.c.obj                  28      0         0      
       s_copysign.c.obj               26      0         0      
       strcmp.c.obj                   24      0         0      
       strchr.c.obj                   22      0         0      
       strlen.c.obj                   20      0         0      
       wcslen.c.obj                   18      0         0      
       copy_decompress_none.c.obj     14      0         0      
       errno.c.obj                    8       0         4      
       _lock.c.obj                    2       0         8      
       exit.c.obj                     4       0         0      
       pre_init.c.obj                 4       0         0      
       div0.asm.obj                   2       0         0      
    +--+------------------------------+-------+---------+---------+
       Total:                         8613    257       20     
                                                               
       Heap:                          0       0         4096   
       Stack:                         0       0         4096   
       Linker Generated:              0       83        0      
    +--+------------------------------+-------+---------+---------+
       Grand Total:                   14013   975       8901   


LINKER GENERATED COPY TABLES

__TI_cinit_table @ 00003a88 records: 3, size/record: 8, table size: 24
	.data: load addr=00003a48, load size=0000001f bytes, run addr=20002270, run size=0000003d bytes, compression=lzss
	.bss: load addr=00003a78, load size=00000008 bytes, run addr=200022b0, run size=0000001c bytes, compression=zero_init
	.vtable: load addr=00003a80, load size=00000008 bytes, run addr=20000000, run size=0000026c bytes, compression=zero_init


LINKER GENERATED HANDLER TABLE

__TI_handler_table @ 00003a68 records: 3, size/record: 4, table size: 12
	index: 0, handler: __TI_zero_init
	index: 1, handler: __TI_decompress_lzss
	index: 2, handler: __TI_decompress_none


GLOBAL SYMBOLS: SORTED ALPHABETICALLY BY Name 

address   name                          
-------   ----                          
00003931  C$$EXIT                       
000038f9  CPUcpsie                      
00000bc3  GPIOF_Handler                 
000038db  IntMasterEnable               
00003729  IntRegister                   
00003905  ResetISR                      
000022df  UART1_Handler                 
20001270  __STACK_END                   
00001000  __STACK_SIZE                  
20000470  __STACK_TOP                   
00001000  __SYSMEM_SIZE                 
00003a88  __TI_CINIT_Base               
00003aa0  __TI_CINIT_Limit              
00003a68  __TI_Handler_Table_Base       
00003a74  __TI_Handler_Table_Limit      
000035f5  __TI_auto_init_nobinit_nopinit
00003341  __TI_decompress_lzss          
000038eb  __TI_decompress_none          
000034bb  __TI_ltoa                     
ffffffff  __TI_pprof_out_hndl           
00000e8d  __TI_printfi                  
ffffffff  __TI_prof_data_size           
ffffffff  __TI_prof_data_start          
00000000  __TI_static_base__            
000037e9  __TI_zero_init_nomemset       
0000306d  __aeabi_cdcmpeq               
0000306d  __aeabi_cdcmple               
000030f3  __aeabi_cdrcmple              
000032d3  __aeabi_d2f                   
000035ad  __aeabi_d2iz                  
00002553  __aeabi_dadd                  
0000283d  __aeabi_ddiv                  
00002ca9  __aeabi_dmul                  
00002549  __aeabi_dsub                  
0000391d  __aeabi_errno_addr            
000036f1  __aeabi_f2d                   
00003791  __aeabi_i2d                   
000026ff  __aeabi_idiv0                 
000026ff  __aeabi_ldiv0                 
00003179  __aeabi_memclr                
00003179  __aeabi_memclr4               
00003179  __aeabi_memclr8               
00002f3b  __aeabi_memcpy                
00002f3b  __aeabi_memcpy4               
00002f3b  __aeabi_memcpy8               
0000317b  __aeabi_memset                
0000317b  __aeabi_memset4               
0000317b  __aeabi_memset8               
00002fd7  __aeabi_uldivmod              
ffffffff  __binit__                     
ffffffff  __c_args__                    
UNDEFED   __mpu_init                    
20000270  __stack                       
20000000  __start___llvm_prf_cnts       
20000000  __stop___llvm_prf_cnts        
0000375d  _c_int00_noargs               
00003934  _ctypes_                      
20002290  _lock                         
000018db  _nop                          
200022ac  _running                      
20001270  _sys_memory                   
UNDEFED   _system_post_cinit            
0000392d  _system_pre_init              
200022c8  _timeout_ticks                
20002294  _unlock                       
00003931  abort                         
00002ba9  aligned_alloc                 
00003561  atoi                          
ffffffff  binit                         
000036b9  calloc                        
200022a0  command_byte                  
200022a4  command_flag                  
0000383d  copysign                      
0000383d  copysignl                     
200022a8  errno                         
00002da5  free                          
000033a9  frexp                         
000033a9  frexpl                        
20000000  g_pfnRAMVectors               
00000000  g_pfnVectors                  
0000097f  go_charge                     
00002a99  ldexp                         
00002a99  ldexpl                        
0000340d  main                          
00003925  malloc                        
00002ba9  memalign                      
00003821  memccpy                       
00002f3b  memcpy                        
00003181  memset                        
20002270  motor_cal_factor_L            
20002274  motor_cal_factor_R            
00001ab5  move_backward                 
000018dd  move_forward                  
0000026d  oi_alloc                      
00000aa9  oi_checkFirmware              
000002c7  oi_close                      
00000279  oi_free                       
00000ded  oi_getMotorCalibrationLeft    
00000e01  oi_getMotorCalibrationRight   
000002b1  oi_init                       
00000289  oi_init_noupdate              
00000915  oi_loadSong                   
0000386f  oi_parseInt                   
0000032b  oi_parsePacket                
0000096b  oi_play_song                  
0000084b  oi_setLeds                    
00000db1  oi_setMotorCalibration        
0000088f  oi_setWheels                  
00000b51  oi_shutoff_init               
0000098d  oi_uartInit                   
00000a31  oi_uartReceive                
00000a77  oi_uartSendBuff               
00000a15  oi_uartSendChar               
00000a59  oi_uartSendStr                
000002d9  oi_update                     
00002a99  scalbn                        
00002a99  scalbnl                       
00003639  sprintf                       
0000389f  strchr                        
00003887  strcmp                        
000038b5  strlen                        
00002073  timer_getMicros               
0000201b  timer_getMillis               
00001f55  timer_init                    
00001ff7  timer_pause                   
00002009  timer_resume                  
00001fcd  timer_stop                    
000020cd  timer_waitMicros              
000020ff  timer_waitMillis              
00001bc7  turn_left                     
00001b37  turn_right                    
0000219d  uart_interrupt_init           
00002273  uart_receive                  
00002299  uart_receive_nonblocking      
00002257  uart_sendChar                 
000022b7  uart_sendStr                  
000038c9  wcslen                        


GLOBAL SYMBOLS: SORTED BY Symbol Address 

address   name                          
-------   ----                          
00000000  __TI_static_base__            
00000000  g_pfnVectors                  
0000026d  oi_alloc                      
00000279  oi_free                       
00000289  oi_init_noupdate              
000002b1  oi_init                       
000002c7  oi_close                      
000002d9  oi_update                     
0000032b  oi_parsePacket                
0000084b  oi_setLeds                    
0000088f  oi_setWheels                  
00000915  oi_loadSong                   
0000096b  oi_play_song                  
0000097f  go_charge                     
0000098d  oi_uartInit                   
00000a15  oi_uartSendChar               
00000a31  oi_uartReceive                
00000a59  oi_uartSendStr                
00000a77  oi_uartSendBuff               
00000aa9  oi_checkFirmware              
00000b51  oi_shutoff_init               
00000bc3  GPIOF_Handler                 
00000db1  oi_setMotorCalibration        
00000ded  oi_getMotorCalibrationLeft    
00000e01  oi_getMotorCalibrationRight   
00000e8d  __TI_printfi                  
00001000  __STACK_SIZE                  
00001000  __SYSMEM_SIZE                 
000018db  _nop                          
000018dd  move_forward                  
00001ab5  move_backward                 
00001b37  turn_right                    
00001bc7  turn_left                     
00001f55  timer_init                    
00001fcd  timer_stop                    
00001ff7  timer_pause                   
00002009  timer_resume                  
0000201b  timer_getMillis               
00002073  timer_getMicros               
000020cd  timer_waitMicros              
000020ff  timer_waitMillis              
0000219d  uart_interrupt_init           
00002257  uart_sendChar                 
00002273  uart_receive                  
00002299  uart_receive_nonblocking      
000022b7  uart_sendStr                  
000022df  UART1_Handler                 
00002549  __aeabi_dsub                  
00002553  __aeabi_dadd                  
000026ff  __aeabi_idiv0                 
000026ff  __aeabi_ldiv0                 
0000283d  __aeabi_ddiv                  
00002a99  ldexp                         
00002a99  ldexpl                        
00002a99  scalbn                        
00002a99  scalbnl                       
00002ba9  aligned_alloc                 
00002ba9  memalign                      
00002ca9  __aeabi_dmul                  
00002da5  free                          
00002f3b  __aeabi_memcpy                
00002f3b  __aeabi_memcpy4               
00002f3b  __aeabi_memcpy8               
00002f3b  memcpy                        
00002fd7  __aeabi_uldivmod              
0000306d  __aeabi_cdcmpeq               
0000306d  __aeabi_cdcmple               
000030f3  __aeabi_cdrcmple              
00003179  __aeabi_memclr                
00003179  __aeabi_memclr4               
00003179  __aeabi_memclr8               
0000317b  __aeabi_memset                
0000317b  __aeabi_memset4               
0000317b  __aeabi_memset8               
00003181  memset                        
000032d3  __aeabi_d2f                   
00003341  __TI_decompress_lzss          
000033a9  frexp                         
000033a9  frexpl                        
0000340d  main                          
000034bb  __TI_ltoa                     
00003561  atoi                          
000035ad  __aeabi_d2iz                  
000035f5  __TI_auto_init_nobinit_nopinit
00003639  sprintf                       
000036b9  calloc                        
000036f1  __aeabi_f2d                   
00003729  IntRegister                   
0000375d  _c_int00_noargs               
00003791  __aeabi_i2d                   
000037e9  __TI_zero_init_nomemset       
00003821  memccpy                       
0000383d  copysign                      
0000383d  copysignl                     
0000386f  oi_parseInt                   
00003887  strcmp                        
0000389f  strchr                        
000038b5  strlen                        
000038c9  wcslen                        
000038db  IntMasterEnable               
000038eb  __TI_decompress_none          
000038f9  CPUcpsie                      
00003905  ResetISR                      
0000391d  __aeabi_errno_addr            
00003925  malloc                        
0000392d  _system_pre_init              
00003931  C$$EXIT                       
00003931  abort                         
00003934  _ctypes_                      
00003a68  __TI_Handler_Table_Base       
00003a74  __TI_Handler_Table_Limit      
00003a88  __TI_CINIT_Base               
00003aa0  __TI_CINIT_Limit              
20000000  __start___llvm_prf_cnts       
20000000  __stop___llvm_prf_cnts        
20000000  g_pfnRAMVectors               
20000270  __stack                       
20000470  __STACK_TOP                   
20001270  __STACK_END                   
20001270  _sys_memory                   
20002270  motor_cal_factor_L            
20002274  motor_cal_factor_R            
20002290  _lock                         
20002294  _unlock                       
200022a0  command_byte                  
200022a4  command_flag                  
200022a8  errno                         
200022ac  _running                      
200022c8  _timeout_ticks                
ffffffff  __TI_pprof_out_hndl           
ffffffff  __TI_prof_data_size           
ffffffff  __TI_prof_data_start          
ffffffff  __binit__                     
ffffffff  __c_args__                    
ffffffff  binit                         
UNDEFED   __mpu_init                    
UNDEFED   _system_post_cinit            

[137 symbols]
